Microchip MPLAB XC8 Compiler V2.36

Linker command line:

-W-3 --edf=/Applications/microchip/xc8/v2.36/pic/dat/en_msgs.txt -cn \
  -h+dist/Config_2/production/Bobinadora.X.production.sym \
  --cmf=dist/Config_2/production/Bobinadora.X.production.cmf -z -Q18F25K50 \
  -o/tmp/xcNtGSnb4 --defsym=__MPLAB_BUILD=1 \
  -Mdist/Config_2/production/Bobinadora.X.production.map \
  --md=/tmp/xcBtSyl7x.dat -E1 -ver=XC8 Compiler --acfsm=1493 \
  -ACODE=00h-07FFFh -ACONST=00h-07FFFh -ASMALLCONST=0800h-08FFhx120 \
  -AMEDIUMCONST=0800h-07FFFh -ACOMRAM=01h-05Fh -AABS1=00h-07FFh \
  -ABIGRAM=01h-07FFh -ARAM=060h-0FFh,0100h-01FFhx7 -ABANK0=060h-0FFh \
  -ABANK1=0100h-01FFh -ABANK2=0200h-02FFh -ABANK3=0300h-03FFh \
  -ABANK4=0400h-04FFh -ABANK5=0500h-05FFh -ABANK6=0600h-06FFh \
  -ABANK7=0700h-07FFh -ASFR=0F53h-0F5Fh,0F60h-0FFFh -ABIGSFR=0F53h-0FFFh \
  -ACONFIG=0300000h-030000Dh -AIDLOC=0200000h-0200007h \
  -AEEDATA=0F00000h-0F000FFh -peeprom_data=EEDATA \
  -preset_vec=00h,intcode=08h,intcodelo,powerup,init -pramtop=0800h \
  -psmallconst=SMALLCONST -pmediumconst=MEDIUMCONST -pconst=CONST \
  -AFARRAM=00h-00h \
  -prdata=COMRAM,nvrram=COMRAM,nvbit=COMRAM,rbss=COMRAM,rbit=COMRAM \
  -pfarbss=FARRAM,fardata=FARRAM,nvFARRAM=FARRAM \
  -pintsave_regs=BIGRAM,bigbss=BIGRAM,bigdata=BIGRAM -pbss=RAM \
  -pidata=CODE,irdata=CODE,ibigdata=CODE,ifardata=CODE -prparam=COMRAM \
  /tmp/xcdImtmum.o dist/Config_2/production/Bobinadora.X.production.o 

Object code version is 3.11

Machine type is 18F25K50



                Name                               Link     Load   Length Selector   Space Scale
/tmp/xcdImtmum.o
                idloc                            200000   200000        8        0       5
                config                           300000   300000        E        0       4
                init                                 AC       AC        4        4       0
                reset_vec                             0        0        4        0       0
dist/Config_2/production/Bobinadora.X.production.o
                intcode                               8        8       A4        4       0
                idloc                            200000   200000        8        0       5
                config                           300000   300000        E        0       4
                temp                                 5F       5F        1        1       1
                smallconst                          800      800       F0      400       0
                text159                             30E      30E       2A        4       0
                text158                            7DB0     7DB0       40      478       0
                text157                             47A      47A       1E        4       0
                text156                             5D2      5D2        A        4       0
                text155                            3AD4     3AD4      288      478       0
                text154                            676C     676C       D0      478       0
                text153                            2950     2950      32C      478       0
                text152                            2F8A     2F8A      30C      478       0
                text151                            7C20     7C20       46      478       0
                text150                            5098     5098      140      478       0
                text149                             620      620        2      2F6       0
                text148                            359E     359E      2AC      478       0
                text147                             458      458       22        4       0
                text146                             5C8      5C8        A        4       0
                text145                             174      174       30        4       0
                text144                             61E      61E        2      2F6       0
                text143                             2E2      2E2       2C        4       0
                text142                            7A02     7A02       52      478       0
                text141                             5DC      5DC        8        4       0
                text140                             616      616        4      2F6       0
                text139                            6B52     6B52       BA      478       0
                text138                            772A     772A       64      478       0
                text137                             61C      61C        2      2F6       0
                text136                            3296     3296      308      478       0
                text135                             3CE      3CE       24        4       0
                text134                             61A      61A        2      2F6       0
                text133                             4EC      4EC       1C        4       0
                text132                             144      144       30        4       0
                text131                            6422     6422       D4      478       0
                text130                            69D6     69D6       C0      478       0
                text129                            690A     690A       CC      478       0
                text128                            5D8E     5D8E      108      478       0
                text127                            778E     778E       5E      478       0
                text126                            732A     732A       94      478       0
                text125                            7ED8     7ED8       38      478       0
                text124                            5F92     5F92       FA      478       0
                text123                            765C     765C       68      478       0
                text122                            6A96     6A96       BC      478       0
                text121                            7848     7848       5C      478       0
                text120                            3FC4     3FC4      266      478       0
                text119                            5314     5314      136      478       0
                text118                            6E30     6E30       B4      478       0
                text117                            557C     557C      132      478       0
                text116                            669A     669A       D2      478       0
                text115                            6260     6260       E2      478       0
                text114                            7030     7030       9E      478       0
                text113                            608C     608C       EE      478       0
                text112                            73BE     73BE       92      478       0
                text111                            7CAA     7CAA       44      478       0
                text110                            7200     7200       96      478       0
                text109                             436      436       22        4       0
                text108                            7CEE     7CEE       42      478       0
                text107                             25C      25C       2E        4       0
                text106                            7F46     7F46       36      478       0
                text105                            56AE     56AE      130      478       0
                text104                            590C     590C      128      478       0
                text102                            5E96     5E96       FC      478       0
                text101                            5B58     5B58      122      478       0
                text100                             3AA      3AA       24        4       0
                text99                              386      386       24        4       0
                text98                              22E      22E       2E        4       0
                text97                             7C66     7C66       44      478       0
                text96                             78FE     78FE       5A      478       0
                text95                             7296     7296       94      478       0
                text94                              414      414       22        4       0
                text93                             544A     544A      132      478       0
                text92                              200      200       2E        4       0
                text91                              612      612        4      2F6       0
                text90                              60E      60E        4      2F6       0
                text89                              338      338       28        4       0
                text88                              360      360       26        4       0
                text87                               E2       E2       32        4       0
                text86                             7D70     7D70       40      478       0
                text85                             5C7A     5C7A      114      478       0
                text84                             7FFE     7FFE        2      478       0
                text83                             6F90     6F90       A0      478       0
                text82                             70CE     70CE       9C      478       0
                text81                             4E0C     4E0C      148      478       0
                text80                             5A34     5A34      124      478       0
                text79                               B0       B0       32        4       0
                text78                             7EA0     7EA0       38      478       0
                text77                              1D2      1D2       2E        4       0
                text76                             716A     716A       96      478       0
                text75                             3D5C     3D5C      268      478       0
                text74                             7568     7568       84      478       0
                text73                             75EC     75EC       70      478       0
                text72                             384A     384A      28A      478       0
                text71                             74DC     74DC       8C      478       0
                text70                             65C8     65C8       D2      478       0
                text69                             25A0     25A0      3B0      478       0
                text68                              114      114       30        4       0
                text67                             2C7C     2C7C      30E      478       0
                text66                             7BD8     7BD8       48      478       0
                text65                             64F6     64F6       D2      478       0
                text64                             683C     683C       CE      478       0
                text63                             4B12     4B12      1AA      478       0
                text62                             79AE     79AE       54      478       0
                text61                             7FAE     7FAE       32      478       0
                text60                             7E2E     7E2E       3A      478       0
                text59                             15C8     15C8      A7E      478       0
                text58                             4CBC     4CBC      150      478       0
                text57                             617A     617A       E6      478       0
                text56                             2046     2046      55A      478       0
                text55                             78A4     78A4       5A      478       0
                text54                             7B42     7B42       4C      478       0
                text53                             7F10     7F10       36      478       0
                text52                             7AA4     7AA4       50      478       0
                text51                             7A54     7A54       50      478       0
                text50                             6CC4     6CC4       B8      478       0
                text49                             422A     422A      25C      478       0
                text48                             7B8E     7B8E       4A      478       0
                text47                              5BE      5BE        A        4       0
                text46                              5B4      5B4        A        4       0
                text45                              60A      60A        4      2F6       0
                text44                              5AA      5AA        A        4       0
                text43                             4F54     4F54      144      478       0
                text42                             76C4     76C4       66      478       0
                text41                             4486     4486      246      478       0
                text40                             46CC     46CC      232      478       0
                text39                             6C0C     6C0C       B8      478       0
                text38                              580      580        C        4       0
                text37                              566      566        E        4       0
                text36                              558      558        E        4       0
                text35                              606      606        4      2F6       0
                text34                             51D8     51D8      13C      478       0
                text33                              5EC      5EC        6      2F6       0
                text32                             7958     7958       56      478       0
                text31                             77EC     77EC       5C      478       0
                text30                              3F2      3F2       22        4       0
                text29                             7F7C     7F7C       32      478       0
                text28                             7E68     7E68       38      478       0
                text27                              8F0      8F0      CD8      478       0
                text26                             6342     6342       E0      478       0
                text25                             7450     7450       8C      478       0
                text24                             48FE     48FE      214      478       0
                text23                              4D0      4D0       1C        4       0
                text22                              534      534       16        4       0
                text21                              54A      54A        E        4       0
                text20                              602      602        4      2F6       0
                text19                              51E      51E       16        4       0
                text18                              5A0      5A0        A        4       0
                text17                             7D30     7D30       40      478       0
                text16                              596      596        A        4       0
                text15                             7DF0     7DF0       3E      478       0
                text14                              4B4      4B4       1C        4       0
                text13                             7FE0     7FE0       1E      478       0
                text12                              58C      58C        A        4       0
                text11                              2B6      2B6       2C        4       0
                text10                              28A      28A       2C        4       0
                text9                              57DE     57DE      12E      478       0
                text8                               1A4      1A4       2E        4       0
                text7                               5FE      5FE        4      2F6       0
                text6                               5FA      5FA        4      2F6       0
                text5                              7AF4     7AF4       4E      478       0
                text4                               508      508       16        4       0
                text3                               574      574        C        4       0
                text2                               5F6      5F6        4      2F6       0
                text1                               498      498       1C        4       0
                text0                              6D7C     6D7C       B4      478       0
                cstackCOMRAM                          1        1       5A        1       1
                cstackBANK0                          60       60       48       60       1
                cstackBANK1                         100      100       BF      100       1
                cstackBANK2                         200      200       AE      200       1
                bssBIGRAMl                          580      580      280      580       1
                dataBANK3                           3C8      3C8        7      300       1
                bssBANK3                            300      300       C8      300       1
                dataBANK2                           2FA      2FA        4      200       1
                bssBANK2                            2AE      2AE       4C      200       1
                bssBANK1                            1BF      1BF       26      100       1
                dataBANK0                            D3       D3        1       60       1
                bssBANK0                             A8       A8       2B       60       1
                bssCOMRAM                            5B       5B        4        1       1
                cinit                              6EE4     6EE4       AC      478       0
                nvBANK2                             2FE      2FE        2      200       1
                idataBANK3                          5E4      5E4        7        4       0
                idataBANK2                          5F2      5F2        4      2F6       0
                idataBANK0                          622      622        1      2F6       0

TOTAL           Name                               Link     Load   Length     Space
        CLASS   CODE           
                intcode                               8        8       A4         0
                init                                 AC       AC        4         0
                reset_vec                             0        0        4         0
                text159                             30E      30E       2A         0
                text158                            7DB0     7DB0       40         0
                text157                             47A      47A       1E         0
                text156                             5D2      5D2        A         0
                text155                            3AD4     3AD4      288         0
                text154                            676C     676C       D0         0
                text153                            2950     2950      32C         0
                text152                            2F8A     2F8A      30C         0
                text151                            7C20     7C20       46         0
                text150                            5098     5098      140         0
                text149                             620      620        2         0
                text148                            359E     359E      2AC         0
                text147                             458      458       22         0
                text146                             5C8      5C8        A         0
                text145                             174      174       30         0
                text144                             61E      61E        2         0
                text143                             2E2      2E2       2C         0
                text142                            7A02     7A02       52         0
                text141                             5DC      5DC        8         0
                text140                             616      616        4         0
                text139                            6B52     6B52       BA         0
                text138                            772A     772A       64         0
                text137                             61C      61C        2         0
                text136                            3296     3296      308         0
                text135                             3CE      3CE       24         0
                text134                             61A      61A        2         0
                text133                             4EC      4EC       1C         0
                text132                             144      144       30         0
                text131                            6422     6422       D4         0
                text130                            69D6     69D6       C0         0
                text129                            690A     690A       CC         0
                text128                            5D8E     5D8E      108         0
                text127                            778E     778E       5E         0
                text126                            732A     732A       94         0
                text125                            7ED8     7ED8       38         0
                text124                            5F92     5F92       FA         0
                text123                            765C     765C       68         0
                text122                            6A96     6A96       BC         0
                text121                            7848     7848       5C         0
                text120                            3FC4     3FC4      266         0
                text119                            5314     5314      136         0
                text118                            6E30     6E30       B4         0
                text117                            557C     557C      132         0
                text116                            669A     669A       D2         0
                text115                            6260     6260       E2         0
                text114                            7030     7030       9E         0
                text113                            608C     608C       EE         0
                text112                            73BE     73BE       92         0
                text111                            7CAA     7CAA       44         0
                text110                            7200     7200       96         0
                text109                             436      436       22         0
                text108                            7CEE     7CEE       42         0
                text107                             25C      25C       2E         0
                text106                            7F46     7F46       36         0
                text105                            56AE     56AE      130         0
                text104                            590C     590C      128         0
                text102                            5E96     5E96       FC         0
                text101                            5B58     5B58      122         0
                text100                             3AA      3AA       24         0
                text99                              386      386       24         0
                text98                              22E      22E       2E         0
                text97                             7C66     7C66       44         0
                text96                             78FE     78FE       5A         0
                text95                             7296     7296       94         0
                text94                              414      414       22         0
                text93                             544A     544A      132         0
                text92                              200      200       2E         0
                text91                              612      612        4         0
                text90                              60E      60E        4         0
                text89                              338      338       28         0
                text88                              360      360       26         0
                text87                               E2       E2       32         0
                text86                             7D70     7D70       40         0
                text85                             5C7A     5C7A      114         0
                text84                             7FFE     7FFE        2         0
                text83                             6F90     6F90       A0         0
                text82                             70CE     70CE       9C         0
                text81                             4E0C     4E0C      148         0
                text80                             5A34     5A34      124         0
                text79                               B0       B0       32         0
                text78                             7EA0     7EA0       38         0
                text77                              1D2      1D2       2E         0
                text76                             716A     716A       96         0
                text75                             3D5C     3D5C      268         0
                text74                             7568     7568       84         0
                text73                             75EC     75EC       70         0
                text72                             384A     384A      28A         0
                text71                             74DC     74DC       8C         0
                text70                             65C8     65C8       D2         0
                text69                             25A0     25A0      3B0         0
                text68                              114      114       30         0
                text67                             2C7C     2C7C      30E         0
                text66                             7BD8     7BD8       48         0
                text65                             64F6     64F6       D2         0
                text64                             683C     683C       CE         0
                text63                             4B12     4B12      1AA         0
                text62                             79AE     79AE       54         0
                text61                             7FAE     7FAE       32         0
                text60                             7E2E     7E2E       3A         0
                text59                             15C8     15C8      A7E         0
                text58                             4CBC     4CBC      150         0
                text57                             617A     617A       E6         0
                text56                             2046     2046      55A         0
                text55                             78A4     78A4       5A         0
                text54                             7B42     7B42       4C         0
                text53                             7F10     7F10       36         0
                text52                             7AA4     7AA4       50         0
                text51                             7A54     7A54       50         0
                text50                             6CC4     6CC4       B8         0
                text49                             422A     422A      25C         0
                text48                             7B8E     7B8E       4A         0
                text47                              5BE      5BE        A         0
                text46                              5B4      5B4        A         0
                text45                              60A      60A        4         0
                text44                              5AA      5AA        A         0
                text43                             4F54     4F54      144         0
                text42                             76C4     76C4       66         0
                text41                             4486     4486      246         0
                text40                             46CC     46CC      232         0
                text39                             6C0C     6C0C       B8         0
                text38                              580      580        C         0
                text37                              566      566        E         0
                text36                              558      558        E         0
                text35                              606      606        4         0
                text34                             51D8     51D8      13C         0
                text33                              5EC      5EC        6         0
                text32                             7958     7958       56         0
                text31                             77EC     77EC       5C         0
                text30                              3F2      3F2       22         0
                text29                             7F7C     7F7C       32         0
                text28                             7E68     7E68       38         0
                text27                              8F0      8F0      CD8         0
                text26                             6342     6342       E0         0
                text25                             7450     7450       8C         0
                text24                             48FE     48FE      214         0
                text23                              4D0      4D0       1C         0
                text22                              534      534       16         0
                text21                              54A      54A        E         0
                text20                              602      602        4         0
                text19                              51E      51E       16         0
                text18                              5A0      5A0        A         0
                text17                             7D30     7D30       40         0
                text16                              596      596        A         0
                text15                             7DF0     7DF0       3E         0
                text14                              4B4      4B4       1C         0
                text13                             7FE0     7FE0       1E         0
                text12                              58C      58C        A         0
                text11                              2B6      2B6       2C         0
                text10                              28A      28A       2C         0
                text9                              57DE     57DE      12E         0
                text8                               1A4      1A4       2E         0
                text7                               5FE      5FE        4         0
                text6                               5FA      5FA        4         0
                text5                              7AF4     7AF4       4E         0
                text4                               508      508       16         0
                text3                               574      574        C         0
                text2                               5F6      5F6        4         0
                text1                               498      498       1C         0
                text0                              6D7C     6D7C       B4         0
                cinit                              6EE4     6EE4       AC         0
                idataBANK3                          5E4      5E4        7         0
                idataBANK2                          5F2      5F2        4         0
                idataBANK0                          622      622        1         0

        CLASS   CONST          

        CLASS   SMALLCONST     
                smallconst                          800      800       F0         0

        CLASS   MEDIUMCONST    

        CLASS   COMRAM         
                temp                                 5F       5F        1         1
                cstackCOMRAM                          1        1       5A         1
                bssCOMRAM                            5B       5B        4         1

        CLASS   ABS1           
                abs_s1                              400      400       40         1
                abs_s1                              500      500       80         1

        CLASS   BIGRAM         
                bssBIGRAMl                          580      580      280         1

        CLASS   RAM            

        CLASS   BANK0          
                cstackBANK0                          60       60       48         1
                dataBANK0                            D3       D3        1         1
                bssBANK0                             A8       A8       2B         1

        CLASS   BANK1          
                cstackBANK1                         100      100       BF         1
                bssBANK1                            1BF      1BF       26         1

        CLASS   BANK2          
                cstackBANK2                         200      200       AE         1
                dataBANK2                           2FA      2FA        4         1
                bssBANK2                            2AE      2AE       4C         1
                nvBANK2                             2FE      2FE        2         1

        CLASS   BANK3          
                dataBANK3                           3C8      3C8        7         1
                bssBANK3                            300      300       C8         1

        CLASS   BANK4          

        CLASS   BANK5          

        CLASS   BANK6          

        CLASS   BANK7          

        CLASS   SFR            

        CLASS   BIGSFR         

        CLASS   CONFIG         
                config                           300000   300000        E         4

        CLASS   IDLOC          
                idloc                            200000   200000        8         5

        CLASS   EEDATA         

        CLASS   FARRAM         

        CLASS   HEAP           

        CLASS   STACK          



SEGMENTS        Name                           Load    Length   Top    Selector   Space  Class

                cstackBANK2                    000200  000100  000300       200       1  BANK2   
                reset_vec                      000000  000004  000004         0       0  CODE    
                cstackBANK1                    000100  0000E5  0001E5       100       1  BANK1   
                bssBANK3                       000300  0000CF  0003CF       300       1  BANK3   
                text27                         0008F0  007710  008000       478       0  CODE    
                text33                         0005EC  000037  000623       2F6       0  CODE    
                bssBIGRAMl                     000580  000280  000800       580       1  BIGRAM  
                smallconst                     000800  0000F0  0008F0       400       0  SMALLCON
                intcode                        000008  0005E3  0005EB         4       0  CODE    
                cstackCOMRAM                   000001  00005F  000060         1       1  COMRAM  
                cstackBANK0                    000060  000074  0000D4        60       1  BANK0   


UNUSED ADDRESS RANGES

        Name                Unused          Largest block    Delta
        BANK0            0000D4-0000FF               2C
        BANK1            0001E5-0001FF               1B
        BANK3            0003CF-0003FF               31
        BANK4            000440-0004FF               C0
        BIGRAM           0000D4-0000FF               2C
                         0001E5-0001FF               1B
                         0003CF-0003FF               31
                         000440-0004FF               C0
        BIGSFR           000F53-000FFF               AD
        CODE             000004-000007                4
                         0005EB-0005EB                1
                         000623-0007FF              1DD
        CONST            000004-000007                4
                         0005EB-0005EB                1
                         000623-0007FF              1DD
        EEDATA           F00000-F000FF              100
        RAM              0000D4-0000FF               2C
                         0001E5-0001FF               1B
                         0003CF-0003FF               31
                         000440-0004FF               C0
        SFR              000F53-000FFF                D

                                  Symbol Table

?_ADC_GetConversionResult                  cstackBANK0  00008C
?_TMR0_ReadTimer                           cstackCOMRAM 000001
?_USBTransferOnePacket                     cstackBANK0  00008C
?___aodiv                                  cstackBANK0  00008C
?___aomod                                  cstackBANK0  00008C
?___awdiv                                  cstackBANK0  00008C
?___awmod                                  cstackBANK0  00008C
?___fladd                                  cstackBANK0  00008C
?___fldiv                                  cstackBANK1  00010D
?___flmul                                  cstackBANK0  00009A
?___flneg                                  cstackBANK0  00008C
?___flsub                                  cstackBANK1  00010D
?___fltol                                  cstackBANK1  000126
?___fpclassifyf                            cstackBANK0  00008C
?___lmul                                   cstackBANK0  00008C
?___lwdiv                                  cstackCOMRAM 000001
?___wmul                                   cstackBANK0  00008C
?___xxtofl                                 cstackBANK0  00008C
?_abs                                      cstackBANK0  00009E
?_atoi                                     cstackBANK0  000093
?_ctoa                                     cstackBANK0  000095
?_dtoa                                     cstackBANK1  000100
?_efgtoa                                   cstackBANK1  00013A
?_floorf                                   cstackBANK1  000126
?_isdigit                                  cstackBANK0  00008C
?_islower                                  cstackBANK0  00008C
?_isspace                                  cstackBANK0  00008C
?_isupper                                  cstackBANK0  00008C
?_isxdigit                                 cstackBANK0  000092
?_nanf                                     cstackBANK0  00008C
?_pad                                      cstackBANK0  00009C
?_sprintf                                  cstackBANK1  00019C
?_stoa                                     cstackBANK0  000095
?_strchr                                   cstackBANK0  00008C
?_strcspn                                  cstackBANK0  000091
?_strlen                                   cstackBANK0  00008C
?_strncmp                                  cstackBANK0  00008C
?_strspn                                   cstackBANK0  000091
?_strtof                                   cstackBANK1  000132
?_strtok                                   cstackBANK0  000098
?_tolower                                  cstackBANK0  000092
?_toupper                                  cstackBANK0  000092
?_vfpfcnvrt                                cstackBANK1  000178
?_vfprintf                                 cstackBANK1  000196
?i2_USBTransferOnePacket                   cstackCOMRAM 000001
?i2___fladd                                cstackCOMRAM 000041
?i2___fldiv                                cstackCOMRAM 00000F
?i2___flmul                                cstackCOMRAM 000028
?i2___flsub                                cstackCOMRAM 000051
?i2___fltol                                cstackCOMRAM 000041
?i2___xxtofl                               cstackCOMRAM 000001
ADC_SelectChannel@channel                  cstackBANK0  00008D
CDCTxService@byte_to_send                  cstackBANK0  000096
CDCTxService@i                             cstackBANK0  000095
DireccionRotor@dir                         cstackBANK0  00008C
Encoder_ISR@a                              cstackBANK0  000060
Encoder_ISR@salida                         cstackBANK0  00006C
Encoder_ISR@tics                           cstackBANK0  000070
Encoder_ISR@tmr0                           cstackBANK0  00006A
Encoder_ISR@y                              cstackBANK0  000074
FilaPop@str                                cstackBANK0  000097
Fila_Agregar@comando                       cstackBANK0  000097
Fila_Agregar@nBytes                        cstackBANK0  000099
G01_TMR2_ISR@period                        cstackBANK0  000060
G_01@axis                                  cstackBANK1  00013C
G_01@distancia                             cstackBANK1  000142
G_01@i                                     cstackBANK1  000146
G_01@i_3943                                cstackBANK1  000148
G_01@n                                     cstackBANK1  00013E
G_53@axis                                  cstackBANK0  000092
G_53@i                                     cstackBANK0  000098
G_53@n                                     cstackBANK0  000094
G_97@axis                                  cstackBANK1  000126
G_97@n                                     cstackBANK1  000128
IOCC2_SetInterruptHandler@InterruptHandler cstackBANK0  00008C
MCC_USB_WRITE@nBytes                       cstackBANK0  000091
MCC_USB_WRITE@str                          cstackBANK0  00008F
M_3@axis                                   cstackBANK0  00008E
M_3@n                                      cstackBANK0  000090
M_4@axis                                   cstackBANK0  00008E
M_4@n                                      cstackBANK0  000090
M_5@axis                                   cstackBANK0  00008C
M_5@n                                      cstackBANK0  00008E
TMR0_ReadTimer@readVal                     cstackCOMRAM 000005
TMR0_ReadTimer@readValHigh                 cstackCOMRAM 000008
TMR0_ReadTimer@readValLow                  cstackCOMRAM 000007
TMR0_SetInterruptHandler@InterruptHandler  cstackBANK0  00008C
TMR0_WriteTimer@timerVal                   cstackCOMRAM 000001
TMR2_LoadPeriodRegister@periodVal          cstackBANK0  00008C
TMR2_SetInterruptHandler@InterruptHandler  cstackBANK0  00008C
TMR2_WriteTimer@timerVal                   cstackBANK0  00008C
TMR3_SetInterruptHandler@InterruptHandler  cstackBANK0  00008C
TMR3_WriteTimer@timerVal                   cstackCOMRAM 000001
USBCommandFetch@F5851                      dataBANK2    0002FA
USBCommandFetch@i                          cstackBANK2  000244
USBCommandFetch@lastTokenFlag              cstackBANK2  000242
USBCommandFetch@readTokens                 cstackBANK2  000200
USBCommandFetch@s                          cstackBANK2  000240
USBConfigureEndpoint@EPNum                 cstackCOMRAM 000006
USBConfigureEndpoint@direction             cstackCOMRAM 000001
USBConfigureEndpoint@handle                cstackCOMRAM 000007
USBCtrlTrfInHandler@lastDTS                cstackCOMRAM 000002
USBCtrlTrfRxService@byteToRead             cstackCOMRAM 000002
USBCtrlTrfRxService@i                      cstackCOMRAM 000001
USBCtrlTrfTxService@byteToSend             cstackCOMRAM 000001
USBDeviceInit@i                            cstackBANK0  000098
USBDeviceTasks@i                           cstackCOMRAM 00001F
USBEnableEndpoint@ep                       cstackCOMRAM 00000C
USBEnableEndpoint@options                  cstackCOMRAM 000009
USBEnableEndpoint@p                        cstackCOMRAM 00000A
USBStdFeatureReqHandler@current_ep_data    cstackCOMRAM 000019
USBStdFeatureReqHandler@p                  cstackCOMRAM 00001A
USBStdFeatureReqHandler@pUEP               cstackCOMRAM 000017
USBStdGetStatusHandler@p                   cstackCOMRAM 000003
USBStdSetCfgHandler@i                      cstackCOMRAM 000015
USBTransferOnePacket@data                  cstackBANK0  00008D
USBTransferOnePacket@dir                   cstackBANK0  00008C
USBTransferOnePacket@ep                    cstackBANK0  000092
USBTransferOnePacket@handle                cstackBANK0  000093
USBTransferOnePacket@len                   cstackBANK0  00008F
USER_USB_CALLBACK_EVENT_HANDLER@event      cstackCOMRAM 00000D
USER_USB_CALLBACK_EVENT_HANDLER@pdata      cstackCOMRAM 00000F
USER_USB_CALLBACK_EVENT_HANDLER@size       cstackCOMRAM 000011
_ACTCON                                    (abs)        000FB5
_ADCON0                                    (abs)        000FC2
_ADCON0bits                                (abs)        000FC2
_ADCON1                                    (abs)        000FC1
_ADCON2                                    (abs)        000FC0
_ADC_GetConversionResult                   text4        000508
_ADC_Initialize                            text22       000534
_ADC_InterruptHandler                      bssBANK2     0002D4
_ADC_IsConversionDone                      text3        000574
_ADC_SelectChannel                         text23       0004D0
_ADC_StartConversion                       text2        0005F6
_ADRESH                                    (abs)        000FC4
_ADRESL                                    (abs)        000FC3
_ANSELA                                    (abs)        000F5B
_ANSELB                                    (abs)        000F5C
_ANSELC                                    (abs)        000F5D
_Actualizar_angulo                         text158      007DB0
_BDT                                       (abs)        000400
_BaudRateGen                               bssBANK3     00030E
_BothEP0OutUOWNsSet                        bssBANK1     0001E0
_CCP2CON                                   (abs)        000F97
_CCP2_Initialize                           text21       00054A
_CCPR2H                                    (abs)        000F91
_CCPR2L                                    (abs)        000F90
_CDCDataInHandle                           bssBANK2     0002E0
_CDCDataOutHandle                          bssBANK1     0001CB
_CDCInitEP                                 text123      00765C
_CDCTxService                              text101      005B58
_CtrlTrfData                               (abs)        000438
_DireccionRotor                            text38       000580
_Encoder_ISR                               text148      00359E
_Encoder_ISR$5863                          cstackBANK0  000062
_Encoder_ISR$5864                          cstackBANK0  000066
_F                                         bssBANK2     0002D0
_FilaPop                                   text48       007B8E
_Fila_Agregar                              text96       0078FE
_Fila_Init                                 text92       000200
_G01_TMR2_ISR                              text136      003296
_G01_TMR2_ISR$5862                         cstackBANK0  000062
_G_01                                      text40       0046CC
_G_53                                      text39       006C0C
_G_97                                      text34       0051D8
_INTCON2bits                               (abs)        000FF1
_INTCONbits                                (abs)        000FF2
_INTERRUPT_Initialize                      text20       000602
_INTERRUPT_InterruptManager                intcode      000008
_IOCC2_DefaultInterruptHandler             text149      000620
_IOCC2_ISR                                 text147      000458
_IOCC2_InterruptHandler                    nvBANK2      0002FE
_IOCC2_SetInterruptHandler                 text18       0005A0
_IOCCbits                                  (abs)        000F87
_IPR3bits                                  (abs)        000FA5
_LATA                                      (abs)        000F89
_LATAbits                                  (abs)        000F89
_LATB                                      (abs)        000F8A
_LATBbits                                  (abs)        000F8A
_LATC                                      (abs)        000F8B
_LATCbits                                  (abs)        000F8B
_MCC_USB_READ                              text94       000414
_MCC_USB_WRITE                             text99       000386
_M_3                                       text37       000566
_M_4                                       text36       000558
_M_5                                       text33       0005EC
_OSCCON                                    (abs)        000FD3
_OSCCON2                                   (abs)        000FD2
_OSCILLATOR_Initialize                     text19       00051E
_OSCTUNE                                   (abs)        000F9B
_PIE1bits                                  (abs)        000F9D
_PIE2bits                                  (abs)        000FA0
_PIE3bits                                  (abs)        000FA3
_PIN_MANAGER_IOC                           text146      0005C8
_PIN_MANAGER_Initialize                    text17       007D30
_PIR1bits                                  (abs)        000F9E
_PIR2bits                                  (abs)        000FA1
_PIR3bits                                  (abs)        000FA4
_PLLRDY                                    (abs)        007E97
_PORTB                                     (abs)        000F81
_PORTBbits                                 (abs)        000F81
_PORTC                                     (abs)        000F82
_PORTCbits                                 (abs)        000F82
_PR2                                       (abs)        000FBB
_ParadaEmergencia                          text89       000338
_RCONbits                                  (abs)        000FD0
_RemoteWakeup                              bssBANK1     0001E2
_S                                         bssBANK2     0002F6
_SYSTEM_Initialize                         text8        0001A4
_S_CHANGE                                  bssBANK1     0001D3
_SetupPkt                                  (abs)        000430
_T0CON                                     (abs)        000FD5
_T0CONbits                                 (abs)        000FD5
_T1CON                                     (abs)        000FCD
_T1GCON                                    (abs)        000FCC
_T2CON                                     (abs)        000FBA
_T2CONbits                                 (abs)        000FBA
_T3CON                                     (abs)        000FB1
_T3CONbits                                 (abs)        000FB1
_T3GCON                                    (abs)        000FB4
_TMR0H                                     (abs)        000FD7
_TMR0L                                     (abs)        000FD6
_TMR0_DefaultInterruptHandler              text144      00061E
_TMR0_ISR                                  text143      0002E2
_TMR0_Initialize                           text15       007DF0
_TMR0_InterruptHandler                     bssBANK2     0002D6
_TMR0_ReadTimer                            text157      00047A
_TMR0_SetInterruptHandler                  text16       000596
_TMR0_StartTimer                           text7        0005FE
_TMR0_WriteTimer                           text156      0005D2
_TMR1                                      (abs)        000FCE
_TMR1H                                     (abs)        000FCF
_TMR1L                                     (abs)        000FCE
_TMR1_Initialize                           text14       0004B4
_TMR2                                      (abs)        000FBC
_TMR2_DefaultInterruptHandler              text137      00061C
_TMR2_ISR                                  text135      0003CE
_TMR2_Initialize                           text13       007FE0
_TMR2_InterruptHandler                     bssBANK2     0002DA
_TMR2_LoadPeriodRegister                   text46       0005B4
_TMR2_SetInterruptHandler                  text47       0005BE
_TMR2_StartTimer                           text45       00060A
_TMR2_StopTimer                            text91       000612
_TMR2_WriteTimer                           text44       0005AA
_TMR3                                      (abs)        000FB2
_TMR3H                                     (abs)        000FB3
_TMR3L                                     (abs)        000FB2
_TMR3_DefaultInterruptHandler              text134      00061A
_TMR3_ISR                                  text132      000144
_TMR3_Initialize                           text11       0002B6
_TMR3_InterruptHandler                     bssBANK2     0002DC
_TMR3_SetInterruptHandler                  text12       00058C
_TMR3_StopTimer                            text6        0005FA
_TMR3_WriteTimer                           text133      0004EC
_TRISA                                     (abs)        000F92
_TRISB                                     (abs)        000F93
_TRISC                                     (abs)        000F94
_Timing_TMR0_ISR                           text145      000174
_UADDR                                     (abs)        000F63
_UCFG                                      (abs)        000F62
_UCON                                      (abs)        000F60
_UCONbits                                  (abs)        000F60
_UEIE                                      (abs)        000F66
_UEIR                                      (abs)        000F67
_UEP0                                      (abs)        000F6A
_UEP0bits                                  (abs)        000F6A
_UEP1                                      (abs)        000F6B
_UIE                                       (abs)        000F64
_UIEbits                                   (abs)        000F64
_UIR                                       (abs)        000F65
_UIRbits                                   (abs)        000F65
_USB1msTickCount                           bssBANK2     0002C4
_USBActiveConfiguration                    bssBANK0     0000D2
_USBAlternateInterface                     bssBANK1     0001E3
_USBBusIsSuspended                         bssBANK1     0001E1
_USBCheckCDCRequest                        text122      006A96
_USBCheckStdRequest                        text115      006260
_USBCommandFetch                           text49       00422A
_USBConfigureEndpoint                      text126      00732A
_USBCtrlEPAllowDataStage                   text114      007030
_USBCtrlEPAllowStatusStage                 text129      00690A
_USBCtrlEPService                          text110      007200
_USBCtrlEPServiceComplete                  text113      00608C
_USBCtrlTrfInHandler                       text130      0069D6
_USBCtrlTrfOutHandler                      text127      00778E
_USBCtrlTrfRxService                       text128      005D8E
_USBCtrlTrfSetupHandler                    text112      0073BE
_USBCtrlTrfTxService                       text131      006422
_USBDeferINDataStagePackets                bssBANK1     0001DD
_USBDeferOUTDataStagePackets               bssBANK1     0001DC
_USBDeferStatusStagePacket                 bssBANK0     0000CD
_USBDeviceAttach                           text10       00028A
_USBDeviceInit                             text9        0057DE
_USBDeviceState                            bssCOMRAM    00005D
_USBDeviceTasks                            text104      00590C
_USBEnableEndpoint                         text125      007ED8
_USBIncrement1msInternalTimers             text109      000436
_USBStallHandler                           text108      007CEE
_USBStatusStageEnabledFlag1                bssBANK1     0001DF
_USBStatusStageEnabledFlag2                bssBANK1     0001DE
_USBStatusStageTimeoutCounter              bssBANK0     0000CE
_USBStdFeatureReqHandler                   text120      003FC4
_USBStdGetDscHandler                       text119      005314
_USBStdGetStatusHandler                    text118      006E30
_USBStdSetCfgHandler                       text116      00669A
_USBSuspend                                text107      00025C
_USBTicksSinceSuspendEnd                   bssBANK1     0001DB
_USBTransferOnePacket                      text102      005E96
_USBWakeFromSuspend                        text106      007F46
_USB_CD_Ptr                                smallconst   000804
_USB_SD_Ptr                                smallconst   000801
_USER_USB_CALLBACK_EVENT_HANDLER           text121      007848
_USTAT                                     (abs)        000F61
_USTATcopy                                 bssCOMRAM    00005E
_WPUB                                      (abs)        000F85
__HRAM                                     (abs)        000000
__Habs1                                    abs1         000000
__Hbank0                                   bank0        000000
__Hbank1                                   bank1        000000
__Hbank2                                   bank2        000000
__Hbank3                                   bank3        000000
__Hbank4                                   bank4        000000
__Hbank5                                   bank5        000000
__Hbank6                                   bank6        000000
__Hbank7                                   bank7        000000
__Hbigbss                                  bigbss       000000
__Hbigdata                                 bigdata      000000
__Hbigram                                  bigram       000000
__Hbigsfr                                  bigsfr       000000
__Hbss                                     bss          000000
__HbssBANK0                                bssBANK0     000000
__HbssBANK1                                bssBANK1     000000
__HbssBANK2                                bssBANK2     000000
__HbssBANK3                                bssBANK3     000000
__HbssBIGRAMl                              bssBIGRAMl   000000
__HbssCOMRAM                               bssCOMRAM    000000
__Hcinit                                   cinit        000000
__Hclrtext                                 clrtext      000000
__Hcomram                                  comram       000000
__Hconfig                                  config       30000E
__Hconst                                   const        000000
__HcstackBANK0                             cstackBANK0  000000
__HcstackBANK1                             cstackBANK1  000000
__HcstackBANK2                             cstackBANK2  000000
__HcstackCOMRAM                            cstackCOMRAM 000000
__Hdata                                    data         000000
__HdataBANK0                               dataBANK0    000000
__HdataBANK2                               dataBANK2    000000
__HdataBANK3                               dataBANK3    000000
__Heeprom_data                             eeprom_data  000000
__Hfarbss                                  farbss       000000
__Hfardata                                 fardata      000000
__Hheap                                    heap         000000
__Hibigdata                                ibigdata     000000
__Hidata                                   idata        000000
__HidataBANK0                              idataBANK0   000000
__HidataBANK2                              idataBANK2   000000
__HidataBANK3                              idataBANK3   000000
__Hidloc                                   idloc        200008
__Hifardata                                ifardata     000000
__Hinit                                    init         0000B0
__Hintcode                                 intcode      0000AC
__Hintcode_body                            intcode_body 000000
__Hintcodelo                               intcodelo    0000AC
__Hintentry                                intentry     000000
__Hintret                                  intret       000000
__Hintsave_regs                            intsave_regs 000000
__Hirdata                                  irdata       000000
__Hmediumconst                             mediumconst  000000
__HnvBANK2                                 nvBANK2      000000
__HnvFARRAM                                nvFARRAM     000000
__Hnvbit                                   nvbit        000000
__Hnvrram                                  nvrram       000000
__Hparam                                   rparam       000000
__Hpowerup                                 powerup      0000AC
__Hram                                     ram          000000
__Hramtop                                  ramtop       000800
__Hrbit                                    rbit         000000
__Hrbss                                    rbss         000000
__Hrdata                                   rdata        000000
__Hreset_vec                               reset_vec    000004
__Hrparam                                  rparam       000000
__Hsfr                                     sfr          000000
__Hsmallconst                              smallconst   0008F0
__Hspace_0                                 (abs)        008000
__Hspace_1                                 (abs)        000800
__Hspace_2                                 (abs)        000000
__Hspace_4                                 (abs)        60000E
__Hstack                                   stack        000000
__Hstruct                                  struct       000000
__Htemp                                    temp         000060
__Htext                                    text         000000
__Htext0                                   text0        000000
__Htext1                                   text1        000000
__Htext10                                  text10       000000
__Htext100                                 text100      000000
__Htext101                                 text101      000000
__Htext102                                 text102      000000
__Htext104                                 text104      000000
__Htext105                                 text105      000000
__Htext106                                 text106      000000
__Htext107                                 text107      000000
__Htext108                                 text108      000000
__Htext109                                 text109      000000
__Htext11                                  text11       000000
__Htext110                                 text110      000000
__Htext111                                 text111      000000
__Htext112                                 text112      000000
__Htext113                                 text113      000000
__Htext114                                 text114      000000
__Htext115                                 text115      000000
__Htext116                                 text116      000000
__Htext117                                 text117      000000
__Htext118                                 text118      000000
__Htext119                                 text119      000000
__Htext12                                  text12       000000
__Htext120                                 text120      000000
__Htext121                                 text121      000000
__Htext122                                 text122      000000
__Htext123                                 text123      000000
__Htext124                                 text124      000000
__Htext125                                 text125      000000
__Htext126                                 text126      000000
__Htext127                                 text127      000000
__Htext128                                 text128      000000
__Htext129                                 text129      000000
__Htext13                                  text13       000000
__Htext130                                 text130      000000
__Htext131                                 text131      000000
__Htext132                                 text132      000000
__Htext133                                 text133      000000
__Htext134                                 text134      000000
__Htext135                                 text135      000000
__Htext136                                 text136      000000
__Htext137                                 text137      000000
__Htext138                                 text138      000000
__Htext139                                 text139      000000
__Htext14                                  text14       000000
__Htext140                                 text140      000000
__Htext141                                 text141      000000
__Htext142                                 text142      000000
__Htext143                                 text143      000000
__Htext144                                 text144      000000
__Htext145                                 text145      000000
__Htext146                                 text146      000000
__Htext147                                 text147      000000
__Htext148                                 text148      000000
__Htext149                                 text149      000000
__Htext15                                  text15       000000
__Htext150                                 text150      000000
__Htext151                                 text151      000000
__Htext152                                 text152      000000
__Htext153                                 text153      000000
__Htext154                                 text154      000000
__Htext155                                 text155      000000
__Htext156                                 text156      000000
__Htext157                                 text157      000000
__Htext158                                 text158      000000
__Htext159                                 text159      000000
__Htext16                                  text16       000000
__Htext160                                 text160      000000
__Htext17                                  text17       000000
__Htext18                                  text18       000000
__Htext19                                  text19       000000
__Htext2                                   text2        000000
__Htext20                                  text20       000000
__Htext21                                  text21       000000
__Htext22                                  text22       000000
__Htext23                                  text23       000000
__Htext24                                  text24       000000
__Htext25                                  text25       000000
__Htext26                                  text26       000000
__Htext27                                  text27       000000
__Htext28                                  text28       000000
__Htext29                                  text29       000000
__Htext3                                   text3        000000
__Htext30                                  text30       000000
__Htext31                                  text31       000000
__Htext32                                  text32       000000
__Htext33                                  text33       000000
__Htext34                                  text34       000000
__Htext35                                  text35       000000
__Htext36                                  text36       000000
__Htext37                                  text37       000000
__Htext38                                  text38       000000
__Htext39                                  text39       000000
__Htext4                                   text4        000000
__Htext40                                  text40       000000
__Htext41                                  text41       000000
__Htext42                                  text42       000000
__Htext43                                  text43       000000
__Htext44                                  text44       000000
__Htext45                                  text45       000000
__Htext46                                  text46       000000
__Htext47                                  text47       000000
__Htext48                                  text48       000000
__Htext49                                  text49       000000
__Htext5                                   text5        000000
__Htext50                                  text50       000000
__Htext51                                  text51       000000
__Htext52                                  text52       000000
__Htext53                                  text53       000000
__Htext54                                  text54       000000
__Htext55                                  text55       000000
__Htext56                                  text56       000000
__Htext57                                  text57       000000
__Htext58                                  text58       000000
__Htext59                                  text59       000000
__Htext6                                   text6        000000
__Htext60                                  text60       000000
__Htext61                                  text61       000000
__Htext62                                  text62       000000
__Htext63                                  text63       000000
__Htext64                                  text64       000000
__Htext65                                  text65       000000
__Htext66                                  text66       000000
__Htext67                                  text67       000000
__Htext68                                  text68       000000
__Htext69                                  text69       000000
__Htext7                                   text7        000000
__Htext70                                  text70       000000
__Htext71                                  text71       000000
__Htext72                                  text72       000000
__Htext73                                  text73       000000
__Htext74                                  text74       000000
__Htext75                                  text75       000000
__Htext76                                  text76       000000
__Htext77                                  text77       000000
__Htext78                                  text78       000000
__Htext79                                  text79       000000
__Htext8                                   text8        000000
__Htext80                                  text80       000000
__Htext81                                  text81       000000
__Htext82                                  text82       000000
__Htext83                                  text83       000000
__Htext84                                  text84       000000
__Htext85                                  text85       000000
__Htext86                                  text86       000000
__Htext87                                  text87       000000
__Htext88                                  text88       000000
__Htext89                                  text89       000000
__Htext9                                   text9        000000
__Htext90                                  text90       000000
__Htext91                                  text91       000000
__Htext92                                  text92       000000
__Htext93                                  text93       000000
__Htext94                                  text94       000000
__Htext95                                  text95       000000
__Htext96                                  text96       000000
__Htext97                                  text97       000000
__Htext98                                  text98       000000
__Htext99                                  text99       000000
__LRAM                                     (abs)        000001
__Labs1                                    abs1         000000
__Lbank0                                   bank0        000000
__Lbank1                                   bank1        000000
__Lbank2                                   bank2        000000
__Lbank3                                   bank3        000000
__Lbank4                                   bank4        000000
__Lbank5                                   bank5        000000
__Lbank6                                   bank6        000000
__Lbank7                                   bank7        000000
__Lbigbss                                  bigbss       000000
__Lbigdata                                 bigdata      000000
__Lbigram                                  bigram       000000
__Lbigsfr                                  bigsfr       000000
__Lbss                                     bss          000000
__LbssBANK0                                bssBANK0     000000
__LbssBANK1                                bssBANK1     000000
__LbssBANK2                                bssBANK2     000000
__LbssBANK3                                bssBANK3     000000
__LbssBIGRAMl                              bssBIGRAMl   000000
__LbssCOMRAM                               bssCOMRAM    000000
__Lcinit                                   cinit        000000
__Lclrtext                                 clrtext      000000
__Lcomram                                  comram       000000
__Lconfig                                  config       000000
__Lconst                                   const        000000
__LcstackBANK0                             cstackBANK0  000000
__LcstackBANK1                             cstackBANK1  000000
__LcstackBANK2                             cstackBANK2  000000
__LcstackCOMRAM                            cstackCOMRAM 000000
__Ldata                                    data         000000
__LdataBANK0                               dataBANK0    000000
__LdataBANK2                               dataBANK2    000000
__LdataBANK3                               dataBANK3    000000
__Leeprom_data                             eeprom_data  000000
__Lfarbss                                  farbss       000000
__Lfardata                                 fardata      000000
__Lheap                                    heap         000000
__Libigdata                                ibigdata     000000
__Lidata                                   idata        000000
__LidataBANK0                              idataBANK0   000000
__LidataBANK2                              idataBANK2   000000
__LidataBANK3                              idataBANK3   000000
__Lidloc                                   idloc        000000
__Lifardata                                ifardata     000000
__Linit                                    init         0000AC
__Lintcode                                 intcode      000008
__Lintcode_body                            intcode_body 000000
__Lintcodelo                               intcodelo    0000AC
__Lintentry                                intentry     000000
__Lintret                                  intret       000000
__Lintsave_regs                            intsave_regs 000000
__Lirdata                                  irdata       000000
__Lmediumconst                             mediumconst  000000
__LnvBANK2                                 nvBANK2      000000
__LnvFARRAM                                nvFARRAM     000000
__Lnvbit                                   nvbit        000000
__Lnvrram                                  nvrram       000000
__Lparam                                   rparam       000000
__Lpowerup                                 powerup      0000AC
__Lram                                     ram          000000
__Lramtop                                  ramtop       000800
__Lrbit                                    rbit         000000
__Lrbss                                    rbss         000000
__Lrdata                                   rdata        000000
__Lreset_vec                               reset_vec    000000
__Lrparam                                  rparam       000000
__Lsfr                                     sfr          000000
__Lsmallconst                              smallconst   000800
__Lspace_0                                 (abs)        000000
__Lspace_1                                 (abs)        000000
__Lspace_2                                 (abs)        000000
__Lspace_4                                 (abs)        000000
__Lstack                                   stack        000000
__Lstruct                                  struct       000000
__Ltemp                                    temp         00005F
__Ltext                                    text         000000
__Ltext0                                   text0        000000
__Ltext1                                   text1        000000
__Ltext10                                  text10       000000
__Ltext100                                 text100      000000
__Ltext101                                 text101      000000
__Ltext102                                 text102      000000
__Ltext104                                 text104      000000
__Ltext105                                 text105      000000
__Ltext106                                 text106      000000
__Ltext107                                 text107      000000
__Ltext108                                 text108      000000
__Ltext109                                 text109      000000
__Ltext11                                  text11       000000
__Ltext110                                 text110      000000
__Ltext111                                 text111      000000
__Ltext112                                 text112      000000
__Ltext113                                 text113      000000
__Ltext114                                 text114      000000
__Ltext115                                 text115      000000
__Ltext116                                 text116      000000
__Ltext117                                 text117      000000
__Ltext118                                 text118      000000
__Ltext119                                 text119      000000
__Ltext12                                  text12       000000
__Ltext120                                 text120      000000
__Ltext121                                 text121      000000
__Ltext122                                 text122      000000
__Ltext123                                 text123      000000
__Ltext124                                 text124      000000
__Ltext125                                 text125      000000
__Ltext126                                 text126      000000
__Ltext127                                 text127      000000
__Ltext128                                 text128      000000
__Ltext129                                 text129      000000
__Ltext13                                  text13       000000
__Ltext130                                 text130      000000
__Ltext131                                 text131      000000
__Ltext132                                 text132      000000
__Ltext133                                 text133      000000
__Ltext134                                 text134      000000
__Ltext135                                 text135      000000
__Ltext136                                 text136      000000
__Ltext137                                 text137      000000
__Ltext138                                 text138      000000
[...]
stoa@l                                     cstackBANK1  00010F
stoa@nuls                                  cstackBANK1  000100
stoa@p                                     cstackBANK1  00010D
stoa@s                                     cstackBANK0  000097
stoa@w                                     cstackBANK1  000109
strchr@c                                   cstackBANK0  00008E
strchr@s                                   cstackBANK0  00008C
strcpy@d                                   cstackBANK0  000094
strcpy@dest                                cstackBANK0  00008C
strcpy@s                                   cstackBANK0  000092
strcpy@src                                 cstackBANK0  00008E
strcspn@c                                  cstackBANK0  000093
strcspn@i                                  cstackBANK0  000096
strcspn@s                                  cstackBANK0  000091
strlen@a                                   cstackBANK0  00008E
strlen@s                                   cstackBANK0  00008C
strncmp@_l                                 cstackBANK0  00008C
strncmp@_r                                 cstackBANK0  00008E
strncmp@l                                  cstackBANK0  000092
strncmp@n                                  cstackBANK0  00008F
strncmp@r                                  cstackBANK0  000094
strspn@c                                   cstackBANK0  000093
strspn@i                                   cstackBANK0  000096
strspn@s                                   cstackBANK0  000091
strtof@_u                                  cstackBANK1  000142
strtof@digit                               cstackBANK1  00013C
strtof@eexp                                cstackBANK1  000140
strtof@expon                               cstackBANK1  00013E
strtof@flags                               cstackBANK1  00013D
strtof@i                                   cstackBANK1  000146
strtof@res                                 cstackBANK1  000134
strtof@s                                   cstackBANK1  000132
strtok@p                                   bssBANK1     0001C5
strtok@s                                   cstackBANK0  000098
strtok@sep                                 cstackBANK0  00009A
tolower@c                                  cstackBANK0  000092
toupper@c                                  cstackBANK0  000092
ttemp5                                     temp         000060
ttemp6                                     temp         000063
ttemp7                                     temp         000067
vfpfcnvrt@ap                               cstackBANK1  00017C
vfpfcnvrt@c                                cstackBANK1  000195
vfpfcnvrt@cp                               cstackBANK1  00018A
vfpfcnvrt@ct                               cstackBANK1  000192
vfpfcnvrt@f                                cstackBANK1  00018E
vfpfcnvrt@fmt                              cstackBANK1  00017A
vfpfcnvrt@fp                               cstackBANK1  000178
vfpfcnvrt@ll                               cstackBANK1  000182
vfprintf@ap                                cstackBANK1  000199
vfprintf@cfmt                              cstackBANK1  00019B
vfprintf@fmt                               cstackBANK1  000198
vfprintf@fp                                cstackBANK1  000196
wtemp8                                     temp         000060


MODULE INFORMATION

Module		Function		Class		Link	Load	Size
rotor.c
		_DireccionRotor		CODE           	0580	0000	12
		_encenderRotor 		CODE           	0606	0000	4
		_apagarRotor   		CODE           	060E	0000	4

rotor.c estimated size: 20

/Applications/microchip/xc8/v2.36/pic/sources/c99/common/strtok.c
		_strtok        		CODE           	6CC4	0000	184

/Applications/microchip/xc8/v2.36/pic/sources/c99/common/strtok.c estimated size: 184

/Applications/microchip/xc8/v2.36/pic/sources/c99/common/nanf.c
		_nanf          		CODE           	03F2	0000	34

/Applications/microchip/xc8/v2.36/pic/sources/c99/common/nanf.c estimated size: 34

/Applications/microchip/xc8/v2.36/pic/sources/c99/common/strncmp.c
		_strncmp       		CODE           	617A	0000	230

/Applications/microchip/xc8/v2.36/pic/sources/c99/common/strncmp.c estimated size: 230

/Applications/microchip/xc8/v2.36/pic/sources/c99/common/aodiv.c
		___aodiv       		CODE           	4E0C	0000	328

/Applications/microchip/xc8/v2.36/pic/sources/c99/common/aodiv.c estimated size: 328

fila.c
		_FilaPop       		CODE           	7B8E	0000	74
		_Fila_Init     		CODE           	0200	0000	46
		_Fila_Agregar  		CODE           	78FE	0000	90

fila.c estimated size: 210

/Applications/microchip/xc8/v2.36/pic/sources/c99/common/Umul32.c
		___lmul        		CODE           	7958	0000	86

/Applications/microchip/xc8/v2.36/pic/sources/c99/common/Umul32.c estimated size: 86

GCODE.c
		_G_97          		CODE           	51D8	0000	316
		_M_3           		CODE           	0566	0000	14
		_G_01          		CODE           	46CC	0000	562
		_M_4           		CODE           	0558	0000	14
		_M_5           		CODE           	05EC	0000	6
		_ParadaEmergencia		CODE           	0338	0000	40
		_G_53          		CODE           	6C0C	0000	184

GCODE.c estimated size: 1136

/Applications/microchip/xc8/v2.36/pic/sources/c99/common/lwdiv.c
		___lwdiv       		CODE           	7A02	0000	82

/Applications/microchip/xc8/v2.36/pic/sources/c99/common/lwdiv.c estimated size: 82

/Applications/microchip/xc8/v2.36/pic/sources/c99/common/awdiv.c
		___awdiv       		CODE           	7568	0000	132

/Applications/microchip/xc8/v2.36/pic/sources/c99/common/awdiv.c estimated size: 132

/Applications/microchip/xc8/v2.36/pic/sources/c99/common/atoi.c
		_atoi          		CODE           	5C7A	0000	276

/Applications/microchip/xc8/v2.36/pic/sources/c99/common/atoi.c estimated size: 276

mcc_generated_files/tmr2.c
		_TMR2_ISR      		CODE           	03CE	0000	36
		_TMR2_LoadPeriodRegister		CODE           	05B4	0000	10
		_TMR2_Initialize		CODE           	7FE0	0000	30
		_TMR2_SetInterruptHandler		CODE           	05BE	0000	10
		_TMR2_StopTimer		CODE           	0612	0000	4
		_TMR2_DefaultInterruptHandler		CODE           	061C	0000	2
		_TMR2_WriteTimer		CODE           	05AA	0000	10
		_TMR2_StartTimer		CODE           	060A	0000	4

mcc_generated_files/tmr2.c estimated size: 106

guia.c
		_mover_2       		CODE           	4486	0000	582
		_G01_TMR2_ISR  		CODE           	3296	0000	776
		_setMicroStep  		CODE           	76C4	0000	102

guia.c estimated size: 1460

mcc_generated_files/interrupt_manager.c
		_INTERRUPT_Initialize		CODE           	0602	0000	4
		_INTERRUPT_InterruptManager		CODE           	0008	0000	164

mcc_generated_files/interrupt_manager.c estimated size: 168

/Applications/microchip/xc8/v2.36/pic/sources/c99/common/isdigit.c
		_isdigit       		CODE           	00E2	0000	50

/Applications/microchip/xc8/v2.36/pic/sources/c99/common/isdigit.c estimated size: 50

/Applications/microchip/xc8/v2.36/pic/sources/c99/common/fltol.c
		___fltol       		CODE           	64F6	0000	210

/Applications/microchip/xc8/v2.36/pic/sources/c99/common/fltol.c estimated size: 210

/Applications/microchip/xc8/v2.36/pic/sources/c99/common/fleq.c
		___fleq        		CODE           	74DC	0000	140

/Applications/microchip/xc8/v2.36/pic/sources/c99/common/fleq.c estimated size: 140

/Applications/microchip/xc8/v2.36/pic/sources/c99/common/sprcadd.c
		___flsub       		CODE           	7BD8	0000	72
		___fladd       		CODE           	2C7C	0000	782

/Applications/microchip/xc8/v2.36/pic/sources/c99/common/sprcadd.c estimated size: 854

/Applications/microchip/xc8/v2.36/pic/sources/c99/common/lbmod.c
		___lbmod       		CODE           	022E	0000	46

/Applications/microchip/xc8/v2.36/pic/sources/c99/common/lbmod.c estimated size: 46

/Applications/microchip/xc8/v2.36/pic/sources/c99/common/xxtofl.c
		___xxtofl      		CODE           	4F54	0000	324

/Applications/microchip/xc8/v2.36/pic/sources/c99/common/xxtofl.c estimated size: 324

mcc_generated_files/tmr0.c
		_TMR0_SetInterruptHandler		CODE           	0596	0000	10
		_TMR0_DefaultInterruptHandler		CODE           	061E	0000	2
		_TMR0_WriteTimer		CODE           	05D2	0000	10
		_TMR0_StartTimer		CODE           	05FE	0000	4
		_TMR0_ReadTimer		CODE           	047A	0000	30
		_TMR0_ISR      		CODE           	02E2	0000	44
		_TMR0_Initialize		CODE           	7DF0	0000	62

mcc_generated_files/tmr0.c estimated size: 162

StringHandler.c
		_getComands    		CODE           	6342	0000	224
		_getTokens     		CODE           	7450	0000	140

StringHandler.c estimated size: 364

CommandHandler.c
		_MCC_USB_READ  		CODE           	0414	0000	34
		_MCC_USB_WRITE 		CODE           	0386	0000	36
		_executeCommand		CODE           	48FE	0000	532
		_USBCommandFetch		CODE           	422A	0000	604

CommandHandler.c estimated size: 1206

/Applications/microchip/xc8/v2.36/pic/sources/c99/common/abs.c
		_abs           		CODE           	00B0	0000	50

/Applications/microchip/xc8/v2.36/pic/sources/c99/common/abs.c estimated size: 50

mcc_generated_files/pin_manager.c
		_PIN_MANAGER_Initialize		CODE           	7D30	0000	64
		_IOCC2_SetInterruptHandler		CODE           	05A0	0000	10
		_PIN_MANAGER_IOC		CODE           	05C8	0000	10
		_IOCC2_ISR     		CODE           	0458	0000	34
		_IOCC2_DefaultInterruptHandler		CODE           	0620	0000	2

mcc_generated_files/pin_manager.c estimated size: 120

/Applications/microchip/xc8/v2.36/pic/sources/c99/common/strlen.c
		_strlen        		CODE           	01D2	0000	46

/Applications/microchip/xc8/v2.36/pic/sources/c99/common/strlen.c estimated size: 46

/Applications/microchip/xc8/v2.36/pic/sources/c99/common/nf_fputs.c
		_fputs         		CODE           	7EA0	0000	56

/Applications/microchip/xc8/v2.36/pic/sources/c99/common/nf_fputs.c estimated size: 56

/Applications/microchip/xc8/v2.36/pic/sources/c99/common/floorf.c
		_floorf        		CODE           	4B12	0000	426

/Applications/microchip/xc8/v2.36/pic/sources/c99/common/floorf.c estimated size: 426

/Applications/microchip/xc8/v2.36/pic/sources/c99/common/strchr.c
		_strchr        		CODE           	7F10	0000	54

/Applications/microchip/xc8/v2.36/pic/sources/c99/common/strchr.c estimated size: 54

/Applications/microchip/xc8/v2.36/pic/sources/c99/common/strcspn.c
		_strcspn       		CODE           	7AA4	0000	80

/Applications/microchip/xc8/v2.36/pic/sources/c99/common/strcspn.c estimated size: 80

/Applications/microchip/xc8/v2.36/pic/sources/c99/common/strcpy.c
		_strcpy        		CODE           	79AE	0000	84

/Applications/microchip/xc8/v2.36/pic/sources/c99/common/strcpy.c estimated size: 84

/Applications/microchip/xc8/v2.36/pic/sources/c99/common/memset.c
		_memset        		CODE           	544A	0000	306

/Applications/microchip/xc8/v2.36/pic/sources/c99/common/memset.c estimated size: 306

mcc_generated_files/adc.c
		_ADC_Initialize		CODE           	0534	0000	22
		_ADC_IsConversionDone		CODE           	0574	0000	12
		_ADC_GetConversionResult		CODE           	0508	0000	22
		_ADC_StartConversion		CODE           	05F6	0000	4
		_ADC_SelectChannel		CODE           	04D0	0000	28

mcc_generated_files/adc.c estimated size: 88

mcc_generated_files/usb/usb_device_cdc.c
		_CDCTxService  		CODE           	5B58	0000	290
		_CDCInitEP     		CODE           	765C	0000	104
		_putUSBUSART   		CODE           	03AA	0000	36
		_getsUSBUSART  		CODE           	7296	0000	148
		_USBCheckCDCRequest		CODE           	6A96	0000	188

mcc_generated_files/usb/usb_device_cdc.c estimated size: 766

mcc_generated_files/ccp2.c
		_CCP2_Initialize		CODE           	054A	0000	14

mcc_generated_files/ccp2.c estimated size: 14

/Applications/microchip/xc8/v2.36/pic/sources/c99/common/flneg.c
		___flneg       		CODE           	0114	0000	48

/Applications/microchip/xc8/v2.36/pic/sources/c99/common/flneg.c estimated size: 48

/Applications/microchip/xc8/v2.36/pic/sources/c99/common/strspn.c
		_strspn        		CODE           	7A54	0000	80

/Applications/microchip/xc8/v2.36/pic/sources/c99/common/strspn.c estimated size: 80

shared
		_configDescriptor1		SMALLCONST     	0805	0000	67
		_USB_CD_Ptr    		SMALLCONST     	0804	0000	1
		_sd001         		SMALLCONST     	0848	0000	52
		i2_TMR2_LoadPeriodRegister		CODE           	05DC	0000	8
		i2___lbmod     		CODE           	030E	0000	42
		_sd002         		SMALLCONST     	087C	0000	22
		i2_setMicroStep		CODE           	772A	0000	100
		i2_USBDeviceInit		CODE           	56AE	0000	304
		i2___fladd     		CODE           	2F8A	0000	780
		i2___fldiv     		CODE           	3AD4	0000	648
		i2___fltol     		CODE           	6B52	0000	186
		__initialization		CODE           	6EE4	0000	158
		i2___flge      		CODE           	676C	0000	208
		_device_dsc    		SMALLCONST     	0892	0000	18
		i2___flmul     		CODE           	2950	0000	812
		i2___xxtofl    		CODE           	5098	0000	320
		i2_TMR2_StopTimer		CODE           	0616	0000	4
		i2___flsub     		CODE           	7C20	0000	70
		_USB_SD_Ptr    		SMALLCONST     	0801	0000	3
		i2_memset      		CODE           	557C	0000	306
		_sd000         		SMALLCONST     	08A4	0000	4
		i2_memcpy      		CODE           	7CAA	0000	68
		i2_USBTransferOnePacket		CODE           	5F92	0000	250

shared estimated size: 4431

/Applications/microchip/xc8/v2.36/pic/sources/c99/common/strtof.c
		_strtof        		CODE           	08F0	0000	3288

/Applications/microchip/xc8/v2.36/pic/sources/c99/common/strtof.c estimated size: 3288

/Applications/microchip/xc8/v2.36/pic/sources/c99/common/isupper.c
		_isupper       		CODE           	7FAE	0000	50

/Applications/microchip/xc8/v2.36/pic/sources/c99/common/isupper.c estimated size: 50

mcc_generated_files/usb/usb_device_events.c
		_USER_USB_CALLBACK_EVENT_HANDLER		CODE           	7848	0000	92

mcc_generated_files/usb/usb_device_events.c estimated size: 92

mcc_generated_files/mcc.c
		_OSCILLATOR_Initialize		CODE           	051E	0000	22
		_SYSTEM_Initialize		CODE           	01A4	0000	46

mcc_generated_files/mcc.c estimated size: 68

mcc_generated_files/tmr3.c
		_TMR3_ISR      		CODE           	0144	0000	48
		_TMR3_Initialize		CODE           	02B6	0000	44
		_TMR3_SetInterruptHandler		CODE           	058C	0000	10
		_TMR3_StopTimer		CODE           	05FA	0000	4
		_TMR3_DefaultInterruptHandler		CODE           	061A	0000	2
		_TMR3_WriteTimer		CODE           	04EC	0000	28

mcc_generated_files/tmr3.c estimated size: 136

/Applications/microchip/xc8/v2.36/pic/sources/c99/common/aomod.c
		___aomod       		CODE           	5A34	0000	292

/Applications/microchip/xc8/v2.36/pic/sources/c99/common/aomod.c estimated size: 292

/Applications/microchip/xc8/v2.36/pic/sources/c99/common/flge.c
		___flge        		CODE           	65C8	0000	210

/Applications/microchip/xc8/v2.36/pic/sources/c99/common/flge.c estimated size: 210

mcc_generated_files/tmr1.c
		_TMR1_Initialize		CODE           	04B4	0000	28

mcc_generated_files/tmr1.c estimated size: 28

/Applications/microchip/xc8/v2.36/pic/sources/c99/common/doprnt.c
		_vfpfcnvrt     		CODE           	2046	0000	1370
		_efgtoa        		CODE           	15C8	0000	2686
		_pad           		CODE           	716A	0000	150
		_ctoa          		CODE           	70CE	0000	156
		_dtoa          		CODE           	3D5C	0000	616
		_vfprintf      		CODE           	78A4	0000	90
		_stoa          		CODE           	4CBC	0000	336

/Applications/microchip/xc8/v2.36/pic/sources/c99/common/doprnt.c estimated size: 5404

/Applications/microchip/xc8/v2.36/pic/sources/c99/common/nf_fputc.c
		_fputc         		CODE           	6F90	0000	160

/Applications/microchip/xc8/v2.36/pic/sources/c99/common/nf_fputc.c estimated size: 160

/Applications/microchip/xc8/v2.36/pic/sources/c99/common/memcpy.c
		_memcpy        		CODE           	7C66	0000	68

/Applications/microchip/xc8/v2.36/pic/sources/c99/common/memcpy.c estimated size: 68

/Applications/microchip/xc8/v2.36/pic/sources/c99/common/islower.c
		_islower       		CODE           	7F7C	0000	50

/Applications/microchip/xc8/v2.36/pic/sources/c99/common/islower.c estimated size: 50

encoder.c
		_Timing_TMR0_ISR		CODE           	0174	0000	48
		_Encoder_ISR   		CODE           	359E	0000	684
		_Actualizar_angulo		CODE           	7DB0	0000	64

encoder.c estimated size: 796

/Applications/microchip/xc8/v2.36/pic/sources/c99/common/tolower.c
		_tolower       		CODE           	7E2E	0000	58

/Applications/microchip/xc8/v2.36/pic/sources/c99/common/tolower.c estimated size: 58

/Applications/microchip/xc8/v2.36/pic/sources/c99/common/sprcmul.c
		___flmul       		CODE           	25A0	0000	944

/Applications/microchip/xc8/v2.36/pic/sources/c99/common/sprcmul.c estimated size: 944

/Applications/microchip/xc8/v2.36/pic/sources/c99/common/awmod.c
		___awmod       		CODE           	75EC	0000	112

/Applications/microchip/xc8/v2.36/pic/sources/c99/common/awmod.c estimated size: 112

torque.c
		_medir_corriente		CODE           	0498	0000	28

torque.c estimated size: 28

/Applications/microchip/xc8/v2.36/pic/sources/c99/common/putch.c
		_putch         		CODE           	7FFE	0000	2

/Applications/microchip/xc8/v2.36/pic/sources/c99/common/putch.c estimated size: 2

/Applications/microchip/xc8/v2.36/pic/sources/c99/common/Umul16.c
		___wmul        		CODE           	0360	0000	38

/Applications/microchip/xc8/v2.36/pic/sources/c99/common/Umul16.c estimated size: 38

/Applications/microchip/xc8/v2.36/pic/sources/c99/common/sprcdiv.c
		___fldiv       		CODE           	384A	0000	650

/Applications/microchip/xc8/v2.36/pic/sources/c99/common/sprcdiv.c estimated size: 650

/Applications/microchip/xc8/v2.36/pic/sources/c99/common/nf_sprintf.c
		_sprintf       		CODE           	7B42	0000	76

/Applications/microchip/xc8/v2.36/pic/sources/c99/common/nf_sprintf.c estimated size: 76

main.c
		_inicializar_Sistema		CODE           	7AF4	0000	78
		_main          		CODE           	6D7C	0000	180

main.c estimated size: 258

/Applications/microchip/xc8/v2.36/pic/sources/c99/common/toupper.c
		_toupper       		CODE           	7E68	0000	56

/Applications/microchip/xc8/v2.36/pic/sources/c99/common/toupper.c estimated size: 56

/Applications/microchip/xc8/v2.36/pic/sources/c99/common/isxdigit.c
		_isxdigit      		CODE           	77EC	0000	92

/Applications/microchip/xc8/v2.36/pic/sources/c99/common/isxdigit.c estimated size: 92

mcc_generated_files/usb/usb_device.c
		_USBCtrlTrfInHandler		CODE           	69D6	0000	192
		_USBTransferOnePacket		CODE           	5E96	0000	252
		_USBDeviceAttach		CODE           	028A	0000	44
		_USBStdGetDscHandler		CODE           	5314	0000	310
		_USBCtrlEPAllowDataStage		CODE           	7030	0000	158
		_USBStdFeatureReqHandler		CODE           	3FC4	0000	614
		_USBCtrlEPAllowStatusStage		CODE           	690A	0000	204
		_USBCtrlTrfSetupHandler		CODE           	73BE	0000	146
		_USBCtrlTrfOutHandler		CODE           	778E	0000	94
		_USBCtrlEPServiceComplete		CODE           	608C	0000	238
		_USBSuspend    		CODE           	025C	0000	46
		_USBStdSetCfgHandler		CODE           	669A	0000	210
		_USBStdGetStatusHandler		CODE           	6E30	0000	180
		_USBWakeFromSuspend		CODE           	7F46	0000	54
		_USBCtrlTrfRxService		CODE           	5D8E	0000	264
		_USBCtrlTrfTxService		CODE           	6422	0000	212
		_USBEnableEndpoint		CODE           	7ED8	0000	56
		_USBConfigureEndpoint		CODE           	732A	0000	148
		_USBDeviceInit 		CODE           	57DE	0000	302
		_USBIncrement1msInternalTimers		CODE           	0436	0000	34
		_USBCtrlEPService		CODE           	7200	0000	150
		_USBStallHandler		CODE           	7CEE	0000	66
		_USBDeviceTasks		CODE           	590C	0000	296
		_USBCheckStdRequest		CODE           	6260	0000	226

mcc_generated_files/usb/usb_device.c estimated size: 4496

/Applications/microchip/xc8/v2.36/pic/sources/c99/common/__fpclassifyf.c
		___fpclassifyf 		CODE           	683C	0000	206

/Applications/microchip/xc8/v2.36/pic/sources/c99/common/__fpclassifyf.c estimated size: 206

/Applications/microchip/xc8/v2.36/pic/sources/c99/common/isspace.c
		_isspace       		CODE           	7D70	0000	64

/Applications/microchip/xc8/v2.36/pic/sources/c99/common/isspace.c estimated size: 64

