Microchip MPLAB XC8 Compiler V2.36

Linker command line:

-W-3 --edf=/Applications/microchip/xc8/v2.36/pic/dat/en_msgs.txt -cn \
  -h+dist/default/debug/Bobinadora.X.debug.sym \
  --cmf=dist/default/debug/Bobinadora.X.debug.cmf -z -Q18F25K50 \
  -o/tmp/xc2w8Jeyd --defsym=__MPLAB_BUILD=1 \
  -Mdist/default/debug/Bobinadora.X.debug.map --md=/tmp/xcfLr68sD.dat -E1 \
  -ver=XC8 Compiler --acfsm=1493 -AHEAP=0580h-07FFh -pheap=HEAP \
  -ACODE=00h-07FFFh -ACONST=00h-07FFFh -ASMALLCONST=0800h-08FFhx120 \
  -AMEDIUMCONST=0800h-07FFFh -ACOMRAM=01h-05Fh -AABS1=00h-07FFh \
  -ABIGRAM=01h-07FFh -ARAM=060h-0FFh,0100h-01FFhx7 -ABANK0=060h-0FFh \
  -ABANK1=0100h-01FFh -ABANK2=0200h-02FFh -ABANK3=0300h-03FFh \
  -ABANK4=0400h-04FFh -ABANK5=0500h-05FFh -ABANK6=0600h-06FFh \
  -ABANK7=0700h-07FFh -ASFR=0F53h-0F5Fh,0F60h-0FFFh -ABIGSFR=0F53h-0FFFh \
  -ACONFIG=0300000h-030000Dh -AIDLOC=0200000h-0200007h \
  -AEEDATA=0F00000h-0F000FFh -peeprom_data=EEDATA \
  -preset_vec=00h,intcode=08h,intcodelo,powerup,init -pramtop=0800h \
  -psmallconst=SMALLCONST -pmediumconst=MEDIUMCONST -pconst=CONST \
  -AFARRAM=00h-00h \
  -prdata=COMRAM,nvrram=COMRAM,nvbit=COMRAM,rbss=COMRAM,rbit=COMRAM \
  -pfarbss=FARRAM,fardata=FARRAM,nvFARRAM=FARRAM \
  -pintsave_regs=BIGRAM,bigbss=BIGRAM,bigdata=BIGRAM -pbss=RAM \
  -pidata=CODE,irdata=CODE,ibigdata=CODE,ifardata=CODE -prparam=COMRAM \
  /tmp/xcfJT2Kpe.o dist/default/debug/Bobinadora.X.debug.o 

Object code version is 3.11

Machine type is 18F25K50



                Name                               Link     Load   Length Selector   Space Scale
/tmp/xcfJT2Kpe.o
                heap                                580      580      280      580       7
                idloc                            200000   200000        8        0       5
                config                           300000   300000        E        0       4
                init                                 9C       9C        4        4       0
                reset_vec                             0        0        4        0       0
dist/default/debug/Bobinadora.X.debug.o
                intcode                               8        8       94        4       0
                idloc                            200000   200000        8        0       5
                config                           300000   300000        E        0       4
                temp                                 55       55        1        1       1
                smallconst                          800      800       B0      400       0
                text51                             21BC     21BC      110      458       0
                text50                             24E6     24E6      10A      458       0
                text49                             25F0     25F0       F2      458       0
                text48                             1BA0     1BA0      144      458       0
                text47                             2C22     2C22       74      458       0
                text46                             29E8     29E8       AC      458       0
                text45                             2DA8     2DA8       4C      458       0
                text44                             1E26     1E26      13E      458       0
                text43                             2C96     2C96       62      458       0
                text42                             23DA     23DA      10C      458       0
                text41                             2B24     2B24       88      458       0
                text40                              8B0      8B0      35C      458       0
                text39                             139E     139E      174      458       0
                text38                             22CC     22CC      10E      458       0
                text37                             1228     1228      176      458       0
                text36                             26E2     26E2       EA      458       0
                text35                             2096     2096      126      458       0
                text34                             2884     2884       B4      458       0
                text33                             1CE4     1CE4      142      458       0
                text32                             2A94     2A94       90      458       0
                text31                             2D58     2D58       50      458       0
                text30                             27CC     27CC       B8      458       0
                text29                             2F6E     2F6E       34      458       0
                text28                             2CF8     2CF8       60      458       0
                text27                             2FD0     2FD0       2E      458       0
                text26                             2E78     2E78       42      458       0
                text25                             17C6     17C6      14C      458       0
                text24                              E88      E88      228      458       0
                text22                             1512     1512      168      458       0
                text21                             1A5C     1A5C      144      458       0
                text20                             2938     2938       B0      458       0
                text19                              C0C      C0C      27C      458       0
                text18                             1912     1912      14A      458       0
                text17                             2E36     2E36       42      458       0
                text16                             1F64     1F64      132      458       0
                text15                             2EF8     2EF8       3C      458       0
                text14                             3060     3060       16      458       0
                text13                             309A     309A       12      458       0
                text12                             30BA     30BA        4      458       0
                text11                             3088     3088       12      458       0
                text10                             2FFE     2FFE       2A      458       0
                text9                              3076     3076       12      458       0
                text8                              3044     3044       1C      458       0
                text7                              30AC     30AC        E      458       0
                text6                              3028     3028       1C      458       0
                text5                              2DF4     2DF4       42      458       0
                text4                              10B0     10B0      178      458       0
                text3                              167A     167A      14C      458       0
                text2                              2FA2     2FA2       2E      458       0
                text1                              2EBA     2EBA       3E      458       0
                text0                              2BAC     2BAC       76      458       0
                cstackCOMRAM                          1        1       2B        1       1
                cstackBANK0                          B5       B5       32       60       1
                bssBANK1                            100      100      100      100       1
                bssBANK0                             60       60       55       60       1
                bssCOMRAM                            2C       2C       29        1       1
                cinit                              2F34     2F34       3A      458       0

TOTAL           Name                               Link     Load   Length     Space
        CLASS   HEAP           
                heap                                580      580      280         7

        CLASS   CODE           
                intcode                               8        8       94         0
                init                                 9C       9C        4         0
                reset_vec                             0        0        4         0
                text51                             21BC     21BC      110         0
                text50                             24E6     24E6      10A         0
                text49                             25F0     25F0       F2         0
                text48                             1BA0     1BA0      144         0
                text47                             2C22     2C22       74         0
                text46                             29E8     29E8       AC         0
                text45                             2DA8     2DA8       4C         0
                text44                             1E26     1E26      13E         0
                text43                             2C96     2C96       62         0
                text42                             23DA     23DA      10C         0
                text41                             2B24     2B24       88         0
                text40                              8B0      8B0      35C         0
                text39                             139E     139E      174         0
                text38                             22CC     22CC      10E         0
                text37                             1228     1228      176         0
                text36                             26E2     26E2       EA         0
                text35                             2096     2096      126         0
                text34                             2884     2884       B4         0
                text33                             1CE4     1CE4      142         0
                text32                             2A94     2A94       90         0
                text31                             2D58     2D58       50         0
                text30                             27CC     27CC       B8         0
                text29                             2F6E     2F6E       34         0
                text28                             2CF8     2CF8       60         0
                text27                             2FD0     2FD0       2E         0
                text26                             2E78     2E78       42         0
                text25                             17C6     17C6      14C         0
                text24                              E88      E88      228         0
                text22                             1512     1512      168         0
                text21                             1A5C     1A5C      144         0
                text20                             2938     2938       B0         0
                text19                              C0C      C0C      27C         0
                text18                             1912     1912      14A         0
                text17                             2E36     2E36       42         0
                text16                             1F64     1F64      132         0
                text15                             2EF8     2EF8       3C         0
                text14                             3060     3060       16         0
                text13                             309A     309A       12         0
                text12                             30BA     30BA        4         0
                text11                             3088     3088       12         0
                text10                             2FFE     2FFE       2A         0
                text9                              3076     3076       12         0
                text8                              3044     3044       1C         0
                text7                              30AC     30AC        E         0
                text6                              3028     3028       1C         0
                text5                              2DF4     2DF4       42         0
                text4                              10B0     10B0      178         0
                text3                              167A     167A      14C         0
                text2                              2FA2     2FA2       2E         0
                text1                              2EBA     2EBA       3E         0
                text0                              2BAC     2BAC       76         0
                cinit                              2F34     2F34       3A         0

        CLASS   CONST          

        CLASS   SMALLCONST     
                smallconst                          800      800       B0         0

        CLASS   MEDIUMCONST    

        CLASS   COMRAM         
                temp                                 55       55        1         1
                cstackCOMRAM                          1        1       2B         1
                bssCOMRAM                            2C       2C       29         1

        CLASS   ABS1           
                abs_s1                              400      400       40         1
                abs_s1                              500      500       80         1

        CLASS   BIGRAM         

        CLASS   RAM            

        CLASS   BANK0          
                cstackBANK0                          B5       B5       32         1
                bssBANK0                             60       60       55         1

        CLASS   BANK1          
                bssBANK1                            100      100      100         1

        CLASS   BANK2          

        CLASS   BANK3          

        CLASS   BANK4          

        CLASS   BANK5          

        CLASS   BANK6          

        CLASS   BANK7          

        CLASS   SFR            

        CLASS   BIGSFR         

        CLASS   CONFIG         
                config                           300000   300000        E         4

        CLASS   IDLOC          
                idloc                            200000   200000        8         5

        CLASS   EEDATA         

        CLASS   FARRAM         

        CLASS   STACK          



SEGMENTS        Name                           Load    Length   Top    Selector   Space  Class

                cstackCOMRAM                   000001  000055  000056         1       1  COMRAM  
                reset_vec                      000000  000004  000004         0       0  CODE    
                bssBANK0                       000060  000087  0000E7        60       1  BANK0   
                bssBANK1                       000100  000100  000200       100       1  BANK1   
                text40                         0008B0  00280E  0030BE       458       0  CODE    
                heap                           000580  000280  000800       580       7  HEAP    
                smallconst                     000800  0000B0  0008B0       400       0  SMALLCON
                intcode                        000008  000098  0000A0         4       0  CODE    


UNUSED ADDRESS RANGES

        Name                Unused          Largest block    Delta
        BANK0            0000E7-0000FF               19
        BANK2            000200-0002FF              100
        BANK3            000300-0003FF              100
        BANK4            000440-0004FF               C0
        BANK5            000580-0005FF               80
        BANK6            000600-0006FF              100
        BANK7            000700-0007FF              100
        BIGRAM           000056-00005F                A
                         0000E7-0000FF               19
                         000200-0003FF              200
                         000440-0004FF               C0
                         000580-0007FF              280
        BIGSFR           000F53-000FFF               AD
        CODE             000004-000007                4
                         0000A0-0007FF              760
                         0030BE-007FFF             4F42
        COMRAM           000056-00005F                A
        CONST            000004-000007                4
                         0000A0-0007FF              760
                         0030BE-007FFF             4F42
        EEDATA           F00000-F000FF              100
        MEDIUMCONST      0030BE-007FFF             4F42
        RAM              0000E7-0000FF               19
                         000200-0003FF              100
                         000440-0004FF               C0
                         000580-0007FF              100
        SFR              000F53-000FFF                D
        SMALLCONST       0030BE-007FFF              100

                                  Symbol Table

?_FilaPop                                cstackBANK0  0000BF
?_USBTransferOnePacket                   cstackCOMRAM 000001
?___expand_heap                          cstackBANK0  0000B5
?___simple_search_fl                     cstackBANK0  0000B5
?_malloc                                 cstackBANK0  0000C9
?_strlen                                 cstackBANK0  0000B5
FilaPop@fila                             cstackBANK0  0000BF
FilaPop@r                                cstackBANK0  0000C5
FilaPop@viejo                            cstackBANK0  0000C7
Fila_Agregar@comando                     cstackBANK0  0000D7
Fila_Agregar@fila                        cstackBANK0  0000D5
Fila_Agregar@nBytes                      cstackBANK0  0000D9
Fila_Agregar@nuevo                       cstackBANK0  0000DD
Fila_Init@fila                           cstackBANK0  0000B5
USBConfigureEndpoint@EPNum               cstackCOMRAM 000006
USBConfigureEndpoint@direction           cstackCOMRAM 000001
USBConfigureEndpoint@handle              cstackCOMRAM 000007
USBCtrlTrfInHandler@lastDTS              cstackCOMRAM 000002
USBCtrlTrfRxService@byteToRead           cstackCOMRAM 000002
USBCtrlTrfRxService@i                    cstackCOMRAM 000001
USBCtrlTrfTxService@byteToSend           cstackCOMRAM 000001
USBDeviceInit@i                          cstackBANK0  0000C1
USBDeviceTasks@i                         cstackCOMRAM 00001F
USBEnableEndpoint@ep                     cstackCOMRAM 00000C
USBEnableEndpoint@options                cstackCOMRAM 000009
USBEnableEndpoint@p                      cstackCOMRAM 00000A
USBStdFeatureReqHandler@current_ep_data  cstackCOMRAM 000019
USBStdFeatureReqHandler@p                cstackCOMRAM 00001A
USBStdFeatureReqHandler@pUEP             cstackCOMRAM 000017
USBStdGetStatusHandler@p                 cstackCOMRAM 000003
USBStdSetCfgHandler@i                    cstackCOMRAM 000015
USBTransferOnePacket@data                cstackCOMRAM 000002
USBTransferOnePacket@dir                 cstackCOMRAM 000001
USBTransferOnePacket@ep                  cstackCOMRAM 000009
USBTransferOnePacket@handle              cstackCOMRAM 00000A
USBTransferOnePacket@len                 cstackCOMRAM 000004
USER_USB_CALLBACK_EVENT_HANDLER@event    cstackCOMRAM 00000D
USER_USB_CALLBACK_EVENT_HANDLER@pdata    cstackCOMRAM 00000F
USER_USB_CALLBACK_EVENT_HANDLER@size     cstackCOMRAM 000011
_ACTCON                                  (abs)        000FB5
_ADCON0                                  (abs)        000FC2
_ADCON0bits                              (abs)        000FC2
_ADCON1                                  (abs)        000FC1
_ADCON2                                  (abs)        000FC0
_ADC_Initialize                          text14       003060
_ADC_InterruptHandler                    bssBANK0     00009C
_ADRESH                                  (abs)        000FC4
_ADRESL                                  (abs)        000FC3
_ANSELA                                  (abs)        000F5B
_ANSELB                                  (abs)        000F5C
_ANSELC                                  (abs)        000F5D
_BDT                                     (abs)        000400
_BaudRateGen                             bssBANK0     000088
_BothEP0OutUOWNsSet                      bssCOMRAM    00004B
_CCP2CON                                 (abs)        000F97
_CCP2_Initialize                         text13       00309A
_CCPR2H                                  (abs)        000F91
_CCPR2L                                  (abs)        000F90
_CCPTMRSbits                             (abs)        000F59
_CDCDataInHandle                         bssCOMRAM    000036
_CDCDataOutHandle                        bssCOMRAM    000038
_CDCInitEP                               text43       002C96
_CtrlTrfData                             (abs)        000438
_EEADR                                   (abs)        000FA9
_EECON1bits                              (abs)        000FA6
_EECON2                                  (abs)        000FA7
_EEDATA                                  (abs)        000FA8
_FilaPop                                 text21       001A5C
_Fila_Agregar                            text16       001F64
_Fila_Init                               text15       002EF8
_INTCON2bits                             (abs)        000FF1
_INTCONbits                              (abs)        000FF2
_INTERRUPT_Initialize                    text12       0030BA
_INTERRUPT_InterruptManager              intcode      000008
_IPR3bits                                (abs)        000FA5
_LATA                                    (abs)        000F89
_LATB                                    (abs)        000F8A
_LATC                                    (abs)        000F8B
_OSCCON                                  (abs)        000FD3
_OSCCON2                                 (abs)        000FD2
_OSCILLATOR_Initialize                   text11       003088
_OSCTUNE                                 (abs)        000F9B
_PIE3bits                                (abs)        000FA3
_PIN_MANAGER_Initialize                  text10       002FFE
_PIR1bits                                (abs)        000F9E
_PIR2bits                                (abs)        000FA1
_PIR3bits                                (abs)        000FA4
_PR2                                     (abs)        000FBB
_RCONbits                                (abs)        000FD0
_RemoteWakeup                            bssCOMRAM    00004D
_SYSTEM_Initialize                       text2        002FA2
_SetupPkt                                (abs)        000430
_T0CON                                   (abs)        000FD5
_T0CONbits                               (abs)        000FD5
_T1CON                                   (abs)        000FCD
_T1CONbits                               (abs)        000FCD
_T1GCON                                  (abs)        000FCC
_T1GCONbits                              (abs)        000FCC
_T2CON                                   (abs)        000FBA
_T2CONbits                               (abs)        000FBA
_T3CON                                   (abs)        000FB1
_T3CONbits                               (abs)        000FB1
_T3GCON                                  (abs)        000FB4
_T3GCONbits                              (abs)        000FB4
_TABLAT                                  (abs)        000FF5
_TBLPTRH                                 (abs)        000FF7
_TBLPTRL                                 (abs)        000FF6
_TBLPTRU                                 (abs)        000FF8
_TMR0H                                   (abs)        000FD7
_TMR0L                                   (abs)        000FD6
_TMR0_Initialize                         text9        003076
_TMR1                                    (abs)        000FCE
_TMR1H                                   (abs)        000FCF
_TMR1L                                   (abs)        000FCE
_TMR1_Initialize                         text8        003044
_TMR2                                    (abs)        000FBC
_TMR2_Initialize                         text7        0030AC
_TMR3                                    (abs)        000FB2
_TMR3H                                   (abs)        000FB3
_TMR3L                                   (abs)        000FB2
_TMR3_Initialize                         text6        003028
_TRISA                                   (abs)        000F92
_TRISB                                   (abs)        000F93
_TRISC                                   (abs)        000F94
_UADDR                                   (abs)        000F63
_UCFG                                    (abs)        000F62
_UCON                                    (abs)        000F60
_UCONbits                                (abs)        000F60
_UEIE                                    (abs)        000F66
_UEIR                                    (abs)        000F67
_UEP0                                    (abs)        000F6A
_UEP0bits                                (abs)        000F6A
_UEP1                                    (abs)        000F6B
_UIE                                     (abs)        000F64
_UIEbits                                 (abs)        000F64
_UIR                                     (abs)        000F65
_UIRbits                                 (abs)        000F65
_USB1msTickCount                         bssCOMRAM    00002C
_USBActiveConfiguration                  bssCOMRAM    000054
_USBAlternateInterface                   bssCOMRAM    000051
_USBBusIsSuspended                       bssBANK0     0000A5
_USBCheckCDCRequest                      text42       0023DA
_USBCheckStdRequest                      text35       002096
_USBConfigureEndpoint                    text46       0029E8
_USBCtrlEPAllowDataStage                 text34       002884
_USBCtrlEPAllowStatusStage               text49       0025F0
_USBCtrlEPService                        text30       0027CC
_USBCtrlEPServiceComplete                text33       001CE4
_USBCtrlTrfInHandler                     text50       0024E6
_USBCtrlTrfOutHandler                    text47       002C22
_USBCtrlTrfRxService                     text48       001BA0
_USBCtrlTrfSetupHandler                  text32       002A94
_USBCtrlTrfTxService                     text51       0021BC
_USBDeferINDataStagePackets              bssCOMRAM    000046
_USBDeferOUTDataStagePackets             bssCOMRAM    000045
_USBDeferStatusStagePacket               bssCOMRAM    000049
_USBDeviceAttach                         text5        002DF4
_USBDeviceInit                           text3        00167A
_USBDeviceState                          bssCOMRAM    000050
_USBDeviceTasks                          text24       000E88
_USBEnableEndpoint                       text45       002DA8
_USBIncrement1msInternalTimers           text29       002F6E
_USBStallHandler                         text28       002CF8
_USBStatusStageEnabledFlag1              bssCOMRAM    000048
_USBStatusStageEnabledFlag2              bssCOMRAM    000047
_USBStatusStageTimeoutCounter            bssCOMRAM    00004A
_USBStdFeatureReqHandler                 text40       0008B0
_USBStdGetDscHandler                     text39       00139E
_USBStdGetStatusHandler                  text38       0022CC
_USBStdSetCfgHandler                     text36       0026E2
_USBSuspend                              text27       002FD0
_USBTicksSinceSuspendEnd                 bssBANK0     0000A4
_USBTransferOnePacket                    text44       001E26
_USBWakeFromSuspend                      text26       002E78
_USB_CD_Ptr                              smallconst   000807
_USB_SD_Ptr                              smallconst   000801
_USER_USB_CALLBACK_EVENT_HANDLER         text41       002B24
_USTAT                                   (abs)        000F61
_USTATcopy                               bssCOMRAM    000053
_WPUB                                    (abs)        000F85
__HRAM                                   (abs)        000000
__Habs1                                  abs1         000000
__Hbank0                                 bank0        000000
__Hbank1                                 bank1        000000
__Hbank2                                 bank2        000000
__Hbank3                                 bank3        000000
__Hbank4                                 bank4        000000
__Hbank5                                 bank5        000000
__Hbank6                                 bank6        000000
__Hbank7                                 bank7        000000
__Hbigbss                                bigbss       000000
__Hbigdata                               bigdata      000000
__Hbigram                                bigram       000000
__Hbigsfr                                bigsfr       000000
__Hbss                                   bss          000000
__HbssBANK0                              bssBANK0     000000
__HbssBANK1                              bssBANK1     000000
__HbssCOMRAM                             bssCOMRAM    000000
__Hcinit                                 cinit        000000
__Hclrtext                               clrtext      000000
__Hcomram                                comram       000000
__Hconfig                                config       30000E
__Hconst                                 const        000000
__HcstackBANK0                           cstackBANK0  000000
__HcstackCOMRAM                          cstackCOMRAM 000000
__Hdata                                  data         000000
__Heeprom_data                           eeprom_data  000000
__Hfarbss                                farbss       000000
__Hfardata                               fardata      000000
__Hheap                                  heap         000800
__Hibigdata                              ibigdata     000000
__Hidata                                 idata        000000
__Hidloc                                 idloc        200008
__Hifardata                              ifardata     000000
__Hinit                                  init         0000A0
__Hintcode                               intcode      00009C
__Hintcode_body                          intcode_body 000000
__Hintcodelo                             intcodelo    00009C
__Hintentry                              intentry     000000
__Hintret                                intret       000000
__Hintsave_regs                          intsave_regs 000000
__Hirdata                                irdata       000000
__Hmediumconst                           mediumconst  000000
__HnvFARRAM                              nvFARRAM     000000
__Hnvbit                                 nvbit        000000
__Hnvrram                                nvrram       000000
__Hparam                                 rparam       000000
__Hpowerup                               powerup      00009C
__Hram                                   ram          000000
__Hramtop                                ramtop       000800
__Hrbit                                  rbit         000000
__Hrbss                                  rbss         000000
__Hrdata                                 rdata        000000
__Hreset_vec                             reset_vec    000004
__Hrparam                                rparam       000000
__Hsfr                                   sfr          000000
__Hsmallconst                            smallconst   0008B0
__Hspace_0                               (abs)        0030BE
__Hspace_1                               (abs)        000200
__Hspace_2                               (abs)        000000
__Hspace_4                               (abs)        60000E
__Hstack                                 stack        000000
__Hstruct                                struct       000000
__Htemp                                  temp         000056
__Htext                                  text         000000
__Htext0                                 text0        000000
__Htext1                                 text1        000000
__Htext10                                text10       000000
__Htext11                                text11       000000
__Htext12                                text12       000000
__Htext13                                text13       000000
__Htext14                                text14       000000
__Htext15                                text15       000000
__Htext16                                text16       000000
__Htext17                                text17       000000
__Htext18                                text18       000000
__Htext19                                text19       000000
__Htext2                                 text2        000000
__Htext20                                text20       000000
__Htext21                                text21       000000
__Htext22                                text22       000000
__Htext24                                text24       000000
__Htext25                                text25       000000
__Htext26                                text26       000000
__Htext27                                text27       000000
__Htext28                                text28       000000
__Htext29                                text29       000000
__Htext3                                 text3        000000
__Htext30                                text30       000000
__Htext31                                text31       000000
__Htext32                                text32       000000
__Htext33                                text33       000000
__Htext34                                text34       000000
__Htext35                                text35       000000
__Htext36                                text36       000000
__Htext37                                text37       000000
__Htext38                                text38       000000
__Htext39                                text39       000000
__Htext4                                 text4        000000
__Htext40                                text40       000000
__Htext41                                text41       000000
__Htext42                                text42       000000
__Htext43                                text43       000000
__Htext44                                text44       000000
__Htext45                                text45       000000
__Htext46                                text46       000000
__Htext47                                text47       000000
__Htext48                                text48       000000
__Htext49                                text49       000000
__Htext5                                 text5        000000
__Htext50                                text50       000000
__Htext51                                text51       000000
__Htext6                                 text6        000000
__Htext7                                 text7        000000
__Htext8                                 text8        000000
__Htext9                                 text9        000000
__LRAM                                   (abs)        000001
__Labs1                                  abs1         000000
__Lbank0                                 bank0        000000
__Lbank1                                 bank1        000000
__Lbank2                                 bank2        000000
__Lbank3                                 bank3        000000
__Lbank4                                 bank4        000000
__Lbank5                                 bank5        000000
__Lbank6                                 bank6        000000
__Lbank7                                 bank7        000000
__Lbigbss                                bigbss       000000
__Lbigdata                               bigdata      000000
__Lbigram                                bigram       000000
__Lbigsfr                                bigsfr       000000
__Lbss                                   bss          000000
__LbssBANK0                              bssBANK0     000000
__LbssBANK1                              bssBANK1     000000
__LbssCOMRAM                             bssCOMRAM    000000
__Lcinit                                 cinit        000000
__Lclrtext                               clrtext      000000
__Lcomram                                comram       000000
__Lconfig                                config       000000
__Lconst                                 const        000000
__LcstackBANK0                           cstackBANK0  000000
__LcstackCOMRAM                          cstackCOMRAM 000000
__Ldata                                  data         000000
__Leeprom_data                           eeprom_data  000000
__Lfarbss                                farbss       000000
__Lfardata                               fardata      000000
__Lheap                                  heap         000580
__Libigdata                              ibigdata     000000
__Lidata                                 idata        000000
__Lidloc                                 idloc        000000
__Lifardata                              ifardata     000000
__Linit                                  init         00009C
__Lintcode                               intcode      000008
__Lintcode_body                          intcode_body 000000
__Lintcodelo                             intcodelo    00009C
__Lintentry                              intentry     000000
__Lintret                                intret       000000
__Lintsave_regs                          intsave_regs 000000
__Lirdata                                irdata       000000
__Lmediumconst                           mediumconst  000000
__LnvFARRAM                              nvFARRAM     000000
__Lnvbit                                 nvbit        000000
__Lnvrram                                nvrram       000000
__Lparam                                 rparam       000000
__Lpowerup                               powerup      00009C
__Lram                                   ram          000000
__Lramtop                                ramtop       000800
__Lrbit                                  rbit         000000
__Lrbss                                  rbss         000000
__Lrdata                                 rdata        000000
__Lreset_vec                             reset_vec    000000
__Lrparam                                rparam       000000
__Lsfr                                   sfr          000000
__Lsmallconst                            smallconst   000800
__Lspace_0                               (abs)        000000
__Lspace_1                               (abs)        000000
__Lspace_2                               (abs)        000000
__Lspace_4                               (abs)        000000
__Lstack                                 stack        000000
__Lstruct                                struct       000000
__Ltemp                                  temp         000055
__Ltext                                  text         000000
__Ltext0                                 text0        000000
__Ltext1                                 text1        000000
__Ltext10                                text10       000000
__Ltext11                                text11       000000
__Ltext12                                text12       000000
__Ltext13                                text13       000000
__Ltext14                                text14       000000
__Ltext15                                text15       000000
__Ltext16                                text16       000000
__Ltext17                                text17       000000
__Ltext18                                text18       000000
__Ltext19                                text19       000000
__Ltext2                                 text2        000000
__Ltext20                                text20       000000
__Ltext21                                text21       000000
__Ltext22                                text22       000000
__Ltext24                                text24       000000
__Ltext25                                text25       000000
__Ltext26                                text26       000000
__Ltext27                                text27       000000
__Ltext28                                text28       000000
__Ltext29                                text29       000000
__Ltext3                                 text3        000000
__Ltext30                                text30       000000
__Ltext31                                text31       000000
__Ltext32                                text32       000000
__Ltext33                                text33       000000
__Ltext34                                text34       000000
__Ltext35                                text35       000000
__Ltext36                                text36       000000
__Ltext37                                text37       000000
__Ltext38                                text38       000000
__Ltext39                                text39       000000
__Ltext4                                 text4        000000
__Ltext40                                text40       000000
__Ltext41                                text41       000000
__Ltext42                                text42       000000
__Ltext43                                text43       000000
__Ltext44                                text44       000000
__Ltext45                                text45       000000
__Ltext46                                text46       000000
__Ltext47                                text47       000000
__Ltext48                                text48       000000
__Ltext49                                text49       000000
__Ltext5                                 text5        000000
__Ltext50                                text50       000000
__Ltext51                                text51       000000
__Ltext6                                 text6        000000
__Ltext7                                 text7        000000
__Ltext8                                 text8        000000
__Ltext9                                 text9        000000
__S0                                     (abs)        0030BE
__S1                                     (abs)        000200
__S4                                     (abs)        000000
__S5                                     (abs)        000000
__S7                                     (abs)        000800
___expand_heap                           text20       002938
___expand_heap@n                         cstackBANK0  0000B9
___expand_heap@new_brkp                  cstackBANK0  0000BB
___expand_heap@pn                        cstackBANK0  0000B5
___freelist                              bssCOMRAM    000034
___heap_hi                               heap         000800
___heap_lo                               heap         000580
___inthi_sp                              stack        000000
___intlo_sp                              stack        000000
___param_bank                            (abs)        000000
___rparam_used                           (abs)        000001
___simple_search_fl                      text19       000C0C
___simple_search_fl@best                 cstackBANK0  0000C7
___simple_search_fl@best_last            cstackBANK0  0000BD
___simple_search_fl@c                    cstackBANK0  0000C5
___simple_search_fl@last                 cstackBANK0  0000C1
___simple_search_fl@n                    cstackBANK0  0000B5
___simple_search_fl@next                 cstackBANK0  0000C3
___simple_search_fl@remaining_size       cstackBANK0  0000BB
___simple_search_fl@split                cstackBANK0  0000BF
___sp                                    stack        000000
__accesstop                              (abs)        000060
__activetblptr                           (abs)        000002
__end_of_ADC_Initialize                  text14       003076
__end_of_CCP2_Initialize                 text13       0030AC
__end_of_CDCInitEP                       text43       002CF8
__end_of_FilaPop                         text21       001BA0
__end_of_Fila_Agregar                    text16       002096
__end_of_Fila_Init                       text15       002F34
__end_of_INTERRUPT_Initialize            text12       0030BE
__end_of_INTERRUPT_InterruptManager      intcode      00009C
__end_of_OSCILLATOR_Initialize           text11       00309A
__end_of_PIN_MANAGER_Initialize          text10       003028
__end_of_SYSTEM_Initialize               text2        002FD0
__end_of_TMR0_Initialize                 text9        003088
__end_of_TMR1_Initialize                 text8        003060
__end_of_TMR2_Initialize                 text7        0030BA
__end_of_TMR3_Initialize                 text6        003044
__end_of_USBCheckCDCRequest              text42       0024E6
__end_of_USBCheckStdRequest              text35       0021BC
__end_of_USBConfigureEndpoint            text46       002A94
__end_of_USBCtrlEPAllowDataStage         text34       002938
__end_of_USBCtrlEPAllowStatusStage       text49       0026E2
__end_of_USBCtrlEPService                text30       002884
__end_of_USBCtrlEPServiceComplete        text33       001E26
__end_of_USBCtrlTrfInHandler             text50       0025F0
__end_of_USBCtrlTrfOutHandler            text47       002C96
__end_of_USBCtrlTrfRxService             text48       001CE4
__end_of_USBCtrlTrfSetupHandler          text32       002B24
__end_of_USBCtrlTrfTxService             text51       0022CC
__end_of_USBDeviceAttach                 text5        002E36
__end_of_USBDeviceInit                   text3        0017C6
__end_of_USBDeviceTasks                  text24       0010B0
__end_of_USBEnableEndpoint               text45       002DF4
__end_of_USBIncrement1msInternalTimers   text29       002FA2
__end_of_USBStallHandler                 text28       002D58
__end_of_USBStdFeatureReqHandler         text40       000C0C
__end_of_USBStdGetDscHandler             text39       001512
__end_of_USBStdGetStatusHandler          text38       0023DA
__end_of_USBStdSetCfgHandler             text36       0027CC
__end_of_USBSuspend                      text27       002FFE
__end_of_USBTransferOnePacket            text44       001F64
__end_of_USBWakeFromSuspend              text26       002EBA
__end_of_USB_CD_Ptr                      smallconst   000809
__end_of_USB_SD_Ptr                      smallconst   000807
__end_of_USER_USB_CALLBACK_EVENT_HANDLER text41       002BAC
__end_of___expand_heap                   text20       0029E8
__end_of___simple_search_fl              text19       000E88
__end_of__initialization                 cinit        002F60
__end_of_configDescriptor1               smallconst   00084C
__end_of_device_dsc                      smallconst   0008A8
__end_of_free                            text22       00167A
__end_of_main                            text0        002C22
__end_of_malloc                          text18       001A5C
__end_of_memcpy                          text31       002DA8
__end_of_memset                          text4        001228
__end_of_sd000                           smallconst   0008AC
__end_of_sd001                           smallconst   000880
__end_of_sd002                           smallconst   000896
__end_of_strcpy                          text17       002E78
__end_of_strlen                          text1        002EF8
__end_ofi2_USBDeviceInit                 text25       001912
__end_ofi2_memset                        text37       00139E
__initialization                         cinit        002F34
__mediumconst                            mediumconst  000000
__pbssBANK0                              bssBANK0     000060
__pbssBANK1                              bssBANK1     000100
__pbssCOMRAM                             bssCOMRAM    00002C
__pcinit                                 cinit        002F34
__pcstackBANK0                           cstackBANK0  0000B5
__pcstackCOMRAM                          cstackCOMRAM 000001
__pintcode                               intcode      000008
__psmallconst                            smallconst   000800
__ptext0                                 text0        002BAC
__ptext1                                 text1        002EBA
__ptext10                                text10       002FFE
__ptext11                                text11       003088
__ptext12                                text12       0030BA
__ptext13                                text13       00309A
__ptext14                                text14       003060
__ptext15                                text15       002EF8
__ptext16                                text16       001F64
__ptext17                                text17       002E36
__ptext18                                text18       001912
__ptext19                                text19       000C0C
__ptext2                                 text2        002FA2
__ptext20                                text20       002938
__ptext21                                text21       001A5C
__ptext22                                text22       001512
__ptext24                                text24       000E88
__ptext25                                text25       0017C6
__ptext26                                text26       002E78
__ptext27                                text27       002FD0
__ptext28                                text28       002CF8
__ptext29                                text29       002F6E
__ptext3                                 text3        00167A
__ptext30                                text30       0027CC
__ptext31                                text31       002D58
__ptext32                                text32       002A94
__ptext33                                text33       001CE4
__ptext34                                text34       002884
__ptext35                                text35       002096
__ptext36                                text36       0026E2
__ptext37                                text37       001228
__ptext38                                text38       0022CC
__ptext39                                text39       00139E
__ptext4                                 text4        0010B0
__ptext40                                text40       0008B0
__ptext41                                text41       002B24
__ptext42                                text42       0023DA
__ptext43                                text43       002C96
__ptext44                                text44       001E26
__ptext45                                text45       002DA8
__ptext46                                text46       0029E8
__ptext47                                text47       002C22
__ptext48                                text48       001BA0
__ptext49                                text49       0025F0
__ptext5                                 text5        002DF4
__ptext50                                text50       0024E6
__ptext51                                text51       0021BC
__ptext6                                 text6        003028
__ptext7                                 text7        0030AC
__ptext8                                 text8        003044
__ptext9                                 text9        003076
__ramtop                                 ramtop       000800
__smallconst                             smallconst   000800
_brkp                                    bssCOMRAM    000030
_cdc_data_rx                             (abs)        000540
_cdc_data_tx                             (abs)        000500
_cdc_mem_type                            bssCOMRAM    000041
_cdc_notice                              bssBANK0     000060
_cdc_rx_len                              bssCOMRAM    000044
_cdc_trf_state                           bssCOMRAM    000043
_cdc_tx_len                              bssCOMRAM    000042
_configDescriptor1                       smallconst   000809
_controlTransferState                    bssCOMRAM    00004E
_control_signal_bitmap                   bssCOMRAM    000040
_device_dsc                              smallconst   000896
_dummy_encapsulated_cmd_response         bssBANK0     0000A6
_endpoint_number                         bssCOMRAM    00004C
_ep_data_in                              bssBANK0     000095
_ep_data_out                             bssBANK0     000092
_errno                                   bssBANK0     000098
_free                                    text22       001512
_inPipes                                 bssBANK0     000072
_line_coding                             bssBANK0     0000AE
_main                                    text0        002BAC
_malloc                                  text18       001912
_memcpy                                  text31       002D58
_memset                                  text4        0010B0
_numBytesRead                            bssCOMRAM    00003E
_outPipes                                bssBANK0     00006A
_pBDTEntryEP0OutCurrent                  bssCOMRAM    00003C
_pBDTEntryEP0OutNext                     bssCOMRAM    00003A
_pBDTEntryIn                             bssBANK0     000078
_pBDTEntryOut                            bssBANK0     00007E
_pCDCDst                                 bssBANK0     00008C
_pCDCSrc                                 bssBANK0     00008F
_pDst                                    bssBANK0     0000A2
_readBuffer                              bssBANK1     0001C0
_readBuffer@main$F3490                   bssBANK1     000140
_sd000                                   smallconst   0008A8
_sd001                                   smallconst   00084C
_sd002                                   smallconst   000880
_shortPacketStatus                       bssCOMRAM    00004F
_strcpy                                  text17       002E36
_strlen                                  text1        002EBA
_timer0ReloadVal                         bssCOMRAM    00003F
_timer1ReloadVal                         bssBANK0     00009E
_timer3ReloadVal                         bssBANK0     0000A0
_writeBuffer                             bssBANK1     000180
_writeBuffer@main$F3491                  bssBANK1     000100
btemp                                    temp         000055
end_of_initialization                    cinit        002F60
free@c                                   cstackBANK0  0000BD
free@cptr                                cstackBANK0  0000BB
free@ptr                                 cstackBANK0  0000B5
i2USBDeviceInit@i                        cstackCOMRAM 00000D
i2_USBDeviceInit                         text25       0017C6
i2_memset                                text37       001228
i2memset@c                               cstackCOMRAM 000003
i2memset@dest                            cstackCOMRAM 000001
i2memset@k                               cstackCOMRAM 000009
i2memset@n                               cstackCOMRAM 000005
i2memset@s                               cstackCOMRAM 00000B
int$flags                                temp         000055
intlevel0                                text         000000
intlevel1                                text         000000
intlevel2                                text         000000
intlevel3                                text         000000
isa$std                                  (abs)        000001
isa$xinst                                (abs)        000000
main@CommandList                         cstackBANK0  0000E1
malloc@cur                               bssCOMRAM    000032
malloc@end                               bssBANK0     00009A
malloc@lock                              bssBANK0     000084
malloc@m                                 cstackBANK0  0000CD
malloc@n                                 cstackBANK0  0000C9
malloc@new                               cstackBANK0  0000D3
malloc@p                                 cstackBANK0  0000D1
malloc@sz                                cstackBANK0  0000CF
memcpy@d                                 cstackCOMRAM 000007
memcpy@d1                                cstackCOMRAM 000001
memcpy@n                                 cstackCOMRAM 000005
memcpy@s                                 cstackCOMRAM 000009
memcpy@s1                                cstackCOMRAM 000003
memcpy@tmp                               cstackCOMRAM 00000B
memset@c                                 cstackBANK0  0000B7
memset@dest                              cstackBANK0  0000B5
memset@k                                 cstackBANK0  0000BD
memset@n                                 cstackBANK0  0000B9
memset@s                                 cstackBANK0  0000BF
stackhi                                  (abs)        000000
stacklo                                  (abs)        000000
start                                    init         00009C
start_initialization                     cinit        002F34
strcpy@d                                 cstackBANK0  0000BB
strcpy@dest                              cstackBANK0  0000B5
strcpy@s                                 cstackBANK0  0000B9
strcpy@src                               cstackBANK0  0000B7
strlen@a                                 cstackBANK0  0000B7
strlen@s                                 cstackBANK0  0000B5
ttemp5                                   temp         000056
ttemp6                                   temp         000059
ttemp7                                   temp         00005D
wtemp8                                   temp         000056


MODULE INFORMATION

Module		Function		Class		Link	Load	Size
fila.c
		_FilaPop       		CODE           	1A5C	0000	324
		_Fila_Init     		CODE           	2EF8	0000	60
		_Fila_Agregar  		CODE           	1F64	0000	306

fila.c estimated size: 690

mcc_generated_files/tmr2.c
		_TMR2_Initialize		CODE           	30AC	0000	14

mcc_generated_files/tmr2.c estimated size: 14

mcc_generated_files/interrupt_manager.c
		_INTERRUPT_Initialize		CODE           	30BA	0000	4
		_INTERRUPT_InterruptManager		CODE           	0008	0000	148

mcc_generated_files/interrupt_manager.c estimated size: 152

mcc_generated_files/tmr0.c
		_TMR0_Initialize		CODE           	3076	0000	18

mcc_generated_files/tmr0.c estimated size: 18

mcc_generated_files/pin_manager.c
		_PIN_MANAGER_Initialize		CODE           	2FFE	0000	42

mcc_generated_files/pin_manager.c estimated size: 42

/Applications/microchip/xc8/v2.36/pic/sources/c99/common/strlen.c
		_strlen        		CODE           	2EBA	0000	62

/Applications/microchip/xc8/v2.36/pic/sources/c99/common/strlen.c estimated size: 62

/Applications/microchip/xc8/v2.36/pic/sources/c99/common/strcpy.c
		_strcpy        		CODE           	2E36	0000	66

/Applications/microchip/xc8/v2.36/pic/sources/c99/common/strcpy.c estimated size: 66

/Applications/microchip/xc8/v2.36/pic/sources/c99/common/memset.c
		_memset        		CODE           	10B0	0000	376

/Applications/microchip/xc8/v2.36/pic/sources/c99/common/memset.c estimated size: 376

/Applications/microchip/xc8/v2.36/pic/sources/c99/common/expand_heap.c
		___expand_heap 		CODE           	2938	0000	176

/Applications/microchip/xc8/v2.36/pic/sources/c99/common/expand_heap.c estimated size: 176

mcc_generated_files/adc.c
		_ADC_Initialize		CODE           	3060	0000	22

mcc_generated_files/adc.c estimated size: 22

mcc_generated_files/usb/usb_device_cdc.c
		_CDCInitEP     		CODE           	2C96	0000	98
		_USBCheckCDCRequest		CODE           	23DA	0000	268

mcc_generated_files/usb/usb_device_cdc.c estimated size: 366

mcc_generated_files/ccp2.c
		_CCP2_Initialize		CODE           	309A	0000	18

mcc_generated_files/ccp2.c estimated size: 18

/Applications/microchip/xc8/v2.36/pic/sources/c99/common/lite_malloc.c
		_malloc        		CODE           	1912	0000	330

/Applications/microchip/xc8/v2.36/pic/sources/c99/common/lite_malloc.c estimated size: 330

shared
		_configDescriptor1		SMALLCONST     	0809	0000	67
		_USB_CD_Ptr    		SMALLCONST     	0807	0000	2
		_sd001         		SMALLCONST     	084C	0000	52
		_sd002         		SMALLCONST     	0880	0000	22
		i2_USBDeviceInit		CODE           	17C6	0000	332
		__initialization		CODE           	2F34	0000	44
		_device_dsc    		SMALLCONST     	0896	0000	18
		_USB_SD_Ptr    		SMALLCONST     	0801	0000	6
		i2_memset      		CODE           	1228	0000	374
		_sd000         		SMALLCONST     	08A8	0000	4

shared estimated size: 921

/Applications/microchip/xc8/v2.36/pic/sources/c99/common/lite_free.c
		___simple_search_fl		CODE           	0C0C	0000	636
		_free          		CODE           	1512	0000	360

/Applications/microchip/xc8/v2.36/pic/sources/c99/common/lite_free.c estimated size: 996

mcc_generated_files/usb/usb_device_events.c
		_USER_USB_CALLBACK_EVENT_HANDLER		CODE           	2B24	0000	136

mcc_generated_files/usb/usb_device_events.c estimated size: 136

mcc_generated_files/mcc.c
		_OSCILLATOR_Initialize		CODE           	3088	0000	18
		_SYSTEM_Initialize		CODE           	2FA2	0000	46

mcc_generated_files/mcc.c estimated size: 64

mcc_generated_files/tmr3.c
		_TMR3_Initialize		CODE           	3028	0000	28

mcc_generated_files/tmr3.c estimated size: 28

mcc_generated_files/tmr1.c
		_TMR1_Initialize		CODE           	3044	0000	28

mcc_generated_files/tmr1.c estimated size: 28

/Applications/microchip/xc8/v2.36/pic/sources/c99/common/memcpy.c
		_memcpy        		CODE           	2D58	0000	80

/Applications/microchip/xc8/v2.36/pic/sources/c99/common/memcpy.c estimated size: 80

main.c
		_main          		CODE           	2BAC	0000	118

main.c estimated size: 118

mcc_generated_files/usb/usb_device.c
		_USBCtrlTrfInHandler		CODE           	24E6	0000	266
		_USBTransferOnePacket		CODE           	1E26	0000	318
		_USBDeviceAttach		CODE           	2DF4	0000	66
		_USBStdGetDscHandler		CODE           	139E	0000	372
		_USBCtrlEPAllowDataStage		CODE           	2884	0000	180
		_USBStdFeatureReqHandler		CODE           	08B0	0000	860
		_USBCtrlEPAllowStatusStage		CODE           	25F0	0000	242
		_USBCtrlTrfSetupHandler		CODE           	2A94	0000	144
		_USBCtrlTrfOutHandler		CODE           	2C22	0000	116
		_USBCtrlEPServiceComplete		CODE           	1CE4	0000	322
		_USBSuspend    		CODE           	2FD0	0000	46
		_USBStdSetCfgHandler		CODE           	26E2	0000	234
		_USBStdGetStatusHandler		CODE           	22CC	0000	270
		_USBWakeFromSuspend		CODE           	2E78	0000	66
		_USBCtrlTrfRxService		CODE           	1BA0	0000	324
		_USBCtrlTrfTxService		CODE           	21BC	0000	272
		_USBEnableEndpoint		CODE           	2DA8	0000	76
		_USBConfigureEndpoint		CODE           	29E8	0000	172
		_USBDeviceInit 		CODE           	167A	0000	332
		_USBIncrement1msInternalTimers		CODE           	2F6E	0000	52
		_USBCtrlEPService		CODE           	27CC	0000	184
		_USBStallHandler		CODE           	2CF8	0000	96
		_USBDeviceTasks		CODE           	0E88	0000	552
		_USBCheckStdRequest		CODE           	2096	0000	294

mcc_generated_files/usb/usb_device.c estimated size: 5856

