Microchip MPLAB XC8 Compiler V2.36

Linker command line:

-W-3 --edf=/Applications/microchip/xc8/v2.36/pic/dat/en_msgs.txt -cn \
  -h+dist/default/production/Bobinadora.X.production.sym \
  --cmf=dist/default/production/Bobinadora.X.production.cmf -z -Q18F25K50 \
  -o/tmp/xc5Y6ssqJ --defsym=__MPLAB_BUILD=1 \
  -Mdist/default/production/Bobinadora.X.production.map \
  --md=/tmp/xcCuoDU19.dat -E1 -ver=XC8 Compiler --acfsm=1493 \
  -AHEAP=0580h-07FFh -pheap=HEAP -ACODE=00h-07FFFh -ACONST=00h-07FFFh \
  -ASMALLCONST=0800h-08FFhx120 -AMEDIUMCONST=0800h-07FFFh -ACOMRAM=01h-05Fh \
  -AABS1=00h-07FFh -ABIGRAM=01h-07FFh -ARAM=060h-0FFh,0100h-01FFhx7 \
  -ABANK0=060h-0FFh -ABANK1=0100h-01FFh -ABANK2=0200h-02FFh \
  -ABANK3=0300h-03FFh -ABANK4=0400h-04FFh -ABANK5=0500h-05FFh \
  -ABANK6=0600h-06FFh -ABANK7=0700h-07FFh -ASFR=0F53h-0F5Fh,0F60h-0FFFh \
  -ABIGSFR=0F53h-0FFFh -ACONFIG=0300000h-030000Dh -AIDLOC=0200000h-0200007h \
  -AEEDATA=0F00000h-0F000FFh -peeprom_data=EEDATA \
  -preset_vec=00h,intcode=08h,intcodelo,powerup,init -pramtop=0800h \
  -psmallconst=SMALLCONST -pmediumconst=MEDIUMCONST -pconst=CONST \
  -AFARRAM=00h-00h \
  -prdata=COMRAM,nvrram=COMRAM,nvbit=COMRAM,rbss=COMRAM,rbit=COMRAM \
  -pfarbss=FARRAM,fardata=FARRAM,nvFARRAM=FARRAM \
  -pintsave_regs=BIGRAM,bigbss=BIGRAM,bigdata=BIGRAM -pbss=RAM \
  -pidata=CODE,irdata=CODE,ibigdata=CODE,ifardata=CODE -prparam=COMRAM \
  /tmp/xcPPh0Iqe.o dist/default/production/Bobinadora.X.production.o 

Object code version is 3.11

Machine type is 18F25K50



                Name                               Link     Load   Length Selector   Space Scale
/tmp/xcPPh0Iqe.o
                heap                                580      580      280      580       7
                idloc                            200000   200000        8        0       5
                config                           300000   300000        E        0       4
                init                                 F8       F8        4        4       0
                reset_vec                             0        0        4        0       0
dist/default/production/Bobinadora.X.production.o
                intcode                               8        8       F0        4       0
                idloc                            200000   200000        8        0       5
                config                           300000   300000        E        0       4
                temp                                 59       59        1        1       1
                smallconst                          800      800       CC      400       0
                text89                             59F4     59F4        2      466       0
                text88                             577C     577C       36      466       0
                text87                             59EC     59EC        4      466       0
                text86                             58E4     58E4       28      466       0
                text85                             59F2     59F2        2      466       0
                text84                             4F0A     4F0A       88      466       0
                text83                             55E4     55E4       3E      466       0
                text82                             3F00     3F00      118      466       0
                text81                             444E     444E      108      466       0
                text80                             465C     465C       F2      466       0
                text79                             3B5A     3B5A      142      466       0
                text78                             5008     5008       74      466       0
                text77                             4CBC     4CBC       AC      466       0
                text76                             5448     5448       4C      466       0
                text75                             3C9C     3C9C      13E      466       0
                text74                             522E     522E       66      466       0
                text73                             423C     423C      10A      466       0
                text72                             4E82     4E82       88      466       0
                text71                             25FA     25FA      354      466       0
                text70                             34CA     34CA      174      466       0
                text69                             412E     412E      10E      466       0
                text68                             3354     3354      176      466       0
                text67                             483A     483A       EA      466       0
                text66                             3DDA     3DDA      126      466       0
                text65                             4B5C     4B5C       B4      466       0
                text64                             3A18     3A18      142      466       0
                text63                             4D68     4D68       90      466       0
                text62                             53AA     53AA       50      466       0
                text61                             4AA4     4AA4       B8      466       0
                text60                             5746     5746       36      466       0
                text59                             52F6     52F6       60      466       0
                text58                             57E0     57E0       2E      466       0
                text57                             55A4     55A4       40      466       0
                text56                             378A     378A      14C      466       0
                text55                             294E     294E      224      466       0
                text53                             5622     5622       3C      466       0
                text52                             1970     1970      4C2      466       0
                text51                             5494     5494       48      466       0
                text50                             4346     4346      108      466       0
                text49                             59E8     59E8        4      466       0
                text48                             5866     5866       2C      466       0
                text47                             58BC     58BC       28      466       0
                text46                             4F92     4F92       76      466       0
                text45                             2ED4     2ED4      18A      466       0
                text44                             38D6     38D6      142      466       0
                text43                             2D2A     2D2A      1AA      466       0
                text42                             49EC     49EC       B8      466       0
                text41                             4DF8     4DF8       8A      466       0
                text40                             5892     5892       2A      466       0
                text39                             5984     5984       16      466       0
                text38                             596E     596E       16      466       0
                text37                             59AC     59AC       12      466       0
                text36                             59E4     59E4        4      466       0
                text35                             599A     599A       12      466       0
                text34                             583A     583A       2C      466       0
                text33                             59D6     59D6        A      466       0
                text32                             5930     5930       22      466       0
                text31                             5952     5952       1C      466       0
                text30                             59BE     59BE        E      466       0
                text29                             59CC     59CC        A      466       0
                text28                             580E     580E       2C      466       0
                text27                             5522     5522       42      466       0
                text26                             31DC     31DC      178      466       0
                text25                             363E     363E      14C      466       0
                text24                             57B2     57B2       2E      466       0
                text23                             59E0     59E0        4      466       0
                text22                             5564     5564       40      466       0
                text21                             225E     225E      39C      466       0
                text20                             4C10     4C10       AC      466       0
                text19                             4556     4556      106      466       0
                text18                             1E32     1E32      42C      466       0
                text17                             570C     570C       3A      466       0
                text16                             50EE     50EE       6C      466       0
                text15                             2B72     2B72      1B8      466       0
                text14                             5356     5356       54      466       0
                text13                             56D2     56D2       3A      466       0
                text12                             507C     507C       72      466       0
                text11                             590C     590C       24      466       0
                text10                             5698     5698       3A      466       0
                text9                              54DC     54DC       46      466       0
                text8                               8CC      8CC     10A4      466       0
                text7                              4018     4018      116      466       0
                text6                              53FA     53FA       4E      466       0
                text5                              51C4     51C4       6A      466       0
                text4                              515A     515A       6A      466       0
                text3                              474E     474E       EC      466       0
                text2                              4924     4924       C8      466       0
                text1                              565E     565E       3A      466       0
                text0                              305E     305E      17E      466       0
                cstackCOMRAM                          1        1       2D        1       1
                cstackBANK0                          60       60       48       60       1
                cstackBANK2                         280      280       50      200       1
                bssBANK3                            300      300       C8      300       1
                bssBANK2                            200      200       80      200       1
                dataBANK1                           1D7      1D7        2      100       1
                bssBANK1                            100      100       D7      100       1
                bssBANK0                             A8       A8       10       60       1
                bssCOMRAM                            2E       2E       2B        1       1
                cinit                              5294     5294       62      466       0
                idataBANK1                         59F0     59F0        2      466       0

TOTAL           Name                               Link     Load   Length     Space
        CLASS   HEAP           
                heap                                580      580      280         7

        CLASS   CODE           
                intcode                               8        8       F0         0
                init                                 F8       F8        4         0
                reset_vec                             0        0        4         0
                text89                             59F4     59F4        2         0
                text88                             577C     577C       36         0
                text87                             59EC     59EC        4         0
                text86                             58E4     58E4       28         0
                text85                             59F2     59F2        2         0
                text84                             4F0A     4F0A       88         0
                text83                             55E4     55E4       3E         0
                text82                             3F00     3F00      118         0
                text81                             444E     444E      108         0
                text80                             465C     465C       F2         0
                text79                             3B5A     3B5A      142         0
                text78                             5008     5008       74         0
                text77                             4CBC     4CBC       AC         0
                text76                             5448     5448       4C         0
                text75                             3C9C     3C9C      13E         0
                text74                             522E     522E       66         0
                text73                             423C     423C      10A         0
                text72                             4E82     4E82       88         0
                text71                             25FA     25FA      354         0
                text70                             34CA     34CA      174         0
                text69                             412E     412E      10E         0
                text68                             3354     3354      176         0
                text67                             483A     483A       EA         0
                text66                             3DDA     3DDA      126         0
                text65                             4B5C     4B5C       B4         0
                text64                             3A18     3A18      142         0
                text63                             4D68     4D68       90         0
                text62                             53AA     53AA       50         0
                text61                             4AA4     4AA4       B8         0
                text60                             5746     5746       36         0
                text59                             52F6     52F6       60         0
                text58                             57E0     57E0       2E         0
                text57                             55A4     55A4       40         0
                text56                             378A     378A      14C         0
                text55                             294E     294E      224         0
                text53                             5622     5622       3C         0
                text52                             1970     1970      4C2         0
                text51                             5494     5494       48         0
                text50                             4346     4346      108         0
                text49                             59E8     59E8        4         0
                text48                             5866     5866       2C         0
                text47                             58BC     58BC       28         0
                text46                             4F92     4F92       76         0
                text45                             2ED4     2ED4      18A         0
                text44                             38D6     38D6      142         0
                text43                             2D2A     2D2A      1AA         0
                text42                             49EC     49EC       B8         0
                text41                             4DF8     4DF8       8A         0
                text40                             5892     5892       2A         0
                text39                             5984     5984       16         0
                text38                             596E     596E       16         0
                text37                             59AC     59AC       12         0
                text36                             59E4     59E4        4         0
                text35                             599A     599A       12         0
                text34                             583A     583A       2C         0
                text33                             59D6     59D6        A         0
                text32                             5930     5930       22         0
                text31                             5952     5952       1C         0
                text30                             59BE     59BE        E         0
                text29                             59CC     59CC        A         0
                text28                             580E     580E       2C         0
                text27                             5522     5522       42         0
                text26                             31DC     31DC      178         0
                text25                             363E     363E      14C         0
                text24                             57B2     57B2       2E         0
                text23                             59E0     59E0        4         0
                text22                             5564     5564       40         0
                text21                             225E     225E      39C         0
                text20                             4C10     4C10       AC         0
                text19                             4556     4556      106         0
                text18                             1E32     1E32      42C         0
                text17                             570C     570C       3A         0
                text16                             50EE     50EE       6C         0
                text15                             2B72     2B72      1B8         0
                text14                             5356     5356       54         0
                text13                             56D2     56D2       3A         0
                text12                             507C     507C       72         0
                text11                             590C     590C       24         0
                text10                             5698     5698       3A         0
                text9                              54DC     54DC       46         0
                text8                               8CC      8CC     10A4         0
                text7                              4018     4018      116         0
                text6                              53FA     53FA       4E         0
                text5                              51C4     51C4       6A         0
                text4                              515A     515A       6A         0
                text3                              474E     474E       EC         0
                text2                              4924     4924       C8         0
                text1                              565E     565E       3A         0
                text0                              305E     305E      17E         0
                cinit                              5294     5294       62         0
                idataBANK1                         59F0     59F0        2         0

        CLASS   CONST          

        CLASS   SMALLCONST     
                smallconst                          800      800       CC         0

        CLASS   MEDIUMCONST    

        CLASS   COMRAM         
                temp                                 59       59        1         1
                cstackCOMRAM                          1        1       2D         1
                bssCOMRAM                            2E       2E       2B         1

        CLASS   ABS1           
                abs_s1                              400      400       40         1
                abs_s1                              500      500       80         1

        CLASS   BIGRAM         

        CLASS   RAM            

        CLASS   BANK0          
                cstackBANK0                          60       60       48         1
                bssBANK0                             A8       A8       10         1

        CLASS   BANK1          
                dataBANK1                           1D7      1D7        2         1
                bssBANK1                            100      100       D7         1

        CLASS   BANK2          
                cstackBANK2                         280      280       50         1
                bssBANK2                            200      200       80         1

        CLASS   BANK3          
                bssBANK3                            300      300       C8         1

        CLASS   BANK4          

        CLASS   BANK5          

        CLASS   BANK6          

        CLASS   BANK7          

        CLASS   SFR            

        CLASS   BIGSFR         

        CLASS   CONFIG         
                config                           300000   300000        E         4

        CLASS   IDLOC          
                idloc                            200000   200000        8         5

        CLASS   EEDATA         

        CLASS   FARRAM         

        CLASS   STACK          



SEGMENTS        Name                           Load    Length   Top    Selector   Space  Class

                bssBANK3                       000300  0000C8  0003C8       300       1  BANK3   
                bssBANK2                       000200  0000D0  0002D0       200       1  BANK2   
                bssBANK1                       000100  0000D9  0001D9       100       1  BANK1   
                cstackBANK0                    000060  000058  0000B8        60       1  BANK0   
                text8                          0008CC  00512A  0059F6       466       0  CODE    
                smallconst                     000800  0000CC  0008CC       400       0  SMALLCON
                heap                           000580  000280  000800       580       7  HEAP    
                intcode                        000008  0000F4  0000FC         4       0  CODE    
                reset_vec                      000000  000004  000004         0       0  CODE    
                cstackCOMRAM                   000001  000059  00005A         1       1  COMRAM  


UNUSED ADDRESS RANGES

        Name                Unused          Largest block    Delta
        BANK0            0000B8-0000FF               48
        BANK1            0001D9-0001FF               27
        BANK2            0002D0-0002FF               30
        BANK3            0003C8-0003FF               38
        BANK4            000440-0004FF               C0
        BANK5            000580-0005FF               80
        BANK6            000600-0006FF              100
        BANK7            000700-0007FF              100
        BIGRAM           00005A-00005F                6
                         0000B8-0000FF               48
                         0001D9-0001FF               27
                         0002D0-0002FF               30
                         0003C8-0003FF               38
                         000440-0004FF               C0
                         000580-0007FF              280
        BIGSFR           000F53-000FFF               AD
        CODE             000004-000007                4
                         0000FC-0007FF              704
                         0059F6-007FFF             260A
        COMRAM           00005A-00005F                6
        CONST            000004-000007                4
                         0000FC-0007FF              704
                         0059F6-007FFF             260A
        EEDATA           F00000-F000FF              100
        MEDIUMCONST      0059F6-007FFF             260A
        RAM              0000B8-0000FF               48
                         0001D9-0001FF               27
                         0002D0-0002FF               30
                         0003C8-0003FF               38
                         000440-0004FF               C0
                         000580-0007FF              100
        SFR              000F53-000FFF                D
        SMALLCONST       0059F6-007FFF              100

                                  Symbol Table

?_USBTransferOnePacket                    cstackBANK0  000060
?___fladd                                 cstackBANK0  000060
?___fldiv                                 cstackBANK0  000060
?___flmul                                 cstackBANK0  000060
?___flneg                                 cstackBANK0  000060
?___flsub                                 cstackBANK0  000070
?___fltol                                 cstackBANK0  000060
?___lmul                                  cstackBANK0  000060
?___wmul                                  cstackBANK0  000060
?___xxtofl                                cstackBANK0  000060
?_getTokens                               cstackBANK0  000070
?_isdigit                                 cstackBANK0  000060
?_islower                                 cstackBANK0  000060
?_isspace                                 cstackBANK0  000060
?_isxdigit                                cstackBANK0  000066
?_nanf                                    cstackBANK0  000060
?_strchr                                  cstackBANK0  000060
?_strcspn                                 cstackBANK0  000065
?_strlen                                  cstackBANK0  000060
?_strspn                                  cstackBANK0  000065
?_strtof                                  cstackBANK0  000079
?_strtok                                  cstackBANK0  00006C
?_toupper                                 cstackBANK0  000066
?i2_USBTransferOnePacket                  cstackCOMRAM 000001
CDCTxService@byte_to_send                 cstackBANK0  00006C
CDCTxService@i                            cstackBANK0  00006B
Fila_Init@fila                            cstackBANK0  000060
G_00@axis                                 cstackBANK0  000078
G_00@distancia                            cstackBANK0  00007E
G_00@i                                    cstackBANK0  000082
G_00@n                                    cstackBANK0  00007A
MCC_USB_READ@i                            cstackBANK0  00006F
MCC_USB_WRITE@nBytes                      cstackBANK0  00006F
MCC_USB_WRITE@str                         cstackBANK0  00006D
TMR0_SetInterruptHandler@InterruptHandler cstackBANK0  000060
TMR3_SetInterruptHandler@InterruptHandler cstackBANK0  000060
TMR3_WriteTimer@timerVal                  cstackBANK0  000060
USBConfigureEndpoint@EPNum                cstackCOMRAM 000006
USBConfigureEndpoint@direction            cstackCOMRAM 000001
USBConfigureEndpoint@handle               cstackCOMRAM 000007
USBCtrlTrfInHandler@lastDTS               cstackCOMRAM 000002
USBCtrlTrfRxService@byteToRead            cstackCOMRAM 000002
USBCtrlTrfRxService@i                     cstackCOMRAM 000001
USBCtrlTrfTxService@byteToSend            cstackCOMRAM 000001
USBDeviceInit@i                           cstackBANK0  00006C
USBDeviceTasks@i                          cstackCOMRAM 00001F
USBEnableEndpoint@ep                      cstackCOMRAM 00000C
USBEnableEndpoint@options                 cstackCOMRAM 000009
USBEnableEndpoint@p                       cstackCOMRAM 00000A
USBStdFeatureReqHandler@current_ep_data   cstackCOMRAM 000019
USBStdFeatureReqHandler@p                 cstackCOMRAM 00001A
USBStdFeatureReqHandler@pUEP              cstackCOMRAM 000017
USBStdGetStatusHandler@p                  cstackCOMRAM 000003
USBStdSetCfgHandler@i                     cstackCOMRAM 000015
USBTransferOnePacket@data                 cstackBANK0  000061
USBTransferOnePacket@dir                  cstackBANK0  000060
USBTransferOnePacket@ep                   cstackBANK0  000068
USBTransferOnePacket@handle               cstackBANK0  000069
USBTransferOnePacket@len                  cstackBANK0  000063
USER_USB_CALLBACK_EVENT_HANDLER@event     cstackCOMRAM 00000D
USER_USB_CALLBACK_EVENT_HANDLER@pdata     cstackCOMRAM 00000F
USER_USB_CALLBACK_EVENT_HANDLER@size      cstackCOMRAM 000011
_ACTCON                                   (abs)        000FB5
_ADCON0                                   (abs)        000FC2
_ADCON0bits                               (abs)        000FC2
_ADCON1                                   (abs)        000FC1
_ADCON2                                   (abs)        000FC0
_ADC_Initialize                           text38       00596E
_ADC_InterruptHandler                     bssBANK1     00013C
_ADRESH                                   (abs)        000FC4
_ADRESL                                   (abs)        000FC3
_ANSELA                                   (abs)        000F5B
_ANSELB                                   (abs)        000F5C
_ANSELC                                   (abs)        000F5D
_BDT                                      (abs)        000400
_BaudRateGen                              bssBANK1     00011C
_BothEP0OutUOWNsSet                       bssCOMRAM    00004F
_CCP2CON                                  (abs)        000F97
_CCP2_Initialize                          text37       0059AC
_CCPR2H                                   (abs)        000F91
_CCPR2L                                   (abs)        000F90
_CCPTMRSbits                              (abs)        000F59
_CDCDataInHandle                          bssBANK1     000144
_CDCDataOutHandle                         bssCOMRAM    00003E
_CDCInitEP                                text74       00522E
_CDCTxService                             text43       002D2A
_CtrlTrfData                              (abs)        000438
_EEADR                                    (abs)        000FA9
_EECON1bits                               (abs)        000FA6
_EECON2                                   (abs)        000FA7
_EEDATA                                   (abs)        000FA8
_Fila_Init                                text53       005622
_G                                        bssBANK3     000300
_G_00                                     text45       002ED4
_INTCON2bits                              (abs)        000FF1
_INTCONbits                               (abs)        000FF2
_INTERRUPT_Initialize                     text36       0059E4
_INTERRUPT_InterruptManager               intcode      000008
_IPR3bits                                 (abs)        000FA5
_LATA                                     (abs)        000F89
_LATB                                     (abs)        000F8A
_LATBbits                                 (abs)        000F8A
_LATC                                     (abs)        000F8B
_MCC_USB_READ                             text41       004DF8
_MCC_USB_WRITE                            text39       005984
_MY_TMR3_ISR                              text84       004F0A
_OSCCON                                   (abs)        000FD3
_OSCCON2                                  (abs)        000FD2
_OSCILLATOR_Initialize                    text35       00599A
_OSCTUNE                                  (abs)        000F9B
_PIE2bits                                 (abs)        000FA0
_PIE3bits                                 (abs)        000FA3
_PIN_MANAGER_Initialize                   text34       00583A
_PIR1bits                                 (abs)        000F9E
_PIR2bits                                 (abs)        000FA1
_PIR3bits                                 (abs)        000FA4
_PORTBbits                                (abs)        000F81
_PR2                                      (abs)        000FBB
_RCONbits                                 (abs)        000FD0
_RemoteWakeup                             bssCOMRAM    000051
_SYSTEM_Initialize                        text24       0057B2
_SetupPkt                                 (abs)        000430
_T0CON                                    (abs)        000FD5
_T0CONbits                                (abs)        000FD5
_T1CON                                    (abs)        000FCD
_T1CONbits                                (abs)        000FCD
_T1GCON                                   (abs)        000FCC
_T1GCONbits                               (abs)        000FCC
_T2CON                                    (abs)        000FBA
_T2CONbits                                (abs)        000FBA
_T3CON                                    (abs)        000FB1
_T3CONbits                                (abs)        000FB1
_T3GCON                                   (abs)        000FB4
_T3GCONbits                               (abs)        000FB4
_TABLAT                                   (abs)        000FF5
_TBLPTRH                                  (abs)        000FF7
_TBLPTRL                                  (abs)        000FF6
_TBLPTRU                                  (abs)        000FF8
_TMR0H                                    (abs)        000FD7
_TMR0L                                    (abs)        000FD6
_TMR0_DefaultInterruptHandler             text89       0059F4
_TMR0_ISR                                 text88       00577C
_TMR0_Initialize                          text32       005930
_TMR0_InterruptHandler                    bssBANK1     00013E
_TMR0_SetInterruptHandler                 text33       0059D6
_TMR1                                     (abs)        000FCE
_TMR1H                                    (abs)        000FCF
_TMR1L                                    (abs)        000FCE
_TMR1_Initialize                          text31       005952
_TMR2                                     (abs)        000FBC
_TMR2_Initialize                          text30       0059BE
_TMR3                                     (abs)        000FB2
_TMR3H                                    (abs)        000FB3
_TMR3L                                    (abs)        000FB2
_TMR3_DefaultInterruptHandler             text85       0059F2
_TMR3_ISR                                 text83       0055E4
_TMR3_Initialize                          text28       00580E
_TMR3_InterruptHandler                    bssBANK1     000142
_TMR3_SetInterruptHandler                 text29       0059CC
_TMR3_StartTimer                          text49       0059E8
_TMR3_StopTimer                           text23       0059E0
_TMR3_WriteTimer                          text48       005866
_TRISA                                    (abs)        000F92
_TRISB                                    (abs)        000F93
_TRISC                                    (abs)        000F94
_UADDR                                    (abs)        000F63
_UCFG                                     (abs)        000F62
_UCON                                     (abs)        000F60
_UCONbits                                 (abs)        000F60
_UEIE                                     (abs)        000F66
_UEIR                                     (abs)        000F67
_UEP0                                     (abs)        000F6A
_UEP0bits                                 (abs)        000F6A
_UEP1                                     (abs)        000F6B
_UIE                                      (abs)        000F64
_UIEbits                                  (abs)        000F64
_UIR                                      (abs)        000F65
_UIRbits                                  (abs)        000F65
_USB1msTickCount                          bssBANK1     000120
_USBActiveConfiguration                   bssCOMRAM    000058
_USBAlternateInterface                    bssCOMRAM    000055
_USBBusIsSuspended                        bssBANK0     0000B7
_USBCheckCDCRequest                       text73       00423C
_USBCheckStdRequest                       text66       003DDA
_USBConfigureEndpoint                     text77       004CBC
_USBCtrlEPAllowDataStage                  text65       004B5C
_USBCtrlEPAllowStatusStage                text80       00465C
_USBCtrlEPService                         text61       004AA4
_USBCtrlEPServiceComplete                 text64       003A18
_USBCtrlTrfInHandler                      text81       00444E
_USBCtrlTrfOutHandler                     text78       005008
_USBCtrlTrfRxService                      text79       003B5A
_USBCtrlTrfSetupHandler                   text63       004D68
_USBCtrlTrfTxService                      text82       003F00
_USBDeferINDataStagePackets               bssCOMRAM    00004A
_USBDeferOUTDataStagePackets              bssCOMRAM    000049
_USBDeferStatusStagePacket                bssCOMRAM    00004D
_USBDeviceAttach                          text27       005522
_USBDeviceInit                            text25       00363E
_USBDeviceState                           bssCOMRAM    000054
_USBDeviceTasks                           text55       00294E
_USBEnableEndpoint                        text76       005448
_USBIncrement1msInternalTimers            text60       005746
_USBStallHandler                          text59       0052F6
_USBStatusStageEnabledFlag1               bssCOMRAM    00004C
_USBStatusStageEnabledFlag2               bssCOMRAM    00004B
_USBStatusStageTimeoutCounter             bssCOMRAM    00004E
_USBStdFeatureReqHandler                  text71       0025FA
_USBStdGetDscHandler                      text70       0034CA
_USBStdGetStatusHandler                   text69       00412E
_USBStdSetCfgHandler                      text67       00483A
_USBSuspend                               text58       0057E0
_USBTicksSinceSuspendEnd                  bssCOMRAM    000048
_USBTransferOnePacket                     text44       0038D6
_USBWakeFromSuspend                       text57       0055A4
_USB_CD_Ptr                               smallconst   000807
_USB_SD_Ptr                               smallconst   000801
_USER_USB_CALLBACK_EVENT_HANDLER          text72       004E82
_USTAT                                    (abs)        000F61
_USTATcopy                                bssCOMRAM    000057
_WPUB                                     (abs)        000F85
__HRAM                                    (abs)        000000
__Habs1                                   abs1         000000
__Hbank0                                  bank0        000000
__Hbank1                                  bank1        000000
__Hbank2                                  bank2        000000
__Hbank3                                  bank3        000000
__Hbank4                                  bank4        000000
__Hbank5                                  bank5        000000
__Hbank6                                  bank6        000000
__Hbank7                                  bank7        000000
__Hbigbss                                 bigbss       000000
__Hbigdata                                bigdata      000000
__Hbigram                                 bigram       000000
__Hbigsfr                                 bigsfr       000000
__Hbss                                    bss          000000
__HbssBANK0                               bssBANK0     000000
__HbssBANK1                               bssBANK1     000000
__HbssBANK2                               bssBANK2     000000
__HbssBANK3                               bssBANK3     000000
__HbssCOMRAM                              bssCOMRAM    000000
__Hcinit                                  cinit        000000
__Hclrtext                                clrtext      000000
__Hcomram                                 comram       000000
__Hconfig                                 config       30000E
__Hconst                                  const        000000
__HcstackBANK0                            cstackBANK0  000000
__HcstackBANK2                            cstackBANK2  000000
__HcstackCOMRAM                           cstackCOMRAM 000000
__Hdata                                   data         000000
__HdataBANK1                              dataBANK1    000000
__Heeprom_data                            eeprom_data  000000
__Hfarbss                                 farbss       000000
__Hfardata                                fardata      000000
__Hheap                                   heap         000800
__Hibigdata                               ibigdata     000000
__Hidata                                  idata        000000
__HidataBANK1                             idataBANK1   000000
__Hidloc                                  idloc        200008
__Hifardata                               ifardata     000000
__Hinit                                   init         0000FC
__Hintcode                                intcode      0000F8
__Hintcode_body                           intcode_body 000000
__Hintcodelo                              intcodelo    0000F8
__Hintentry                               intentry     000000
__Hintret                                 intret       000000
__Hintsave_regs                           intsave_regs 000000
__Hirdata                                 irdata       000000
__Hmediumconst                            mediumconst  000000
__HnvFARRAM                               nvFARRAM     000000
__Hnvbit                                  nvbit        000000
__Hnvrram                                 nvrram       000000
__Hparam                                  rparam       000000
__Hpowerup                                powerup      0000F8
__Hram                                    ram          000000
__Hramtop                                 ramtop       000800
__Hrbit                                   rbit         000000
__Hrbss                                   rbss         000000
__Hrdata                                  rdata        000000
__Hreset_vec                              reset_vec    000004
__Hrparam                                 rparam       000000
__Hsfr                                    sfr          000000
__Hsmallconst                             smallconst   0008CC
__Hspace_0                                (abs)        0059F6
__Hspace_1                                (abs)        0003C8
__Hspace_2                                (abs)        000000
__Hspace_4                                (abs)        60000E
__Hstack                                  stack        000000
__Hstruct                                 struct       000000
__Htemp                                   temp         00005A
__Htext                                   text         000000
__Htext0                                  text0        000000
__Htext1                                  text1        000000
__Htext10                                 text10       000000
__Htext11                                 text11       000000
__Htext12                                 text12       000000
__Htext13                                 text13       000000
__Htext14                                 text14       000000
__Htext15                                 text15       000000
__Htext16                                 text16       000000
__Htext17                                 text17       000000
__Htext18                                 text18       000000
__Htext19                                 text19       000000
__Htext2                                  text2        000000
__Htext20                                 text20       000000
__Htext21                                 text21       000000
__Htext22                                 text22       000000
__Htext23                                 text23       000000
__Htext24                                 text24       000000
__Htext25                                 text25       000000
__Htext26                                 text26       000000
__Htext27                                 text27       000000
__Htext28                                 text28       000000
__Htext29                                 text29       000000
__Htext3                                  text3        000000
__Htext30                                 text30       000000
__Htext31                                 text31       000000
__Htext32                                 text32       000000
__Htext33                                 text33       000000
__Htext34                                 text34       000000
__Htext35                                 text35       000000
__Htext36                                 text36       000000
__Htext37                                 text37       000000
__Htext38                                 text38       000000
__Htext39                                 text39       000000
__Htext4                                  text4        000000
__Htext40                                 text40       000000
__Htext41                                 text41       000000
__Htext42                                 text42       000000
__Htext43                                 text43       000000
__Htext44                                 text44       000000
__Htext45                                 text45       000000
__Htext46                                 text46       000000
__Htext47                                 text47       000000
__Htext48                                 text48       000000
__Htext49                                 text49       000000
__Htext5                                  text5        000000
__Htext50                                 text50       000000
__Htext51                                 text51       000000
__Htext52                                 text52       000000
__Htext53                                 text53       000000
__Htext55                                 text55       000000
__Htext56                                 text56       000000
__Htext57                                 text57       000000
__Htext58                                 text58       000000
__Htext59                                 text59       000000
__Htext6                                  text6        000000
__Htext60                                 text60       000000
__Htext61                                 text61       000000
__Htext62                                 text62       000000
__Htext63                                 text63       000000
__Htext64                                 text64       000000
__Htext65                                 text65       000000
__Htext66                                 text66       000000
__Htext67                                 text67       000000
__Htext68                                 text68       000000
__Htext69                                 text69       000000
__Htext7                                  text7        000000
__Htext70                                 text70       000000
__Htext71                                 text71       000000
__Htext72                                 text72       000000
__Htext73                                 text73       000000
__Htext74                                 text74       000000
__Htext75                                 text75       000000
__Htext76                                 text76       000000
__Htext77                                 text77       000000
__Htext78                                 text78       000000
__Htext79                                 text79       000000
__Htext8                                  text8        000000
__Htext80                                 text80       000000
__Htext81                                 text81       000000
__Htext82                                 text82       000000
__Htext83                                 text83       000000
__Htext84                                 text84       000000
__Htext85                                 text85       000000
__Htext86                                 text86       000000
__Htext87                                 text87       000000
__Htext88                                 text88       000000
__Htext89                                 text89       000000
__Htext9                                  text9        000000
__Htext90                                 text90       000000
__LRAM                                    (abs)        000001
__Labs1                                   abs1         000000
__Lbank0                                  bank0        000000
__Lbank1                                  bank1        000000
__Lbank2                                  bank2        000000
__Lbank3                                  bank3        000000
__Lbank4                                  bank4        000000
__Lbank5                                  bank5        000000
__Lbank6                                  bank6        000000
__Lbank7                                  bank7        000000
__Lbigbss                                 bigbss       000000
__Lbigdata                                bigdata      000000
__Lbigram                                 bigram       000000
__Lbigsfr                                 bigsfr       000000
__Lbss                                    bss          000000
__LbssBANK0                               bssBANK0     000000
__LbssBANK1                               bssBANK1     000000
__LbssBANK2                               bssBANK2     000000
__LbssBANK3                               bssBANK3     000000
__LbssCOMRAM                              bssCOMRAM    000000
__Lcinit                                  cinit        000000
__Lclrtext                                clrtext      000000
__Lcomram                                 comram       000000
__Lconfig                                 config       000000
__Lconst                                  const        000000
__LcstackBANK0                            cstackBANK0  000000
__LcstackBANK2                            cstackBANK2  000000
__LcstackCOMRAM                           cstackCOMRAM 000000
__Ldata                                   data         000000
__LdataBANK1                              dataBANK1    000000
__Leeprom_data                            eeprom_data  000000
__Lfarbss                                 farbss       000000
__Lfardata                                fardata      000000
__Lheap                                   heap         000580
__Libigdata                               ibigdata     000000
__Lidata                                  idata        000000
__LidataBANK1                             idataBANK1   000000
__Lidloc                                  idloc        000000
__Lifardata                               ifardata     000000
__Linit                                   init         0000F8
__Lintcode                                intcode      000008
__Lintcode_body                           intcode_body 000000
__Lintcodelo                              intcodelo    0000F8
__Lintentry                               intentry     000000
__Lintret                                 intret       000000
__Lintsave_regs                           intsave_regs 000000
__Lirdata                                 irdata       000000
__Lmediumconst                            mediumconst  000000
__LnvFARRAM                               nvFARRAM     000000
__Lnvbit                                  nvbit        000000
__Lnvrram                                 nvrram       000000
__Lparam                                  rparam       000000
__Lpowerup                                powerup      0000F8
__Lram                                    ram          000000
__Lramtop                                 ramtop       000800
__Lrbit                                   rbit         000000
__Lrbss                                   rbss         000000
__Lrdata                                  rdata        000000
__Lreset_vec                              reset_vec    000000
__Lrparam                                 rparam       000000
__Lsfr                                    sfr          000000
__Lsmallconst                             smallconst   000800
__Lspace_0                                (abs)        000000
__Lspace_1                                (abs)        000000
__Lspace_2                                (abs)        000000
__Lspace_4                                (abs)        000000
__Lstack                                  stack        000000
__Lstruct                                 struct       000000
__Ltemp                                   temp         000059
__Ltext                                   text         000000
__Ltext0                                  text0        000000
__Ltext1                                  text1        000000
__Ltext10                                 text10       000000
__Ltext11                                 text11       000000
__Ltext12                                 text12       000000
__Ltext13                                 text13       000000
__Ltext14                                 text14       000000
__Ltext15                                 text15       000000
__Ltext16                                 text16       000000
__Ltext17                                 text17       000000
__Ltext18                                 text18       000000
__Ltext19                                 text19       000000
__Ltext2                                  text2        000000
__Ltext20                                 text20       000000
__Ltext21                                 text21       000000
__Ltext22                                 text22       000000
__Ltext23                                 text23       000000
__Ltext24                                 text24       000000
__Ltext25                                 text25       000000
__Ltext26                                 text26       000000
__Ltext27                                 text27       000000
__Ltext28                                 text28       000000
__Ltext29                                 text29       000000
__Ltext3                                  text3        000000
__Ltext30                                 text30       000000
__Ltext31                                 text31       000000
__Ltext32                                 text32       000000
__Ltext33                                 text33       000000
__Ltext34                                 text34       000000
__Ltext35                                 text35       000000
__Ltext36                                 text36       000000
__Ltext37                                 text37       000000
__Ltext38                                 text38       000000
__Ltext39                                 text39       000000
__Ltext4                                  text4        000000
__Ltext40                                 text40       000000
__Ltext41                                 text41       000000
__Ltext42                                 text42       000000
__Ltext43                                 text43       000000
__Ltext44                                 text44       000000
__Ltext45                                 text45       000000
__Ltext46                                 text46       000000
__Ltext47                                 text47       000000
__Ltext48                                 text48       000000
__Ltext49                                 text49       000000
__Ltext5                                  text5        000000
__Ltext50                                 text50       000000
__Ltext51                                 text51       000000
__Ltext52                                 text52       000000
__Ltext53                                 text53       000000
__Ltext55                                 text55       000000
__Ltext56                                 text56       000000
__Ltext57                                 text57       000000
__Ltext58                                 text58       000000
__Ltext59                                 text59       000000
__Ltext6                                  text6        000000
__Ltext60                                 text60       000000
__Ltext61                                 text61       000000
__Ltext62                                 text62       000000
__Ltext63                                 text63       000000
__Ltext64                                 text64       000000
__Ltext65                                 text65       000000
__Ltext66                                 text66       000000
__Ltext67                                 text67       000000
__Ltext68                                 text68       000000
__Ltext69                                 text69       000000
__Ltext7                                  text7        000000
__Ltext70                                 text70       000000
__Ltext71                                 text71       000000
__Ltext72                                 text72       000000
__Ltext73                                 text73       000000
__Ltext74                                 text74       000000
__Ltext75                                 text75       000000
__Ltext76                                 text76       000000
__Ltext77                                 text77       000000
__Ltext78                                 text78       000000
__Ltext79                                 text79       000000
__Ltext8                                  text8        000000
__Ltext80                                 text80       000000
__Ltext81                                 text81       000000
__Ltext82                                 text82       000000
__Ltext83                                 text83       000000
__Ltext84                                 text84       000000
__Ltext85                                 text85       000000
__Ltext86                                 text86       000000
__Ltext87                                 text87       000000
__Ltext88                                 text88       000000
__Ltext89                                 text89       000000
__Ltext9                                  text9        000000
__Ltext90                                 text90       000000
__S0                                      (abs)        0059F6
__S1                                      (abs)        0003C8
__S4                                      (abs)        000000
__S5                                      (abs)        000000
__S7                                      (abs)        000800
___fladd                                  text52       001970
___fladd@a                                cstackBANK0  000064
___fladd@aexp                             cstackBANK0  00006D
___fladd@b                                cstackBANK0  000060
___fladd@bexp                             cstackBANK0  00006E
___fladd@grs                              cstackBANK0  00006F
___fladd@signs                            cstackBANK0  00006C
___fldiv                                  text21       00225E
___fldiv@a                                cstackBANK0  000064
___fldiv@aexp                             cstackBANK0  000078
___fldiv@b                                cstackBANK0  000060
___fldiv@bexp                             cstackBANK0  000077
___fldiv@grs                              cstackBANK0  000073
___fldiv@new_exp                          cstackBANK0  000071
___fldiv@rem                              cstackBANK0  00006C
___fldiv@sign                             cstackBANK0  000070
___fleq                                   text20       004C10
___fleq@ff1                               cstackBANK0  000060
___fleq@ff2                               cstackBANK0  000064
___flge                                   text19       004556
___flge@ff1                               cstackBANK0  000060
___flge@ff2                               cstackBANK0  000064
___flmul                                  text18       001E32
___flmul@a                                cstackBANK0  000064
___flmul@aexp                             cstackBANK0  00006D
___flmul@b                                cstackBANK0  000060
___flmul@bexp                             cstackBANK0  000072
___flmul@grs                              cstackBANK0  00006E
___flmul@prod                             cstackBANK0  000073
___flmul@sign                             cstackBANK0  00006C
___flmul@temp                             cstackBANK0  000077
___flneg                                  text17       00570C
___flneg@f1                               cstackBANK0  000060
___flsub                                  text51       005494
___flsub@a                                cstackBANK0  000074
___flsub@b                                cstackBANK0  000070
___fltol                                  text50       004346
___fltol@exp1                             cstackBANK0  000069
___fltol@f1                               cstackBANK0  000060
___fltol@sign1                            cstackBANK0  000068
___freelist                               bssBANK1     000134
___heap_hi                                heap         000800
___heap_lo                                heap         000580
___inthi_sp                               stack        000000
___intlo_sp                               stack        000000
___lmul                                   text16       0050EE
___lmul@multiplicand                      cstackBANK0  000064
___lmul@multiplier                        cstackBANK0  000060
___lmul@product                           cstackBANK0  000068
___param_bank                             (abs)        000000
___rparam_used                            (abs)        000001
___sp                                     stack        000000
___wmul                                   text47       0058BC
___wmul@multiplicand                      cstackBANK0  000062
___wmul@multiplier                        cstackBANK0  000060
___wmul@product                           cstackBANK0  000064
___xxtofl                                 text15       002B72
___xxtofl@arg                             cstackBANK0  00006A
___xxtofl@exp                             cstackBANK0  000069
___xxtofl@sign                            cstackBANK0  000068
___xxtofl@val                             cstackBANK0  000060
__accesstop                               (abs)        000060
__activetblptr                            (abs)        000002
__end_of_ADC_Initialize                   text38       005984
__end_of_CCP2_Initialize                  text37       0059BE
__end_of_CDCInitEP                        text74       005294
__end_of_CDCTxService                     text43       002ED4
__end_of_Fila_Init                        text53       00565E
__end_of_G_00                             text45       00305E
__end_of_INTERRUPT_Initialize             text36       0059E8
__end_of_INTERRUPT_InterruptManager       intcode      0000F8
__end_of_MCC_USB_READ                     text41       004E82
__end_of_MCC_USB_WRITE                    text39       00599A
__end_of_MY_TMR3_ISR                      text84       004F92
__end_of_OSCILLATOR_Initialize            text35       0059AC
__end_of_PIN_MANAGER_Initialize           text34       005866
__end_of_SYSTEM_Initialize                text24       0057E0
__end_of_TMR0_DefaultInterruptHandler     text89       0059F6
__end_of_TMR0_ISR                         text88       0057B2
__end_of_TMR0_Initialize                  text32       005952
__end_of_TMR0_SetInterruptHandler         text33       0059E0
__end_of_TMR1_Initialize                  text31       00596E
__end_of_TMR2_Initialize                  text30       0059CC
__end_of_TMR3_DefaultInterruptHandler     text85       0059F4
__end_of_TMR3_ISR                         text83       005622
__end_of_TMR3_Initialize                  text28       00583A
__end_of_TMR3_SetInterruptHandler         text29       0059D6
__end_of_TMR3_StartTimer                  text49       0059EC
__end_of_TMR3_StopTimer                   text23       0059E4
__end_of_TMR3_WriteTimer                  text48       005892
__end_of_USBCheckCDCRequest               text73       004346
__end_of_USBCheckStdRequest               text66       003F00
__end_of_USBConfigureEndpoint             text77       004D68
__end_of_USBCtrlEPAllowDataStage          text65       004C10
__end_of_USBCtrlEPAllowStatusStage        text80       00474E
__end_of_USBCtrlEPService                 text61       004B5C
__end_of_USBCtrlEPServiceComplete         text64       003B5A
__end_of_USBCtrlTrfInHandler              text81       004556
__end_of_USBCtrlTrfOutHandler             text78       00507C
__end_of_USBCtrlTrfRxService              text79       003C9C
__end_of_USBCtrlTrfSetupHandler           text63       004DF8
__end_of_USBCtrlTrfTxService              text82       004018
__end_of_USBDeviceAttach                  text27       005564
__end_of_USBDeviceInit                    text25       00378A
__end_of_USBDeviceTasks                   text55       002B72
__end_of_USBEnableEndpoint                text76       005494
__end_of_USBIncrement1msInternalTimers    text60       00577C
__end_of_USBStallHandler                  text59       005356
__end_of_USBStdFeatureReqHandler          text71       00294E
__end_of_USBStdGetDscHandler              text70       00363E
__end_of_USBStdGetStatusHandler           text69       00423C
__end_of_USBStdSetCfgHandler              text67       004924
__end_of_USBSuspend                       text58       00580E
__end_of_USBTransferOnePacket             text44       003A18
__end_of_USBWakeFromSuspend               text57       0055E4
__end_of_USB_CD_Ptr                       smallconst   000809
__end_of_USB_SD_Ptr                       smallconst   000807
__end_of_USER_USB_CALLBACK_EVENT_HANDLER  text72       004F0A
__end_of___fladd                          text52       001E32
__end_of___fldiv                          text21       0025FA
__end_of___fleq                           text20       004CBC
__end_of___flge                           text19       00465C
__end_of___flmul                          text18       00225E
__end_of___flneg                          text17       005746
__end_of___flsub                          text51       0054DC
__end_of___fltol                          text50       00444E
__end_of___lmul                           text16       00515A
__end_of___wmul                           text47       0058E4
__end_of___xxtofl                         text15       002D2A
__end_of__initialization                  cinit        0052E8
__end_of_configDescriptor1                smallconst   00084C
__end_of_device_dsc                       smallconst   0008A8
__end_of_getComands                       text7        00412E
__end_of_getTokens                        text2        0049EC
__end_of_getsUSBUSART                     text42       004AA4
__end_of_isdigit                          text13       00570C
__end_of_islower                          text10       0056D2
__end_of_isspace                          text14       0053AA
__end_of_isxdigit                         text12       0050EE
__end_of_main                             text0        0031DC
__end_of_memcpy                           text62       0053FA
__end_of_memset                           text26       003354
__end_of_mover_2                          text46       005008
__end_of_nanf                             text11       005930
__end_of_putUSBUSART                      text40       0058BC
__end_of_sd000                            smallconst   0008AC
__end_of_sd001                            smallconst   000880
__end_of_sd002                            smallconst   000896
__end_of_strchr                           text6        005448
__end_of_strcpy                           text22       0055A4
__end_of_strcspn                          text5        00522E
__end_of_strlen                           text1        005698
__end_of_strspn                           text4        0051C4
__end_of_strtof                           text8        001970
__end_of_strtok                           text3        00483A
__end_of_toupper                          text9        005522
__end_ofi2_TMR3_StopTimer                 text87       0059F0
__end_ofi2_TMR3_WriteTimer                text86       00590C
__end_ofi2_USBDeviceInit                  text56       0038D6
__end_ofi2_USBTransferOnePacket           text75       003DDA
__end_ofi2_memset                         text68       0034CA
__initialization                          cinit        005294
__mediumconst                             mediumconst  000000
__pbssBANK0                               bssBANK0     0000A8
__pbssBANK1                               bssBANK1     000100
__pbssBANK2                               bssBANK2     000200
__pbssBANK3                               bssBANK3     000300
__pbssCOMRAM                              bssCOMRAM    00002E
__pcinit                                  cinit        005294
__pcstackBANK0                            cstackBANK0  000060
__pcstackBANK2                            cstackBANK2  000280
__pcstackCOMRAM                           cstackCOMRAM 000001
__pdataBANK1                              dataBANK1    0001D7
__pidataBANK1                             idataBANK1   0059F0
__pintcode                                intcode      000008
__psmallconst                             smallconst   000800
__ptext0                                  text0        00305E
__ptext1                                  text1        00565E
__ptext10                                 text10       005698
__ptext11                                 text11       00590C
__ptext12                                 text12       00507C
__ptext13                                 text13       0056D2
__ptext14                                 text14       005356
__ptext15                                 text15       002B72
__ptext16                                 text16       0050EE
__ptext17                                 text17       00570C
__ptext18                                 text18       001E32
__ptext19                                 text19       004556
__ptext2                                  text2        004924
__ptext20                                 text20       004C10
__ptext21                                 text21       00225E
__ptext22                                 text22       005564
__ptext23                                 text23       0059E0
__ptext24                                 text24       0057B2
__ptext25                                 text25       00363E
__ptext26                                 text26       0031DC
__ptext27                                 text27       005522
__ptext28                                 text28       00580E
__ptext29                                 text29       0059CC
__ptext3                                  text3        00474E
__ptext30                                 text30       0059BE
__ptext31                                 text31       005952
__ptext32                                 text32       005930
__ptext33                                 text33       0059D6
__ptext34                                 text34       00583A
__ptext35                                 text35       00599A
__ptext36                                 text36       0059E4
__ptext37                                 text37       0059AC
__ptext38                                 text38       00596E
__ptext39                                 text39       005984
__ptext4                                  text4        00515A
__ptext40                                 text40       005892
__ptext41                                 text41       004DF8
__ptext42                                 text42       0049EC
__ptext43                                 text43       002D2A
__ptext44                                 text44       0038D6
__ptext45                                 text45       002ED4
__ptext46                                 text46       004F92
__ptext47                                 text47       0058BC
__ptext48                                 text48       005866
__ptext49                                 text49       0059E8
__ptext5                                  text5        0051C4
__ptext50                                 text50       004346
__ptext51                                 text51       005494
__ptext52                                 text52       001970
__ptext53                                 text53       005622
__ptext55                                 text55       00294E
__ptext56                                 text56       00378A
__ptext57                                 text57       0055A4
__ptext58                                 text58       0057E0
__ptext59                                 text59       0052F6
__ptext6                                  text6        0053FA
__ptext60                                 text60       005746
__ptext61                                 text61       004AA4
__ptext62                                 text62       0053AA
__ptext63                                 text63       004D68
__ptext64                                 text64       003A18
__ptext65                                 text65       004B5C
__ptext66                                 text66       003DDA
__ptext67                                 text67       00483A
__ptext68                                 text68       003354
__ptext69                                 text69       00412E
__ptext7                                  text7        004018
__ptext70                                 text70       0034CA
__ptext71                                 text71       0025FA
__ptext72                                 text72       004E82
__ptext73                                 text73       00423C
__ptext74                                 text74       00522E
__ptext75                                 text75       003C9C
__ptext76                                 text76       005448
__ptext77                                 text77       004CBC
__ptext78                                 text78       005008
__ptext79                                 text79       003B5A
__ptext8                                  text8        0008CC
__ptext80                                 text80       00465C
__ptext81                                 text81       00444E
__ptext82                                 text82       003F00
__ptext83                                 text83       0055E4
__ptext84                                 text84       004F0A
__ptext85                                 text85       0059F2
__ptext86                                 text86       0058E4
__ptext87                                 text87       0059EC
__ptext88                                 text88       00577C
__ptext89                                 text89       0059F4
__ptext9                                  text9        0054DC
__ptext90                                 text90       000000
__ramtop                                  ramtop       000800
__smallconst                              smallconst   000800
_cdc_data_rx                              (abs)        000540
_cdc_data_tx                              (abs)        000500
_cdc_mem_type                             bssCOMRAM    000046
_cdc_notice                               bssBANK1     000100
_cdc_rx_len                               bssBANK0     0000B6
_cdc_trf_state                            bssCOMRAM    000047
_cdc_tx_len                               bssBANK0     0000B5
_configDescriptor1                        smallconst   000809
_controlTransferState                     bssCOMRAM    000052
_control_signal_bitmap                    bssCOMRAM    000045
_device_dsc                               smallconst   000896
_dummy_encapsulated_cmd_response          bssBANK1     0001C8
_end_flag                                 bssBANK1     000138
_endpoint_number                          bssCOMRAM    000050
_ep_data_in                               bssCOMRAM    000039
_ep_data_out                              bssCOMRAM    000036
_errno                                    bssBANK1     00012E
_flag                                     bssBANK1     00013A
_getComands                               text7        004018
_getTokens                                text2        004924
_getsUSBUSART                             text42       0049EC
_inPipes                                  bssBANK0     0000A8
_isdigit                                  text13       0056D2
_islower                                  text10       005698
_isspace                                  text14       005356
_isspace$4591                             cstackBANK0  000066
_isxdigit                                 text12       00507C
_isxdigit$4603                            cstackBANK0  00006C
_line_coding                              bssBANK1     0001D0
_main                                     text0        00305E
_main$5217                                cstackBANK2  0002C6
_memcpy                                   text62       0053AA
_memset                                   text26       0031DC
_mover_2                                  text46       004F92
_nanf                                     text11       00590C
_numBytesRead                             bssBANK0     0000B4
_outPipes                                 bssCOMRAM    00002E
_pBDTEntryEP0OutCurrent                   bssCOMRAM    000042
_pBDTEntryEP0OutNext                      bssCOMRAM    000040
_pBDTEntryIn                              bssBANK0     0000AE
_pBDTEntryOut                             bssBANK1     00010A
_pCDCDst                                  bssBANK1     000124
_pCDCSrc                                  bssBANK1     000127
_pDst                                     bssBANK1     000146
_pasos                                    bssBANK1     000136
_pos_absoluta_Z                           bssBANK1     000114
_pos_relativa_Z                           bssBANK1     000118
_putUSBUSART                              text40       005892
_readBuffer                               bssBANK1     000188
_readBuffer@main$F3712                    bssBANK2     000240
_sd000                                    smallconst   0008A8
_sd001                                    smallconst   00084C
_sd002                                    smallconst   000880
_shortPacketStatus                        bssCOMRAM    000053
_strchr                                   text6        0053FA
_strcpy                                   text22       005564
_strcspn                                  text5        0051C4
_strlen                                   text1        00565E
_strspn                                   text4        00515A
_strtof                                   text8        0008CC
_strtok                                   text3        00474E
_timer0ReloadVal                          bssCOMRAM    000044
_timer1ReloadVal                          bssBANK1     000140
_timer3ReloadVal                          bssCOMRAM    00003C
_toupper                                  text9        0054DC
_writeBuffer                              bssBANK1     000148
_writeBuffer@main$F3713                   bssBANK2     000200
btemp                                     temp         000059
end_of_initialization                     cinit        0052E8
getComands@buff                           cstackBANK0  00009A
getComands@comandos                       cstackBANK0  00008E
getComands@i                              cstackBANK0  0000A4
getComands@size                           cstackBANK0  000092
getComands@tokens                         cstackBANK0  000090
getTokens@F334                            dataBANK1    0001D7
getTokens@i                               cstackBANK0  000078
getTokens@s                               cstackBANK0  000076
getTokens@str                             cstackBANK0  000072
getTokens@token                           cstackBANK0  000070
getsUSBUSART@buffer                       cstackBANK0  00006B
getsUSBUSART@len                          cstackBANK0  00006D
i2TMR3_WriteTimer@timerVal                cstackCOMRAM 000001
i2USBDeviceInit@i                         cstackCOMRAM 00000D
i2USBTransferOnePacket@data               cstackCOMRAM 000002
i2USBTransferOnePacket@dir                cstackCOMRAM 000001
i2USBTransferOnePacket@ep                 cstackCOMRAM 000009
i2USBTransferOnePacket@handle             cstackCOMRAM 00000A
i2USBTransferOnePacket@len                cstackCOMRAM 000004
i2_TMR3_StopTimer                         text87       0059EC
i2_TMR3_WriteTimer                        text86       0058E4
i2_USBDeviceInit                          text56       00378A
i2_USBTransferOnePacket                   text75       003C9C
i2_memset                                 text68       003354
i2memset@c                                cstackCOMRAM 000003
i2memset@dest                             cstackCOMRAM 000001
i2memset@k                                cstackCOMRAM 000009
i2memset@n                                cstackCOMRAM 000005
i2memset@s                                cstackCOMRAM 00000B
int$flags                                 temp         000059
intlevel0                                 text         000000
intlevel1                                 text         000000
intlevel2                                 text         000000
intlevel3                                 text         000000
isa$std                                   (abs)        000001
isa$xinst                                 (abs)        000000
isdigit@c                                 cstackBANK0  000060
islower@c                                 cstackBANK0  000060
isspace@c                                 cstackBANK0  000060
isxdigit@c                                cstackBANK0  000066
main@CommandList                          cstackBANK2  0002C8
main@TokensCom                            cstackBANK2  000280
main@comando                              cstackBANK2  000294
main@numTokens                            cstackBANK2  0002CE
malloc@cur                                bssBANK1     000132
malloc@end                                bssBANK1     000130
malloc@lock                               bssBANK1     000110
memcpy@d                                  cstackCOMRAM 000007
memcpy@d1                                 cstackCOMRAM 000001
memcpy@n                                  cstackCOMRAM 000005
memcpy@s                                  cstackCOMRAM 000009
memcpy@s1                                 cstackCOMRAM 000003
memcpy@tmp                                cstackCOMRAM 00000B
memset@c                                  cstackBANK0  000062
memset@dest                               cstackBANK0  000060
memset@k                                  cstackBANK0  000068
memset@n                                  cstackBANK0  000064
memset@s                                  cstackBANK0  00006A
mover_2@distancia                         cstackBANK0  00006A
nanf@s                                    cstackBANK0  000060
nanf@u                                    cstackBANK0  000064
putUSBUSART@data                          cstackBANK0  000060
putUSBUSART@length                        cstackBANK0  000062
stackhi                                   (abs)        000000
stacklo                                   (abs)        000000
start                                     init         0000F8
start_initialization                      cinit        005294
strchr@c                                  cstackBANK0  000062
strchr@s                                  cstackBANK0  000060
strcpy@d                                  cstackBANK0  000066
strcpy@dest                               cstackBANK0  000060
strcpy@s                                  cstackBANK0  000064
strcpy@src                                cstackBANK0  000062
strcspn@c                                 cstackBANK0  000067
strcspn@i                                 cstackBANK0  00006A
strcspn@s                                 cstackBANK0  000065
strlen@a                                  cstackBANK0  000062
strlen@s                                  cstackBANK0  000060
strspn@c                                  cstackBANK0  000067
strspn@i                                  cstackBANK0  00006A
strspn@s                                  cstackBANK0  000065
strtof@_u                                 cstackBANK0  000089
strtof@digit                              cstackBANK0  000083
strtof@eexp                               cstackBANK0  000087
strtof@expon                              cstackBANK0  000085
strtof@flags                              cstackBANK0  000084
strtof@i                                  cstackBANK0  00008D
strtof@res                                cstackBANK0  00007B
strtof@s                                  cstackBANK0  000079
strtok@p                                  bssBANK1     00012A
strtok@s                                  cstackBANK0  00006C
strtok@sep                                cstackBANK0  00006E
toupper@c                                 cstackBANK0  000066
ttemp5                                    temp         00005A
ttemp6                                    temp         00005D
ttemp7                                    temp         000061
wtemp8                                    temp         00005A


MODULE INFORMATION

Module		Function		Class		Link	Load	Size
/Applications/microchip/xc8/v2.36/pic/sources/c99/common/strtok.c
		_strtok        		CODE           	474E	0000	236

/Applications/microchip/xc8/v2.36/pic/sources/c99/common/strtok.c estimated size: 236

/Applications/microchip/xc8/v2.36/pic/sources/c99/common/nanf.c
		_nanf          		CODE           	590C	0000	36

/Applications/microchip/xc8/v2.36/pic/sources/c99/common/nanf.c estimated size: 36

fila.c
		_Fila_Init     		CODE           	5622	0000	60

fila.c estimated size: 60

/Applications/microchip/xc8/v2.36/pic/sources/c99/common/Umul32.c
		___lmul        		CODE           	50EE	0000	108

/Applications/microchip/xc8/v2.36/pic/sources/c99/common/Umul32.c estimated size: 108

GCODE.c
		_G_00          		CODE           	2ED4	0000	394

GCODE.c estimated size: 394

mcc_generated_files/tmr2.c
		_TMR2_Initialize		CODE           	59BE	0000	14

mcc_generated_files/tmr2.c estimated size: 14

guia.c
		_mover_2       		CODE           	4F92	0000	118
		_MY_TMR3_ISR   		CODE           	4F0A	0000	136

guia.c estimated size: 254

/Applications/microchip/xc8/v2.36/pic/sources/c99/common/isdigit.c
		_isdigit       		CODE           	56D2	0000	58

/Applications/microchip/xc8/v2.36/pic/sources/c99/common/isdigit.c estimated size: 58

mcc_generated_files/interrupt_manager.c
		_INTERRUPT_Initialize		CODE           	59E4	0000	4
		_INTERRUPT_InterruptManager		CODE           	0008	0000	240

mcc_generated_files/interrupt_manager.c estimated size: 244

/Applications/microchip/xc8/v2.36/pic/sources/c99/common/fleq.c
		___fleq        		CODE           	4C10	0000	172

/Applications/microchip/xc8/v2.36/pic/sources/c99/common/fleq.c estimated size: 172

/Applications/microchip/xc8/v2.36/pic/sources/c99/common/fltol.c
		___fltol       		CODE           	4346	0000	264

/Applications/microchip/xc8/v2.36/pic/sources/c99/common/fltol.c estimated size: 264

/Applications/microchip/xc8/v2.36/pic/sources/c99/common/sprcadd.c
		___flsub       		CODE           	5494	0000	72
		___fladd       		CODE           	1970	0000	1218

/Applications/microchip/xc8/v2.36/pic/sources/c99/common/sprcadd.c estimated size: 1290

/Applications/microchip/xc8/v2.36/pic/sources/c99/common/xxtofl.c
		___xxtofl      		CODE           	2B72	0000	440

/Applications/microchip/xc8/v2.36/pic/sources/c99/common/xxtofl.c estimated size: 440

mcc_generated_files/tmr0.c
		_TMR0_SetInterruptHandler		CODE           	59D6	0000	10
		_TMR0_DefaultInterruptHandler		CODE           	59F4	0000	2
		_TMR0_ISR      		CODE           	577C	0000	54
		_TMR0_Initialize		CODE           	5930	0000	34

mcc_generated_files/tmr0.c estimated size: 100

StringHandler.c
		_getComands    		CODE           	4018	0000	278
		_getTokens     		CODE           	4924	0000	200

StringHandler.c estimated size: 478

mcc_generated_files/pin_manager.c
		_PIN_MANAGER_Initialize		CODE           	583A	0000	44

mcc_generated_files/pin_manager.c estimated size: 44

/Applications/microchip/xc8/v2.36/pic/sources/c99/common/strlen.c
		_strlen        		CODE           	565E	0000	58

/Applications/microchip/xc8/v2.36/pic/sources/c99/common/strlen.c estimated size: 58

/Applications/microchip/xc8/v2.36/pic/sources/c99/common/strchr.c
		_strchr        		CODE           	53FA	0000	78

/Applications/microchip/xc8/v2.36/pic/sources/c99/common/strchr.c estimated size: 78

/Applications/microchip/xc8/v2.36/pic/sources/c99/common/strcspn.c
		_strcspn       		CODE           	51C4	0000	106

/Applications/microchip/xc8/v2.36/pic/sources/c99/common/strcspn.c estimated size: 106

/Applications/microchip/xc8/v2.36/pic/sources/c99/common/strcpy.c
		_strcpy        		CODE           	5564	0000	64

/Applications/microchip/xc8/v2.36/pic/sources/c99/common/strcpy.c estimated size: 64

/Applications/microchip/xc8/v2.36/pic/sources/c99/common/memset.c
		_memset        		CODE           	31DC	0000	376

/Applications/microchip/xc8/v2.36/pic/sources/c99/common/memset.c estimated size: 376

mcc_generated_files/adc.c
		_ADC_Initialize		CODE           	596E	0000	22

mcc_generated_files/adc.c estimated size: 22

mcc_generated_files/usb/usb_device_cdc.c
		_CDCTxService  		CODE           	2D2A	0000	426
		_CDCInitEP     		CODE           	522E	0000	102
		_putUSBUSART   		CODE           	5892	0000	42
		_getsUSBUSART  		CODE           	49EC	0000	184
		_USBCheckCDCRequest		CODE           	423C	0000	266

mcc_generated_files/usb/usb_device_cdc.c estimated size: 1020

mcc_generated_files/ccp2.c
		_CCP2_Initialize		CODE           	59AC	0000	18

mcc_generated_files/ccp2.c estimated size: 18

/Applications/microchip/xc8/v2.36/pic/sources/c99/common/flneg.c
		___flneg       		CODE           	570C	0000	58

/Applications/microchip/xc8/v2.36/pic/sources/c99/common/flneg.c estimated size: 58

/Applications/microchip/xc8/v2.36/pic/sources/c99/common/strspn.c
		_strspn        		CODE           	515A	0000	106

/Applications/microchip/xc8/v2.36/pic/sources/c99/common/strspn.c estimated size: 106

shared
		_configDescriptor1		SMALLCONST     	0809	0000	67
		_USB_CD_Ptr    		SMALLCONST     	0807	0000	2
		_sd001         		SMALLCONST     	084C	0000	52
		i2_TMR3_StopTimer		CODE           	59EC	0000	4
		_sd002         		SMALLCONST     	0880	0000	22
		i2_TMR3_WriteTimer		CODE           	58E4	0000	40
		i2_USBDeviceInit		CODE           	378A	0000	332
		__initialization		CODE           	5294	0000	84
		_device_dsc    		SMALLCONST     	0896	0000	18
		_USB_SD_Ptr    		SMALLCONST     	0801	0000	6
		i2_memset      		CODE           	3354	0000	374
		_sd000         		SMALLCONST     	08A8	0000	4
		i2_USBTransferOnePacket		CODE           	3C9C	0000	318

shared estimated size: 1323

/Applications/microchip/xc8/v2.36/pic/sources/c99/common/strtof.c
		_strtof        		CODE           	08CC	0000	4260

/Applications/microchip/xc8/v2.36/pic/sources/c99/common/strtof.c estimated size: 4260

mcc_generated_files/usb/usb_device_events.c
		_USER_USB_CALLBACK_EVENT_HANDLER		CODE           	4E82	0000	136

mcc_generated_files/usb/usb_device_events.c estimated size: 136

mcc_generated_files/mcc.c
		_OSCILLATOR_Initialize		CODE           	599A	0000	18
		_SYSTEM_Initialize		CODE           	57B2	0000	46

mcc_generated_files/mcc.c estimated size: 64

mcc_generated_files/tmr3.c
		_TMR3_ISR      		CODE           	55E4	0000	62
		_TMR3_Initialize		CODE           	580E	0000	44
		_TMR3_SetInterruptHandler		CODE           	59CC	0000	10
		_TMR3_StopTimer		CODE           	59E0	0000	4
		_TMR3_DefaultInterruptHandler		CODE           	59F2	0000	2
		_TMR3_WriteTimer		CODE           	5866	0000	44
		_TMR3_StartTimer		CODE           	59E8	0000	4

mcc_generated_files/tmr3.c estimated size: 170

/Applications/microchip/xc8/v2.36/pic/sources/c99/common/flge.c
		___flge        		CODE           	4556	0000	262

/Applications/microchip/xc8/v2.36/pic/sources/c99/common/flge.c estimated size: 262

mcc_generated_files/tmr1.c
		_TMR1_Initialize		CODE           	5952	0000	28

mcc_generated_files/tmr1.c estimated size: 28

/Applications/microchip/xc8/v2.36/pic/sources/c99/common/memcpy.c
		_memcpy        		CODE           	53AA	0000	80

/Applications/microchip/xc8/v2.36/pic/sources/c99/common/memcpy.c estimated size: 80

/Applications/microchip/xc8/v2.36/pic/sources/c99/common/islower.c
		_islower       		CODE           	5698	0000	58

/Applications/microchip/xc8/v2.36/pic/sources/c99/common/islower.c estimated size: 58

/Applications/microchip/xc8/v2.36/pic/sources/c99/common/sprcmul.c
		___flmul       		CODE           	1E32	0000	1068

/Applications/microchip/xc8/v2.36/pic/sources/c99/common/sprcmul.c estimated size: 1068

/Applications/microchip/xc8/v2.36/pic/sources/c99/common/Umul16.c
		___wmul        		CODE           	58BC	0000	40

/Applications/microchip/xc8/v2.36/pic/sources/c99/common/Umul16.c estimated size: 40

/Applications/microchip/xc8/v2.36/pic/sources/c99/common/sprcdiv.c
		___fldiv       		CODE           	225E	0000	924

/Applications/microchip/xc8/v2.36/pic/sources/c99/common/sprcdiv.c estimated size: 924

main.c
		_MCC_USB_READ  		CODE           	4DF8	0000	138
		_MCC_USB_WRITE 		CODE           	5984	0000	22
		_main          		CODE           	305E	0000	382

main.c estimated size: 542

/Applications/microchip/xc8/v2.36/pic/sources/c99/common/toupper.c
		_toupper       		CODE           	54DC	0000	70

/Applications/microchip/xc8/v2.36/pic/sources/c99/common/toupper.c estimated size: 70

/Applications/microchip/xc8/v2.36/pic/sources/c99/common/isxdigit.c
		_isxdigit      		CODE           	507C	0000	114

/Applications/microchip/xc8/v2.36/pic/sources/c99/common/isxdigit.c estimated size: 114

mcc_generated_files/usb/usb_device.c
		_USBCtrlTrfInHandler		CODE           	444E	0000	264
		_USBTransferOnePacket		CODE           	38D6	0000	322
		_USBDeviceAttach		CODE           	5522	0000	66
		_USBStdGetDscHandler		CODE           	34CA	0000	372
		_USBCtrlEPAllowDataStage		CODE           	4B5C	0000	180
		_USBStdFeatureReqHandler		CODE           	25FA	0000	852
		_USBCtrlEPAllowStatusStage		CODE           	465C	0000	242
		_USBCtrlTrfSetupHandler		CODE           	4D68	0000	144
		_USBCtrlTrfOutHandler		CODE           	5008	0000	116
		_USBCtrlEPServiceComplete		CODE           	3A18	0000	322
		_USBSuspend    		CODE           	57E0	0000	46
		_USBStdSetCfgHandler		CODE           	483A	0000	234
		_USBStdGetStatusHandler		CODE           	412E	0000	270
		_USBWakeFromSuspend		CODE           	55A4	0000	64
		_USBCtrlTrfRxService		CODE           	3B5A	0000	322
		_USBCtrlTrfTxService		CODE           	3F00	0000	280
		_USBEnableEndpoint		CODE           	5448	0000	76
		_USBConfigureEndpoint		CODE           	4CBC	0000	172
		_USBDeviceInit 		CODE           	363E	0000	332
		_USBIncrement1msInternalTimers		CODE           	5746	0000	54
		_USBCtrlEPService		CODE           	4AA4	0000	184
		_USBStallHandler		CODE           	52F6	0000	96
		_USBDeviceTasks		CODE           	294E	0000	548
		_USBCheckStdRequest		CODE           	3DDA	0000	294

mcc_generated_files/usb/usb_device.c estimated size: 5852

/Applications/microchip/xc8/v2.36/pic/sources/c99/common/isspace.c
		_isspace       		CODE           	5356	0000	84

/Applications/microchip/xc8/v2.36/pic/sources/c99/common/isspace.c estimated size: 84

