Microchip MPLAB XC8 Compiler V2.36

Linker command line:

-W-3 --edf=/Applications/microchip/xc8/v2.36/pic/dat/en_msgs.txt -cn \
  -h+dist/default/production/Bobinadora.X.production.sym \
  --cmf=dist/default/production/Bobinadora.X.production.cmf -z -Q18F25K50 \
  -o/tmp/xcx85jUps --defsym=__MPLAB_BUILD=1 \
  -Mdist/default/production/Bobinadora.X.production.map \
  --md=/tmp/xcsZXBM30.dat -E1 -ver=XC8 Compiler --acfsm=1493 \
  -AHEAP=0580h-07FFh -pheap=HEAP -ACODE=00h-07FFFh -ACONST=00h-07FFFh \
  -ASMALLCONST=0800h-08FFhx120 -AMEDIUMCONST=0800h-07FFFh -ACOMRAM=01h-05Fh \
  -AABS1=00h-07FFh -ABIGRAM=01h-07FFh -ARAM=060h-0FFh,0100h-01FFhx7 \
  -ABANK0=060h-0FFh -ABANK1=0100h-01FFh -ABANK2=0200h-02FFh \
  -ABANK3=0300h-03FFh -ABANK4=0400h-04FFh -ABANK5=0500h-05FFh \
  -ABANK6=0600h-06FFh -ABANK7=0700h-07FFh -ASFR=0F53h-0F5Fh,0F60h-0FFFh \
  -ABIGSFR=0F53h-0FFFh -ACONFIG=0300000h-030000Dh -AIDLOC=0200000h-0200007h \
  -AEEDATA=0F00000h-0F000FFh -peeprom_data=EEDATA \
  -preset_vec=00h,intcode=08h,intcodelo,powerup,init -pramtop=0800h \
  -psmallconst=SMALLCONST -pmediumconst=MEDIUMCONST -pconst=CONST \
  -AFARRAM=00h-00h \
  -prdata=COMRAM,nvrram=COMRAM,nvbit=COMRAM,rbss=COMRAM,rbit=COMRAM \
  -pfarbss=FARRAM,fardata=FARRAM,nvFARRAM=FARRAM \
  -pintsave_regs=BIGRAM,bigbss=BIGRAM,bigdata=BIGRAM -pbss=RAM \
  -pidata=CODE,irdata=CODE,ibigdata=CODE,ifardata=CODE -prparam=COMRAM \
  /tmp/xcOiVBIR2.o dist/default/production/Bobinadora.X.production.o 

Object code version is 3.11

Machine type is 18F25K50



                Name                               Link     Load   Length Selector   Space Scale
/tmp/xcOiVBIR2.o
                heap                                580      580      280      580       7
                idloc                            200000   200000        8        0       5
                config                           300000   300000        E        0       4
                init                                 9C       9C        4        4       0
                reset_vec                             0        0        4        0       0
dist/default/production/Bobinadora.X.production.o
                intcode                               8        8       94        4       0
                idloc                            200000   200000        8        0       5
                config                           300000   300000        E        0       4
                temp                                 55       55        1        1       1
                smallconst                          800      800       B4      400       0
                text55                             249A     249A      110      45A       0
                text54                             27C4     27C4      10A      45A       0
                text53                             28CE     28CE       F2      45A       0
                text52                             1D3C     1D3C      144      45A       0
                text51                             2F22     2F22       74      45A       0
                text50                             2CC6     2CC6       AC      45A       0
                text49                             30FC     30FC       4C      45A       0
                text48                             2104     2104      13E      45A       0
                text47                             2F96     2F96       64      45A       0
                text46                             26B8     26B8      10C      45A       0
                text45                             2E9A     2E9A       88      45A       0
                text44                              8B4      8B4      35C      45A       0
                text43                             153A     153A      174      45A       0
                text42                             25AA     25AA      10E      45A       0
                text41                             13C4     13C4      176      45A       0
                text40                             29C0     29C0       EA      45A       0
                text39                             2374     2374      126      45A       0
                text38                             2B62     2B62       B4      45A       0
                text37                             1FC2     1FC2      142      45A       0
                text36                             2E0A     2E0A       90      45A       0
                text35                             30AC     30AC       50      45A       0
                text34                             2AAA     2AAA       B8      45A       0
                text33                             3284     3284       34      45A       0
                text32                             2FFA     2FFA       60      45A       0
                text31                             32E6     32E6       2E      45A       0
                text30                             31CC     31CC       42      45A       0
                text29                             1962     1962      14C      45A       0
                text28                              E8C      E8C      228      45A       0
                text26                             16AE     16AE      168      45A       0
                text25                             1BF8     1BF8      144      45A       0
                text24                             2C16     2C16       B0      45A       0
                text23                              C10      C10      27C      45A       0
                text22                             1AAE     1AAE      14A      45A       0
                text21                             318A     318A       42      45A       0
                text20                             2242     2242      132      45A       0
                text19                             320E     320E       3C      45A       0
                text18                             1E80     1E80      142      45A       0
                text17                             10B4     10B4      198      45A       0
                text16                             3314     3314       2C      45A       0
                text15                             33B8     33B8       16      45A       0
                text14                             33A2     33A2       16      45A       0
                text13                             33F2     33F2       12      45A       0
                text12                             3412     3412        4      45A       0
                text11                             33E0     33E0       12      45A       0
                text10                             3340     3340       2A      45A       0
                text9                              33CE     33CE       12      45A       0
                text8                              3386     3386       1C      45A       0
                text7                              3404     3404        E      45A       0
                text6                              336A     336A       1C      45A       0
                text5                              3148     3148       42      45A       0
                text4                              124C     124C      178      45A       0
                text3                              1816     1816      14C      45A       0
                text2                              32B8     32B8       2E      45A       0
                text1                              305A     305A       52      45A       0
                text0                              2D72     2D72       98      45A       0
                cstackCOMRAM                          1        1       2B        1       1
                cstackBANK0                          B5       B5       34       60       1
                bssBANK1                            100      100      100      100       1
                bssBANK0                             60       60       55       60       1
                bssCOMRAM                            2C       2C       29        1       1
                cinit                              324A     324A       3A      45A       0

TOTAL           Name                               Link     Load   Length     Space
        CLASS   HEAP           
                heap                                580      580      280         7

        CLASS   CODE           
                intcode                               8        8       94         0
                init                                 9C       9C        4         0
                reset_vec                             0        0        4         0
                text55                             249A     249A      110         0
                text54                             27C4     27C4      10A         0
                text53                             28CE     28CE       F2         0
                text52                             1D3C     1D3C      144         0
                text51                             2F22     2F22       74         0
                text50                             2CC6     2CC6       AC         0
                text49                             30FC     30FC       4C         0
                text48                             2104     2104      13E         0
                text47                             2F96     2F96       64         0
                text46                             26B8     26B8      10C         0
                text45                             2E9A     2E9A       88         0
                text44                              8B4      8B4      35C         0
                text43                             153A     153A      174         0
                text42                             25AA     25AA      10E         0
                text41                             13C4     13C4      176         0
                text40                             29C0     29C0       EA         0
                text39                             2374     2374      126         0
                text38                             2B62     2B62       B4         0
                text37                             1FC2     1FC2      142         0
                text36                             2E0A     2E0A       90         0
                text35                             30AC     30AC       50         0
                text34                             2AAA     2AAA       B8         0
                text33                             3284     3284       34         0
                text32                             2FFA     2FFA       60         0
                text31                             32E6     32E6       2E         0
                text30                             31CC     31CC       42         0
                text29                             1962     1962      14C         0
                text28                              E8C      E8C      228         0
                text26                             16AE     16AE      168         0
                text25                             1BF8     1BF8      144         0
                text24                             2C16     2C16       B0         0
                text23                              C10      C10      27C         0
                text22                             1AAE     1AAE      14A         0
                text21                             318A     318A       42         0
                text20                             2242     2242      132         0
                text19                             320E     320E       3C         0
                text18                             1E80     1E80      142         0
                text17                             10B4     10B4      198         0
                text16                             3314     3314       2C         0
                text15                             33B8     33B8       16         0
                text14                             33A2     33A2       16         0
                text13                             33F2     33F2       12         0
                text12                             3412     3412        4         0
                text11                             33E0     33E0       12         0
                text10                             3340     3340       2A         0
                text9                              33CE     33CE       12         0
                text8                              3386     3386       1C         0
                text7                              3404     3404        E         0
                text6                              336A     336A       1C         0
                text5                              3148     3148       42         0
                text4                              124C     124C      178         0
                text3                              1816     1816      14C         0
                text2                              32B8     32B8       2E         0
                text1                              305A     305A       52         0
                text0                              2D72     2D72       98         0
                cinit                              324A     324A       3A         0

        CLASS   CONST          

        CLASS   SMALLCONST     
                smallconst                          800      800       B4         0

        CLASS   MEDIUMCONST    

        CLASS   COMRAM         
                temp                                 55       55        1         1
                cstackCOMRAM                          1        1       2B         1
                bssCOMRAM                            2C       2C       29         1

        CLASS   ABS1           
                abs_s1                              400      400       40         1
                abs_s1                              500      500       80         1

        CLASS   BIGRAM         

        CLASS   RAM            

        CLASS   BANK0          
                cstackBANK0                          B5       B5       34         1
                bssBANK0                             60       60       55         1

        CLASS   BANK1          
                bssBANK1                            100      100      100         1

        CLASS   BANK2          

        CLASS   BANK3          

        CLASS   BANK4          

        CLASS   BANK5          

        CLASS   BANK6          

        CLASS   BANK7          

        CLASS   SFR            

        CLASS   BIGSFR         

        CLASS   CONFIG         
                config                           300000   300000        E         4

        CLASS   IDLOC          
                idloc                            200000   200000        8         5

        CLASS   EEDATA         

        CLASS   FARRAM         

        CLASS   STACK          



SEGMENTS        Name                           Load    Length   Top    Selector   Space  Class

                cstackCOMRAM                   000001  000055  000056         1       1  COMRAM  
                reset_vec                      000000  000004  000004         0       0  CODE    
                bssBANK0                       000060  000089  0000E9        60       1  BANK0   
                bssBANK1                       000100  000100  000200       100       1  BANK1   
                text44                         0008B4  002B62  003416       45A       0  CODE    
                heap                           000580  000280  000800       580       7  HEAP    
                smallconst                     000800  0000B4  0008B4       400       0  SMALLCON
                intcode                        000008  000098  0000A0         4       0  CODE    


UNUSED ADDRESS RANGES

        Name                Unused          Largest block    Delta
        BANK0            0000E9-0000FF               17
        BANK2            000200-0002FF              100
        BANK3            000300-0003FF              100
        BANK4            000440-0004FF               C0
        BANK5            000580-0005FF               80
        BANK6            000600-0006FF              100
        BANK7            000700-0007FF              100
        BIGRAM           000056-00005F                A
                         0000E9-0000FF               17
                         000200-0003FF              200
                         000440-0004FF               C0
                         000580-0007FF              280
        BIGSFR           000F53-000FFF               AD
        CODE             000004-000007                4
                         0000A0-0007FF              760
                         003416-007FFF             4BEA
        COMRAM           000056-00005F                A
        CONST            000004-000007                4
                         0000A0-0007FF              760
                         003416-007FFF             4BEA
        EEDATA           F00000-F000FF              100
        MEDIUMCONST      003416-007FFF             4BEA
        RAM              0000E9-0000FF               17
                         000200-0003FF              100
                         000440-0004FF               C0
                         000580-0007FF              100
        SFR              000F53-000FFF                D
        SMALLCONST       003416-007FFF              100

                                  Symbol Table

?_FilaPop                                cstackBANK0  0000BF
?_USBTransferOnePacket                   cstackBANK0  0000B5
?___expand_heap                          cstackBANK0  0000B5
?___simple_search_fl                     cstackBANK0  0000B5
?_malloc                                 cstackBANK0  0000C9
?_strlen                                 cstackBANK0  0000B5
?i2_USBTransferOnePacket                 cstackCOMRAM 000001
CDCTxService@byte_to_send                cstackBANK0  0000C1
CDCTxService@i                           cstackBANK0  0000C0
FilaPop@fila                             cstackBANK0  0000BF
FilaPop@r                                cstackBANK0  0000C5
FilaPop@viejo                            cstackBANK0  0000C7
Fila_Agregar@comando                     cstackBANK0  0000D7
Fila_Agregar@fila                        cstackBANK0  0000D5
Fila_Agregar@nBytes                      cstackBANK0  0000D9
Fila_Agregar@nuevo                       cstackBANK0  0000DD
Fila_Init@fila                           cstackBANK0  0000B5
MCC_USB_WRITE@nBytes                     cstackBANK0  0000C4
MCC_USB_WRITE@str                        cstackBANK0  0000C2
USBConfigureEndpoint@EPNum               cstackCOMRAM 000006
USBConfigureEndpoint@direction           cstackCOMRAM 000001
USBConfigureEndpoint@handle              cstackCOMRAM 000007
USBCtrlTrfInHandler@lastDTS              cstackCOMRAM 000002
USBCtrlTrfRxService@byteToRead           cstackCOMRAM 000002
USBCtrlTrfRxService@i                    cstackCOMRAM 000001
USBCtrlTrfTxService@byteToSend           cstackCOMRAM 000001
USBDeviceInit@i                          cstackBANK0  0000C1
USBDeviceTasks@i                         cstackCOMRAM 00001F
USBEnableEndpoint@ep                     cstackCOMRAM 00000C
USBEnableEndpoint@options                cstackCOMRAM 000009
USBEnableEndpoint@p                      cstackCOMRAM 00000A
USBStdFeatureReqHandler@current_ep_data  cstackCOMRAM 000019
USBStdFeatureReqHandler@p                cstackCOMRAM 00001A
USBStdFeatureReqHandler@pUEP             cstackCOMRAM 000017
USBStdGetStatusHandler@p                 cstackCOMRAM 000003
USBStdSetCfgHandler@i                    cstackCOMRAM 000015
USBTransferOnePacket@data                cstackBANK0  0000B6
USBTransferOnePacket@dir                 cstackBANK0  0000B5
USBTransferOnePacket@ep                  cstackBANK0  0000BD
USBTransferOnePacket@handle              cstackBANK0  0000BE
USBTransferOnePacket@len                 cstackBANK0  0000B8
USER_USB_CALLBACK_EVENT_HANDLER@event    cstackCOMRAM 00000D
USER_USB_CALLBACK_EVENT_HANDLER@pdata    cstackCOMRAM 00000F
USER_USB_CALLBACK_EVENT_HANDLER@size     cstackCOMRAM 000011
_ACTCON                                  (abs)        000FB5
_ADCON0                                  (abs)        000FC2
_ADCON0bits                              (abs)        000FC2
_ADCON1                                  (abs)        000FC1
_ADCON2                                  (abs)        000FC0
_ADC_Initialize                          text14       0033A2
_ADC_InterruptHandler                    bssBANK0     00009C
_ADRESH                                  (abs)        000FC4
_ADRESL                                  (abs)        000FC3
_ANSELA                                  (abs)        000F5B
_ANSELB                                  (abs)        000F5C
_ANSELC                                  (abs)        000F5D
_BDT                                     (abs)        000400
_BaudRateGen                             bssBANK0     000088
_BothEP0OutUOWNsSet                      bssCOMRAM    00004B
_CCP2CON                                 (abs)        000F97
_CCP2_Initialize                         text13       0033F2
_CCPR2H                                  (abs)        000F91
_CCPR2L                                  (abs)        000F90
_CCPTMRSbits                             (abs)        000F59
_CDCDataInHandle                         bssBANK0     0000A0
_CDCDataOutHandle                        bssCOMRAM    000038
_CDCInitEP                               text47       002F96
_CDCTxService                            text17       0010B4
_CtrlTrfData                             (abs)        000438
_EEADR                                   (abs)        000FA9
_EECON1bits                              (abs)        000FA6
_EECON2                                  (abs)        000FA7
_EEDATA                                  (abs)        000FA8
_FilaPop                                 text25       001BF8
_Fila_Agregar                            text20       002242
_Fila_Init                               text19       00320E
_INTCON2bits                             (abs)        000FF1
_INTCONbits                              (abs)        000FF2
_INTERRUPT_Initialize                    text12       003412
_INTERRUPT_InterruptManager              intcode      000008
_IPR3bits                                (abs)        000FA5
_LATA                                    (abs)        000F89
_LATB                                    (abs)        000F8A
_LATC                                    (abs)        000F8B
_MCC_USB_WRITE                           text15       0033B8
_OSCCON                                  (abs)        000FD3
_OSCCON2                                 (abs)        000FD2
_OSCILLATOR_Initialize                   text11       0033E0
_OSCTUNE                                 (abs)        000F9B
_PIE3bits                                (abs)        000FA3
_PIN_MANAGER_Initialize                  text10       003340
_PIR1bits                                (abs)        000F9E
_PIR2bits                                (abs)        000FA1
_PIR3bits                                (abs)        000FA4
_PR2                                     (abs)        000FBB
_RCONbits                                (abs)        000FD0
_RemoteWakeup                            bssCOMRAM    00004D
_SYSTEM_Initialize                       text2        0032B8
_SetupPkt                                (abs)        000430
_T0CON                                   (abs)        000FD5
_T0CONbits                               (abs)        000FD5
_T1CON                                   (abs)        000FCD
_T1CONbits                               (abs)        000FCD
_T1GCON                                  (abs)        000FCC
_T1GCONbits                              (abs)        000FCC
_T2CON                                   (abs)        000FBA
_T2CONbits                               (abs)        000FBA
_T3CON                                   (abs)        000FB1
_T3CONbits                               (abs)        000FB1
_T3GCON                                  (abs)        000FB4
_T3GCONbits                              (abs)        000FB4
_TABLAT                                  (abs)        000FF5
_TBLPTRH                                 (abs)        000FF7
_TBLPTRL                                 (abs)        000FF6
_TBLPTRU                                 (abs)        000FF8
_TMR0H                                   (abs)        000FD7
_TMR0L                                   (abs)        000FD6
_TMR0_Initialize                         text9        0033CE
_TMR1                                    (abs)        000FCE
_TMR1H                                   (abs)        000FCF
_TMR1L                                   (abs)        000FCE
_TMR1_Initialize                         text8        003386
_TMR2                                    (abs)        000FBC
_TMR2_Initialize                         text7        003404
_TMR3                                    (abs)        000FB2
_TMR3H                                   (abs)        000FB3
_TMR3L                                   (abs)        000FB2
_TMR3_Initialize                         text6        00336A
_TRISA                                   (abs)        000F92
_TRISB                                   (abs)        000F93
_TRISC                                   (abs)        000F94
_UADDR                                   (abs)        000F63
_UCFG                                    (abs)        000F62
_UCON                                    (abs)        000F60
_UCONbits                                (abs)        000F60
_UEIE                                    (abs)        000F66
_UEIR                                    (abs)        000F67
_UEP0                                    (abs)        000F6A
_UEP0bits                                (abs)        000F6A
_UEP1                                    (abs)        000F6B
_UIE                                     (abs)        000F64
_UIEbits                                 (abs)        000F64
_UIR                                     (abs)        000F65
_UIRbits                                 (abs)        000F65
_USB1msTickCount                         bssCOMRAM    00002C
_USBActiveConfiguration                  bssCOMRAM    000054
_USBAlternateInterface                   bssCOMRAM    000051
_USBBusIsSuspended                       bssBANK0     0000A5
_USBCheckCDCRequest                      text46       0026B8
_USBCheckStdRequest                      text39       002374
_USBConfigureEndpoint                    text50       002CC6
_USBCtrlEPAllowDataStage                 text38       002B62
_USBCtrlEPAllowStatusStage               text53       0028CE
_USBCtrlEPService                        text34       002AAA
_USBCtrlEPServiceComplete                text37       001FC2
_USBCtrlTrfInHandler                     text54       0027C4
_USBCtrlTrfOutHandler                    text51       002F22
_USBCtrlTrfRxService                     text52       001D3C
_USBCtrlTrfSetupHandler                  text36       002E0A
_USBCtrlTrfTxService                     text55       00249A
_USBDeferINDataStagePackets              bssCOMRAM    000046
_USBDeferOUTDataStagePackets             bssCOMRAM    000045
_USBDeferStatusStagePacket               bssCOMRAM    000049
_USBDeviceAttach                         text5        003148
_USBDeviceInit                           text3        001816
_USBDeviceState                          bssCOMRAM    000050
_USBDeviceTasks                          text28       000E8C
_USBEnableEndpoint                       text49       0030FC
_USBIncrement1msInternalTimers           text33       003284
_USBStallHandler                         text32       002FFA
_USBStatusStageEnabledFlag1              bssCOMRAM    000048
_USBStatusStageEnabledFlag2              bssCOMRAM    000047
_USBStatusStageTimeoutCounter            bssCOMRAM    00004A
_USBStdFeatureReqHandler                 text44       0008B4
_USBStdGetDscHandler                     text43       00153A
_USBStdGetStatusHandler                  text42       0025AA
_USBStdSetCfgHandler                     text40       0029C0
_USBSuspend                              text31       0032E6
_USBTicksSinceSuspendEnd                 bssBANK0     0000A4
_USBTransferOnePacket                    text18       001E80
_USBWakeFromSuspend                      text30       0031CC
_USB_CD_Ptr                              smallconst   000807
_USB_SD_Ptr                              smallconst   000801
_USER_USB_CALLBACK_EVENT_HANDLER         text45       002E9A
_USTAT                                   (abs)        000F61
_USTATcopy                               bssCOMRAM    000053
_WPUB                                    (abs)        000F85
__HRAM                                   (abs)        000000
__Habs1                                  abs1         000000
__Hbank0                                 bank0        000000
__Hbank1                                 bank1        000000
__Hbank2                                 bank2        000000
__Hbank3                                 bank3        000000
__Hbank4                                 bank4        000000
__Hbank5                                 bank5        000000
__Hbank6                                 bank6        000000
__Hbank7                                 bank7        000000
__Hbigbss                                bigbss       000000
__Hbigdata                               bigdata      000000
__Hbigram                                bigram       000000
__Hbigsfr                                bigsfr       000000
__Hbss                                   bss          000000
__HbssBANK0                              bssBANK0     000000
__HbssBANK1                              bssBANK1     000000
__HbssCOMRAM                             bssCOMRAM    000000
__Hcinit                                 cinit        000000
__Hclrtext                               clrtext      000000
__Hcomram                                comram       000000
__Hconfig                                config       30000E
__Hconst                                 const        000000
__HcstackBANK0                           cstackBANK0  000000
__HcstackCOMRAM                          cstackCOMRAM 000000
__Hdata                                  data         000000
__Heeprom_data                           eeprom_data  000000
__Hfarbss                                farbss       000000
__Hfardata                               fardata      000000
__Hheap                                  heap         000800
__Hibigdata                              ibigdata     000000
__Hidata                                 idata        000000
__Hidloc                                 idloc        200008
__Hifardata                              ifardata     000000
__Hinit                                  init         0000A0
__Hintcode                               intcode      00009C
__Hintcode_body                          intcode_body 000000
__Hintcodelo                             intcodelo    00009C
__Hintentry                              intentry     000000
__Hintret                                intret       000000
__Hintsave_regs                          intsave_regs 000000
__Hirdata                                irdata       000000
__Hmediumconst                           mediumconst  000000
__HnvFARRAM                              nvFARRAM     000000
__Hnvbit                                 nvbit        000000
__Hnvrram                                nvrram       000000
__Hparam                                 rparam       000000
__Hpowerup                               powerup      00009C
__Hram                                   ram          000000
__Hramtop                                ramtop       000800
__Hrbit                                  rbit         000000
__Hrbss                                  rbss         000000
__Hrdata                                 rdata        000000
__Hreset_vec                             reset_vec    000004
__Hrparam                                rparam       000000
__Hsfr                                   sfr          000000
__Hsmallconst                            smallconst   0008B4
__Hspace_0                               (abs)        003416
__Hspace_1                               (abs)        000200
__Hspace_2                               (abs)        000000
__Hspace_4                               (abs)        60000E
__Hstack                                 stack        000000
__Hstruct                                struct       000000
__Htemp                                  temp         000056
__Htext                                  text         000000
__Htext0                                 text0        000000
__Htext1                                 text1        000000
__Htext10                                text10       000000
__Htext11                                text11       000000
__Htext12                                text12       000000
__Htext13                                text13       000000
__Htext14                                text14       000000
__Htext15                                text15       000000
__Htext16                                text16       000000
__Htext17                                text17       000000
__Htext18                                text18       000000
__Htext19                                text19       000000
__Htext2                                 text2        000000
__Htext20                                text20       000000
__Htext21                                text21       000000
__Htext22                                text22       000000
__Htext23                                text23       000000
__Htext24                                text24       000000
__Htext25                                text25       000000
__Htext26                                text26       000000
__Htext28                                text28       000000
__Htext29                                text29       000000
__Htext3                                 text3        000000
__Htext30                                text30       000000
__Htext31                                text31       000000
__Htext32                                text32       000000
__Htext33                                text33       000000
__Htext34                                text34       000000
__Htext35                                text35       000000
__Htext36                                text36       000000
__Htext37                                text37       000000
__Htext38                                text38       000000
__Htext39                                text39       000000
__Htext4                                 text4        000000
__Htext40                                text40       000000
__Htext41                                text41       000000
__Htext42                                text42       000000
__Htext43                                text43       000000
__Htext44                                text44       000000
__Htext45                                text45       000000
__Htext46                                text46       000000
__Htext47                                text47       000000
__Htext48                                text48       000000
__Htext49                                text49       000000
__Htext5                                 text5        000000
__Htext50                                text50       000000
__Htext51                                text51       000000
__Htext52                                text52       000000
__Htext53                                text53       000000
__Htext54                                text54       000000
__Htext55                                text55       000000
__Htext6                                 text6        000000
__Htext7                                 text7        000000
__Htext8                                 text8        000000
__Htext9                                 text9        000000
__LRAM                                   (abs)        000001
__Labs1                                  abs1         000000
__Lbank0                                 bank0        000000
__Lbank1                                 bank1        000000
__Lbank2                                 bank2        000000
__Lbank3                                 bank3        000000
__Lbank4                                 bank4        000000
__Lbank5                                 bank5        000000
__Lbank6                                 bank6        000000
__Lbank7                                 bank7        000000
__Lbigbss                                bigbss       000000
__Lbigdata                               bigdata      000000
__Lbigram                                bigram       000000
__Lbigsfr                                bigsfr       000000
__Lbss                                   bss          000000
__LbssBANK0                              bssBANK0     000000
__LbssBANK1                              bssBANK1     000000
__LbssCOMRAM                             bssCOMRAM    000000
__Lcinit                                 cinit        000000
__Lclrtext                               clrtext      000000
__Lcomram                                comram       000000
__Lconfig                                config       000000
__Lconst                                 const        000000
__LcstackBANK0                           cstackBANK0  000000
__LcstackCOMRAM                          cstackCOMRAM 000000
__Ldata                                  data         000000
__Leeprom_data                           eeprom_data  000000
__Lfarbss                                farbss       000000
__Lfardata                               fardata      000000
__Lheap                                  heap         000580
__Libigdata                              ibigdata     000000
__Lidata                                 idata        000000
__Lidloc                                 idloc        000000
__Lifardata                              ifardata     000000
__Linit                                  init         00009C
__Lintcode                               intcode      000008
__Lintcode_body                          intcode_body 000000
__Lintcodelo                             intcodelo    00009C
__Lintentry                              intentry     000000
__Lintret                                intret       000000
__Lintsave_regs                          intsave_regs 000000
__Lirdata                                irdata       000000
__Lmediumconst                           mediumconst  000000
__LnvFARRAM                              nvFARRAM     000000
__Lnvbit                                 nvbit        000000
__Lnvrram                                nvrram       000000
__Lparam                                 rparam       000000
__Lpowerup                               powerup      00009C
__Lram                                   ram          000000
__Lramtop                                ramtop       000800
__Lrbit                                  rbit         000000
__Lrbss                                  rbss         000000
__Lrdata                                 rdata        000000
__Lreset_vec                             reset_vec    000000
__Lrparam                                rparam       000000
__Lsfr                                   sfr          000000
__Lsmallconst                            smallconst   000800
__Lspace_0                               (abs)        000000
__Lspace_1                               (abs)        000000
__Lspace_2                               (abs)        000000
__Lspace_4                               (abs)        000000
__Lstack                                 stack        000000
__Lstruct                                struct       000000
__Ltemp                                  temp         000055
__Ltext                                  text         000000
__Ltext0                                 text0        000000
__Ltext1                                 text1        000000
__Ltext10                                text10       000000
__Ltext11                                text11       000000
__Ltext12                                text12       000000
__Ltext13                                text13       000000
__Ltext14                                text14       000000
__Ltext15                                text15       000000
__Ltext16                                text16       000000
__Ltext17                                text17       000000
__Ltext18                                text18       000000
__Ltext19                                text19       000000
__Ltext2                                 text2        000000
__Ltext20                                text20       000000
__Ltext21                                text21       000000
__Ltext22                                text22       000000
__Ltext23                                text23       000000
__Ltext24                                text24       000000
__Ltext25                                text25       000000
__Ltext26                                text26       000000
__Ltext28                                text28       000000
__Ltext29                                text29       000000
__Ltext3                                 text3        000000
__Ltext30                                text30       000000
__Ltext31                                text31       000000
__Ltext32                                text32       000000
__Ltext33                                text33       000000
__Ltext34                                text34       000000
__Ltext35                                text35       000000
__Ltext36                                text36       000000
__Ltext37                                text37       000000
__Ltext38                                text38       000000
__Ltext39                                text39       000000
__Ltext4                                 text4        000000
__Ltext40                                text40       000000
__Ltext41                                text41       000000
__Ltext42                                text42       000000
__Ltext43                                text43       000000
__Ltext44                                text44       000000
__Ltext45                                text45       000000
__Ltext46                                text46       000000
__Ltext47                                text47       000000
__Ltext48                                text48       000000
__Ltext49                                text49       000000
__Ltext5                                 text5        000000
__Ltext50                                text50       000000
__Ltext51                                text51       000000
__Ltext52                                text52       000000
__Ltext53                                text53       000000
__Ltext54                                text54       000000
__Ltext55                                text55       000000
__Ltext6                                 text6        000000
__Ltext7                                 text7        000000
__Ltext8                                 text8        000000
__Ltext9                                 text9        000000
__S0                                     (abs)        003416
__S1                                     (abs)        000200
__S4                                     (abs)        000000
__S5                                     (abs)        000000
__S7                                     (abs)        000800
___expand_heap                           text24       002C16
___expand_heap@n                         cstackBANK0  0000B9
___expand_heap@new_brkp                  cstackBANK0  0000BB
___expand_heap@pn                        cstackBANK0  0000B5
___freelist                              bssCOMRAM    000034
___heap_hi                               heap         000800
___heap_lo                               heap         000580
___inthi_sp                              stack        000000
___intlo_sp                              stack        000000
___param_bank                            (abs)        000000
___rparam_used                           (abs)        000001
___simple_search_fl                      text23       000C10
___simple_search_fl@best                 cstackBANK0  0000C7
___simple_search_fl@best_last            cstackBANK0  0000BD
___simple_search_fl@c                    cstackBANK0  0000C5
___simple_search_fl@last                 cstackBANK0  0000C1
___simple_search_fl@n                    cstackBANK0  0000B5
___simple_search_fl@next                 cstackBANK0  0000C3
___simple_search_fl@remaining_size       cstackBANK0  0000BB
___simple_search_fl@split                cstackBANK0  0000BF
___sp                                    stack        000000
__accesstop                              (abs)        000060
__activetblptr                           (abs)        000002
__end_of_ADC_Initialize                  text14       0033B8
__end_of_CCP2_Initialize                 text13       003404
__end_of_CDCInitEP                       text47       002FFA
__end_of_CDCTxService                    text17       00124C
__end_of_FilaPop                         text25       001D3C
__end_of_Fila_Agregar                    text20       002374
__end_of_Fila_Init                       text19       00324A
__end_of_INTERRUPT_Initialize            text12       003416
__end_of_INTERRUPT_InterruptManager      intcode      00009C
__end_of_MCC_USB_WRITE                   text15       0033CE
__end_of_OSCILLATOR_Initialize           text11       0033F2
__end_of_PIN_MANAGER_Initialize          text10       00336A
__end_of_SYSTEM_Initialize               text2        0032E6
__end_of_TMR0_Initialize                 text9        0033E0
__end_of_TMR1_Initialize                 text8        0033A2
__end_of_TMR2_Initialize                 text7        003412
__end_of_TMR3_Initialize                 text6        003386
__end_of_USBCheckCDCRequest              text46       0027C4
__end_of_USBCheckStdRequest              text39       00249A
__end_of_USBConfigureEndpoint            text50       002D72
__end_of_USBCtrlEPAllowDataStage         text38       002C16
__end_of_USBCtrlEPAllowStatusStage       text53       0029C0
__end_of_USBCtrlEPService                text34       002B62
__end_of_USBCtrlEPServiceComplete        text37       002104
__end_of_USBCtrlTrfInHandler             text54       0028CE
__end_of_USBCtrlTrfOutHandler            text51       002F96
__end_of_USBCtrlTrfRxService             text52       001E80
__end_of_USBCtrlTrfSetupHandler          text36       002E9A
__end_of_USBCtrlTrfTxService             text55       0025AA
__end_of_USBDeviceAttach                 text5        00318A
__end_of_USBDeviceInit                   text3        001962
__end_of_USBDeviceTasks                  text28       0010B4
__end_of_USBEnableEndpoint               text49       003148
__end_of_USBIncrement1msInternalTimers   text33       0032B8
__end_of_USBStallHandler                 text32       00305A
__end_of_USBStdFeatureReqHandler         text44       000C10
__end_of_USBStdGetDscHandler             text43       0016AE
__end_of_USBStdGetStatusHandler          text42       0026B8
__end_of_USBStdSetCfgHandler             text40       002AAA
__end_of_USBSuspend                      text31       003314
__end_of_USBTransferOnePacket            text18       001FC2
__end_of_USBWakeFromSuspend              text30       00320E
__end_of_USB_CD_Ptr                      smallconst   000809
__end_of_USB_SD_Ptr                      smallconst   000807
__end_of_USER_USB_CALLBACK_EVENT_HANDLER text45       002F22
__end_of___expand_heap                   text24       002CC6
__end_of___simple_search_fl              text23       000E8C
__end_of__initialization                 cinit        003276
__end_of_configDescriptor1               smallconst   00084C
__end_of_device_dsc                      smallconst   0008A8
__end_of_free                            text26       001816
__end_of_main                            text0        002E0A
__end_of_malloc                          text22       001BF8
__end_of_memcpy                          text35       0030FC
__end_of_memset                          text4        0013C4
__end_of_putUSBUSART                     text16       003340
__end_of_sd000                           smallconst   0008AC
__end_of_sd001                           smallconst   000880
__end_of_sd002                           smallconst   000896
__end_of_strcpy                          text21       0031CC
__end_of_strlen                          text1        0030AC
__end_ofi2_USBDeviceInit                 text29       001AAE
__end_ofi2_USBTransferOnePacket          text48       002242
__end_ofi2_memset                        text41       00153A
__initialization                         cinit        00324A
__mediumconst                            mediumconst  000000
__pbssBANK0                              bssBANK0     000060
__pbssBANK1                              bssBANK1     000100
__pbssCOMRAM                             bssCOMRAM    00002C
__pcinit                                 cinit        00324A
__pcstackBANK0                           cstackBANK0  0000B5
__pcstackCOMRAM                          cstackCOMRAM 000001
__pintcode                               intcode      000008
__psmallconst                            smallconst   000800
__ptext0                                 text0        002D72
__ptext1                                 text1        00305A
__ptext10                                text10       003340
__ptext11                                text11       0033E0
__ptext12                                text12       003412
__ptext13                                text13       0033F2
__ptext14                                text14       0033A2
__ptext15                                text15       0033B8
__ptext16                                text16       003314
__ptext17                                text17       0010B4
__ptext18                                text18       001E80
__ptext19                                text19       00320E
__ptext2                                 text2        0032B8
__ptext20                                text20       002242
__ptext21                                text21       00318A
__ptext22                                text22       001AAE
__ptext23                                text23       000C10
__ptext24                                text24       002C16
__ptext25                                text25       001BF8
__ptext26                                text26       0016AE
__ptext28                                text28       000E8C
__ptext29                                text29       001962
__ptext3                                 text3        001816
__ptext30                                text30       0031CC
__ptext31                                text31       0032E6
__ptext32                                text32       002FFA
__ptext33                                text33       003284
__ptext34                                text34       002AAA
__ptext35                                text35       0030AC
__ptext36                                text36       002E0A
__ptext37                                text37       001FC2
__ptext38                                text38       002B62
__ptext39                                text39       002374
__ptext4                                 text4        00124C
__ptext40                                text40       0029C0
__ptext41                                text41       0013C4
__ptext42                                text42       0025AA
__ptext43                                text43       00153A
__ptext44                                text44       0008B4
__ptext45                                text45       002E9A
__ptext46                                text46       0026B8
__ptext47                                text47       002F96
__ptext48                                text48       002104
__ptext49                                text49       0030FC
__ptext5                                 text5        003148
__ptext50                                text50       002CC6
__ptext51                                text51       002F22
__ptext52                                text52       001D3C
__ptext53                                text53       0028CE
__ptext54                                text54       0027C4
__ptext55                                text55       00249A
__ptext6                                 text6        00336A
__ptext7                                 text7        003404
__ptext8                                 text8        003386
__ptext9                                 text9        0033CE
__ramtop                                 ramtop       000800
__smallconst                             smallconst   000800
_brkp                                    bssCOMRAM    000030
_cdc_data_rx                             (abs)        000540
_cdc_data_tx                             (abs)        000500
_cdc_mem_type                            bssBANK0     0000A2
_cdc_notice                              bssBANK0     000060
_cdc_rx_len                              bssCOMRAM    000044
_cdc_trf_state                           bssCOMRAM    000043
_cdc_tx_len                              bssBANK0     0000A3
_configDescriptor1                       smallconst   000809
_controlTransferState                    bssCOMRAM    00004E
_control_signal_bitmap                   bssCOMRAM    000042
_device_dsc                              smallconst   000896
_dummy_encapsulated_cmd_response         bssBANK0     0000A6
_endpoint_number                         bssCOMRAM    00004C
_ep_data_in                              bssBANK0     000095
_ep_data_out                             bssBANK0     000092
_errno                                   bssBANK0     000098
_free                                    text26       0016AE
_inPipes                                 bssBANK0     000072
_line_coding                             bssBANK0     0000AE
_main                                    text0        002D72
_malloc                                  text22       001AAE
_memcpy                                  text35       0030AC
_memset                                  text4        00124C
_numBytesRead                            bssCOMRAM    000040
_outPipes                                bssBANK0     00006A
_pBDTEntryEP0OutCurrent                  bssCOMRAM    00003E
_pBDTEntryEP0OutNext                     bssCOMRAM    00003C
_pBDTEntryIn                             bssBANK0     000078
_pBDTEntryOut                            bssBANK0     00007E
_pCDCDst                                 bssBANK0     00008C
_pCDCSrc                                 bssBANK0     00008F
_pDst                                    bssCOMRAM    00003A
_putUSBUSART                             text16       003314
_readBuffer                              bssBANK1     0001C0
_readBuffer@main$F3496                   bssBANK1     000140
_sd000                                   smallconst   0008A8
_sd001                                   smallconst   00084C
_sd002                                   smallconst   000880
_shortPacketStatus                       bssCOMRAM    00004F
_strcpy                                  text21       00318A
_strlen                                  text1        00305A
_timer0ReloadVal                         bssCOMRAM    000041
_timer1ReloadVal                         bssBANK0     00009E
_timer3ReloadVal                         bssCOMRAM    000036
_writeBuffer                             bssBANK1     000180
_writeBuffer@main$F3497                  bssBANK1     000100
btemp                                    temp         000055
end_of_initialization                    cinit        003276
free@c                                   cstackBANK0  0000BD
free@cptr                                cstackBANK0  0000BB
free@ptr                                 cstackBANK0  0000B5
i2USBDeviceInit@i                        cstackCOMRAM 00000D
i2USBTransferOnePacket@data              cstackCOMRAM 000002
i2USBTransferOnePacket@dir               cstackCOMRAM 000001
i2USBTransferOnePacket@ep                cstackCOMRAM 000009
i2USBTransferOnePacket@handle            cstackCOMRAM 00000A
i2USBTransferOnePacket@len               cstackCOMRAM 000004
i2_USBDeviceInit                         text29       001962
i2_USBTransferOnePacket                  text48       002104
i2_memset                                text41       0013C4
i2memset@c                               cstackCOMRAM 000003
i2memset@dest                            cstackCOMRAM 000001
i2memset@k                               cstackCOMRAM 000009
i2memset@n                               cstackCOMRAM 000005
i2memset@s                               cstackCOMRAM 00000B
int$flags                                temp         000055
intlevel0                                text         000000
intlevel1                                text         000000
intlevel2                                text         000000
intlevel3                                text         000000
isa$std                                  (abs)        000001
isa$xinst                                (abs)        000000
main@CommandList                         cstackBANK0  0000E3
main@send                                cstackBANK0  0000E1
malloc@cur                               bssCOMRAM    000032
malloc@end                               bssBANK0     00009A
malloc@lock                              bssBANK0     000084
malloc@m                                 cstackBANK0  0000CD
malloc@n                                 cstackBANK0  0000C9
malloc@new                               cstackBANK0  0000D3
malloc@p                                 cstackBANK0  0000D1
malloc@sz                                cstackBANK0  0000CF
memcpy@d                                 cstackCOMRAM 000007
memcpy@d1                                cstackCOMRAM 000001
memcpy@n                                 cstackCOMRAM 000005
memcpy@s                                 cstackCOMRAM 000009
memcpy@s1                                cstackCOMRAM 000003
memcpy@tmp                               cstackCOMRAM 00000B
memset@c                                 cstackBANK0  0000B7
memset@dest                              cstackBANK0  0000B5
memset@k                                 cstackBANK0  0000BD
memset@n                                 cstackBANK0  0000B9
memset@s                                 cstackBANK0  0000BF
putUSBUSART@data                         cstackBANK0  0000B5
putUSBUSART@length                       cstackBANK0  0000B7
stackhi                                  (abs)        000000
stacklo                                  (abs)        000000
start                                    init         00009C
start_initialization                     cinit        00324A
strcpy@d                                 cstackBANK0  0000BB
strcpy@dest                              cstackBANK0  0000B5
strcpy@s                                 cstackBANK0  0000B9
strcpy@src                               cstackBANK0  0000B7
strlen@a                                 cstackBANK0  0000B7
strlen@s                                 cstackBANK0  0000B5
ttemp5                                   temp         000056
ttemp6                                   temp         000059
ttemp7                                   temp         00005D
wtemp8                                   temp         000056


MODULE INFORMATION

Module		Function		Class		Link	Load	Size
fila.c
		_FilaPop       		CODE           	1BF8	0000	324
		_Fila_Init     		CODE           	320E	0000	60
		_Fila_Agregar  		CODE           	2242	0000	306

fila.c estimated size: 690

mcc_generated_files/tmr2.c
		_TMR2_Initialize		CODE           	3404	0000	14

mcc_generated_files/tmr2.c estimated size: 14

mcc_generated_files/interrupt_manager.c
		_INTERRUPT_Initialize		CODE           	3412	0000	4
		_INTERRUPT_InterruptManager		CODE           	0008	0000	148

mcc_generated_files/interrupt_manager.c estimated size: 152

mcc_generated_files/tmr0.c
		_TMR0_Initialize		CODE           	33CE	0000	18

mcc_generated_files/tmr0.c estimated size: 18

mcc_generated_files/pin_manager.c
		_PIN_MANAGER_Initialize		CODE           	3340	0000	42

mcc_generated_files/pin_manager.c estimated size: 42

/Applications/microchip/xc8/v2.36/pic/sources/c99/common/strlen.c
		_strlen        		CODE           	305A	0000	82

/Applications/microchip/xc8/v2.36/pic/sources/c99/common/strlen.c estimated size: 82

/Applications/microchip/xc8/v2.36/pic/sources/c99/common/strcpy.c
		_strcpy        		CODE           	318A	0000	66

/Applications/microchip/xc8/v2.36/pic/sources/c99/common/strcpy.c estimated size: 66

/Applications/microchip/xc8/v2.36/pic/sources/c99/common/memset.c
		_memset        		CODE           	124C	0000	376

/Applications/microchip/xc8/v2.36/pic/sources/c99/common/memset.c estimated size: 376

/Applications/microchip/xc8/v2.36/pic/sources/c99/common/expand_heap.c
		___expand_heap 		CODE           	2C16	0000	176

/Applications/microchip/xc8/v2.36/pic/sources/c99/common/expand_heap.c estimated size: 176

mcc_generated_files/adc.c
		_ADC_Initialize		CODE           	33A2	0000	22

mcc_generated_files/adc.c estimated size: 22

mcc_generated_files/usb/usb_device_cdc.c
		_CDCTxService  		CODE           	10B4	0000	408
		_CDCInitEP     		CODE           	2F96	0000	100
		_putUSBUSART   		CODE           	3314	0000	44
		_USBCheckCDCRequest		CODE           	26B8	0000	268

mcc_generated_files/usb/usb_device_cdc.c estimated size: 820

mcc_generated_files/ccp2.c
		_CCP2_Initialize		CODE           	33F2	0000	18

mcc_generated_files/ccp2.c estimated size: 18

/Applications/microchip/xc8/v2.36/pic/sources/c99/common/lite_malloc.c
		_malloc        		CODE           	1AAE	0000	330

/Applications/microchip/xc8/v2.36/pic/sources/c99/common/lite_malloc.c estimated size: 330

shared
		_configDescriptor1		SMALLCONST     	0809	0000	67
		_USB_CD_Ptr    		SMALLCONST     	0807	0000	2
		_sd001         		SMALLCONST     	084C	0000	52
		_sd002         		SMALLCONST     	0880	0000	22
		i2_USBDeviceInit		CODE           	1962	0000	332
		__initialization		CODE           	324A	0000	44
		_device_dsc    		SMALLCONST     	0896	0000	18
		_USB_SD_Ptr    		SMALLCONST     	0801	0000	6
		i2_memset      		CODE           	13C4	0000	374
		_sd000         		SMALLCONST     	08A8	0000	4
		i2_USBTransferOnePacket		CODE           	2104	0000	318

shared estimated size: 1239

/Applications/microchip/xc8/v2.36/pic/sources/c99/common/lite_free.c
		___simple_search_fl		CODE           	0C10	0000	636
		_free          		CODE           	16AE	0000	360

/Applications/microchip/xc8/v2.36/pic/sources/c99/common/lite_free.c estimated size: 996

mcc_generated_files/usb/usb_device_events.c
		_USER_USB_CALLBACK_EVENT_HANDLER		CODE           	2E9A	0000	136

mcc_generated_files/usb/usb_device_events.c estimated size: 136

mcc_generated_files/mcc.c
		_OSCILLATOR_Initialize		CODE           	33E0	0000	18
		_SYSTEM_Initialize		CODE           	32B8	0000	46

mcc_generated_files/mcc.c estimated size: 64

mcc_generated_files/tmr3.c
		_TMR3_Initialize		CODE           	336A	0000	28

mcc_generated_files/tmr3.c estimated size: 28

mcc_generated_files/tmr1.c
		_TMR1_Initialize		CODE           	3386	0000	28

mcc_generated_files/tmr1.c estimated size: 28

/Applications/microchip/xc8/v2.36/pic/sources/c99/common/memcpy.c
		_memcpy        		CODE           	30AC	0000	80

/Applications/microchip/xc8/v2.36/pic/sources/c99/common/memcpy.c estimated size: 80

main.c
		_MCC_USB_WRITE 		CODE           	33B8	0000	22
		_main          		CODE           	2D72	0000	152

main.c estimated size: 174

mcc_generated_files/usb/usb_device.c
		_USBCtrlTrfInHandler		CODE           	27C4	0000	266
		_USBTransferOnePacket		CODE           	1E80	0000	322
		_USBDeviceAttach		CODE           	3148	0000	66
		_USBStdGetDscHandler		CODE           	153A	0000	372
		_USBCtrlEPAllowDataStage		CODE           	2B62	0000	180
		_USBStdFeatureReqHandler		CODE           	08B4	0000	860
		_USBCtrlEPAllowStatusStage		CODE           	28CE	0000	242
		_USBCtrlTrfSetupHandler		CODE           	2E0A	0000	144
		_USBCtrlTrfOutHandler		CODE           	2F22	0000	116
		_USBCtrlEPServiceComplete		CODE           	1FC2	0000	322
		_USBSuspend    		CODE           	32E6	0000	46
		_USBStdSetCfgHandler		CODE           	29C0	0000	234
		_USBStdGetStatusHandler		CODE           	25AA	0000	270
		_USBWakeFromSuspend		CODE           	31CC	0000	66
		_USBCtrlTrfRxService		CODE           	1D3C	0000	324
		_USBCtrlTrfTxService		CODE           	249A	0000	272
		_USBEnableEndpoint		CODE           	30FC	0000	76
		_USBConfigureEndpoint		CODE           	2CC6	0000	172
		_USBDeviceInit 		CODE           	1816	0000	332
		_USBIncrement1msInternalTimers		CODE           	3284	0000	52
		_USBCtrlEPService		CODE           	2AAA	0000	184
		_USBStallHandler		CODE           	2FFA	0000	96
		_USBDeviceTasks		CODE           	0E8C	0000	552
		_USBCheckStdRequest		CODE           	2374	0000	294

mcc_generated_files/usb/usb_device.c estimated size: 5860

